10.1.1.28 - c3 [30/Jun/2017:12:57:48 +0100] "GET /api/mpsl/monitor/smq/qlen.json HTTP/1.1" 200 122 "-" "curl/7.26.0" urt="0.011" 156 0.011
10.1.1.28 - c3 [30/Jun/2017:12:58:18 +0100] "GET /api/mpsl/monitor/smq/qlen.json HTTP/1.1" 200 122 "-" "curl/7.26.0" urt="0.010" 156 0.010
10.1.1.28 - c3 [30/Jun/2017:12:58:47 +0100] "GET /api/mpsl/monitor/smq/qlen.json HTTP/1.1" 200 122 "-" "curl/7.26.0" urt="0.009" 156 0.009
10.2.97.78 - c1.prd [30/Jun/2017:12:58:52 +0100] "GET /api/mpsl/goo/10.1.183.50/1/2/9/18.xml?no_http_errors=1 HTTP/1.1" 200 1008 "-" "BW-HTTPClient/5.4" urt="11.375" 384 11.376
10.1.1.28 - c3 [30/Jun/2017:12:59:17 +0100] "GET /api/mpsl/monitor/smq/qlen.json HTTP/1.1" 200 122 "-" "curl/7.26.0" urt="0.010" 156 0.010
10.1.1.28 - c3 [30/Jun/2017:12:59:47 +0100] "GET /api/mpsl/monitor/smq/qlen.json HTTP/1.1" 200 122 "-" "curl/7.26.0" urt="0.010" 156 0.010
10.2.97.79 - c1.prd [30/Jun/2017:12:59:58 +0100] "GET /api/mpsl/goo/10.138.130.45/1/1/14/26.xml?no_http_errors=1 HTTP/1.1" 200 1008 "-" "BW-HTTPClient/5.4" urt="2.604" 385 2.606
10.2.97.78 - c1.prd [30/Jun/2017:13:00:07 +0100] "GET /api/mpsl/goo/10.1.167.20/1/5/14/23.xml?no_http_errors=1 HTTP/1.1" 200 1005 "-" "BW-HTTPClient/5.4" urt="2.578" 385 2.580
10.1.1.28 - c3 [30/Jun/2017:13:00:17 +0100] "GET /api/mpsl/monitor/smq/qlen.json HTTP/1.1" 200 122 "-" "curl/7.26.0" urt="0.011" 156 0.011
10.1.1.28 - c3 [30/Jun/2017:13:00:31 +0100] "GET /api/mpsl/monitor/smq/qlen.json HTTP/1.1" 200 122 "-" "curl/7.26.0" urt="0.009" 156 0.009
10.2.97.79 - c1.prd [30/Jun/2017:13:00:47 +0100] "GET /api/mpsl/goo/10.1.167.20/1/5/14/23.xml?no_http_errors=1 HTTP/1.1" 200 1005 "-" "BW-HTTPClient/5.4" urt="-" 385 0.002
10.1.1.28 - c3 [30/Jun/2017:13:00:51 +0100] "GET /api/mpsl/monitor/smq/qlen.json HTTP/1.1" 200 122 "-" "curl/7.26.0" urt="0.011" 156 0.011
10.2.97.78 - c1.prd [30/Jun/2017:13:01:05 +0100] "GET /api/mpsl/goo/10.1.161.20/1/1/2/38.xml?no_http_errors=1 HTTP/1.1" 200 1008 "-" "BW-HTTPClient/5.4" urt="3.732" 384 3.734
10.1.1.28 - c3 [30/Jun/2017:13:01:18 +0100] "GET /api/mpsl/monitor/smq/qlen.json HTTP/1.1" 200 122 "-" "curl/7.26.0" urt="0.009" 156 0.009
10.2.97.78 - c1.prd [30/Jun/2017:13:01:33 +0100] "POST /api/mpsl/oc/10.1.165.20/1/3/15/11.xml HTTP/1.1" 201 157 "-" "BW-HTTPClient/5.4" urt="0.257" 687 0.259
10.1.1.28 - c3 [30/Jun/2017:13:01:48 +0100] "GET /api/mpsl/monitor/smq/qlen.json HTTP/1.1" 200 122 "-" "curl/7.26.0" urt="0.009" 156 0.009
10.1.1.28 - c3 [30/Jun/2017:13:02:17 +0100] "GET /api/mpsl/monitor/smq/qlen.json HTTP/1.1" 200 122 "-" "curl/7.26.0" urt="0.011" 156 0.011
10.2.97.79 - c1.prd [30/Jun/2017:13:02:24 +0100] "GET /api/mpsl/goo/10.1.136.20/1/2/4/31.xml?no_http_errors=1 HTTP/1.1" 200 1008 "-" "BW-HTTPClient/5.4" urt="2.716" 384 2.718
10.2.97.78 - c1.prd [30/Jun/2017:13:02:39 +0100] "GET /api/mpsl/goo/10.1.173.20/1/6/4/12.xml?no_http_errors=1 HTTP/1.1" 200 1008 "-" "BW-HTTPClient/5.4" urt="8.809" 384 8.811
10.2.97.79 - c1.prd [30/Jun/2017:13:02:44 +0100] "GET /api/mpsl/goo/10.1.126.20/1/5/8/35.xml?no_http_errors=1 HTTP/1.1" 200 1005 "-" "BW-HTTPClient/5.4" urt="2.503" 384 2.505
10.1.1.28 - c3 [30/Jun/2017:13:02:48 +0100] "GET /api/mpsl/monitor/smq/qlen.json HTTP/1.1" 200 122 "-" "curl/7.26.0" urt="0.010" 156 0.010
10.2.97.78 - c1.prd [30/Jun/2017:13:03:10 +0100] "GET /api/mpsl/goo/10.1.165.20/1/7/2/2.xml?no_http_errors=1 HTTP/1.1" 200 1007 "-" "BW-HTTPClient/5.4" urt="4.104" 383 4.106
10.1.1.28 - c3 [30/Jun/2017:13:03:18 +0100] "GET /api/mpsl/monitor/smq/qlen.json HTTP/1.1" 200 122 "-" "curl/7.26.0" urt="0.009" 156 0.009
10.2.97.79 - c1.prd [30/Jun/2017:13:03:19 +0100] "GET /api/mpsl/goo/10.1.133.20/1/4/11/16.xml?no_http_errors=1 HTTP/1.1" 200 1008 "-" "BW-HTTPClient/5.4" urt="2.606" 385 2.608
10.1.1.28 - c3 [30/Jun/2017:13:03:47 +0100] "GET /api/mpsl/monitor/smq/qlen.json HTTP/1.1" 200 122 "-" "curl/7.26.0" urt="0.009" 156 0.009
10.1.1.28 - c3 [30/Jun/2017:13:04:18 +0100] "GET /api/mpsl/monitor/smq/qlen.json HTTP/1.1" 200 122 "-" "curl/7.26.0" urt="0.010" 156 0.010
10.1.1.28 - c3 [30/Jun/2017:13:04:48 +0100] "GET /api/mpsl/monitor/smq/qlen.json HTTP/1.1" 200 122 "-" "curl/7.26.0" urt="0.011" 156 0.011
10.1.1.28 - c3 [30/Jun/2017:13:05:18 +0100] "GET /api/mpsl/monitor/smq/qlen.json HTTP/1.1" 200 122 "-" "curl/7.26.0" urt="0.011" 156 0.011
10.1.1.28 - c3 [30/Jun/2017:13:05:30 +0100] "GET /api/mpsl/monitor/smq/qlen.json HTTP/1.1" 200 122 "-" "curl/7.26.0" urt="0.009" 156 0.009
10.1.1.28 - c3 [30/Jun/2017:13:05:51 +0100] "GET /api/mpsl/monitor/smq/qlen.json HTTP/1.1" 200 122 "-" "curl/7.26.0" urt="0.010" 156 0.010
10.2.97.78 - c1.prd [30/Jun/2017:13:06:17 +0100] "GET /api/mpsl/got2/10.138.154.50/1/1/14/12.xml?no_http_errors=1 HTTP/1.1" 200 1180 "-" "BW-HTTPClient/5.4" urt="3.135" 385 3.137
10.1.1.28 - c3 [30/Jun/2017:13:06:17 +0100] "GET /api/mpsl/monitor/smq/qlen.json HTTP/1.1" 200 122 "-" "curl/7.26.0" urt="0.009" 156 0.009
10.2.97.79 - c1.prd [30/Jun/2017:13:06:30 +0100] "GET /api/mpsl/goo/10.138.130.45/1/1/14/26.xml?no_http_errors=1 HTTP/1.1" 200 1008 "-" "BW-HTTPClient/5.4" urt="2.596" 385 2.598
10.2.97.78 - c1.prd [30/Jun/2017:13:06:37 +0100] "GET /api/mpsl/goo/10.138.130.45/1/1/14/26.xml?no_http_errors=1 HTTP/1.1" 200 1008 "-" "BW-HTTPClient/5.4" urt="-" 385 0.003
10.2.97.78 - c1.prd [30/Jun/2017:13:06:43 +0100] "GET /api/mpsl/cv/10.1.161.20/1/2/5/35.xml HTTP/1.1" 200 1391 "-" "BW-HTTPClient/5.4" urt="23.846" 465 23.848
10.2.97.79 - c1.prd [30/Jun/2017:13:06:47 +0100] "GET /api/mpsl/goo/10.1.161.20/1/2/5/35.xml?no_http_errors=1 HTTP/1.1" 200 983 "-" "BW-HTTPClient/5.4" urt="3.460" 384 3.462
10.1.1.28 - c3 [30/Jun/2017:13:06:48 +0100] "GET /api/mpsl/monitor/smq/qlen.json HTTP/1.1" 200 122 "-" "curl/7.26.0" urt="0.009" 156 0.009
10.2.97.79 - c1.prd [30/Jun/2017:13:07:04 +0100] "POST /api/mpsl/ou/10.1.161.20/1/5/10/0.xml HTTP/1.1" 201 156 "-" "BW-HTTPClient/5.4" urt="0.057" 539 0.059
10.2.97.79 - c1.prd [30/Jun/2017:13:07:17 +0100] "GET /api/mpsl/cv/10.1.133.20/1/3/9/8.xml HTTP/1.1" 200 1391 "-" "BW-HTTPClient/5.4" urt="6.538" 464 6.540
10.1.1.28 - c3 [30/Jun/2017:13:07:17 +0100] "GET /api/mpsl/monitor/smq/qlen.json HTTP/1.1" 200 122 "-" "curl/7.26.0" urt="0.009" 156 0.009
10.2.97.79 - c1.prd [30/Jun/2017:13:07:17 +0100] "GET /api/mpsl/goo/10.138.130.45/1/1/14/26.xml?no_http_errors=1 HTTP/1.1" 200 1008 "-" "BW-HTTPClient/5.4" urt="-" 385 0.002
10.2.97.78 - c1.prd [30/Jun/2017:13:07:20 +0100] "GET /api/mpsl/goo/10.1.133.20/1/3/9/8.xml?no_http_errors=1 HTTP/1.1" 200 1009 "-" "BW-HTTPClient/5.4" urt="2.634" 383 2.636
10.2.97.78 - c1.prd [30/Jun/2017:13:07:27 +0100] "GET /api/mpsl/goo/10.1.133.20/1/3/9/1.xml?no_http_errors=1 HTTP/1.1" 200 1008 "-" "BW-HTTPClient/5.4" urt="2.571" 383 2.573
10.1.1.28 - c3 [30/Jun/2017:13:07:47 +0100] "GET /api/mpsl/monitor/smq/qlen.json HTTP/1.1" 200 122 "-" "curl/7.26.0" urt="0.008" 156 0.008
10.2.97.79 - c1.prd [30/Jun/2017:13:08:00 +0100] "GET /api/mpsl/goo/10.1.165.20/1/7/2/2.xml?no_http_errors=1 HTTP/1.1" 200 1008 "-" "BW-HTTPClient/5.4" urt="2.650" 383 2.652
10.1.1.28 - c3 [30/Jun/2017:13:08:17 +0100] "GET /api/mpsl/monitor/smq/qlen.json HTTP/1.1" 200 122 "-" "curl/7.26.0" urt="0.010" 156 0.010
10.2.97.78 - c1.prd [30/Jun/2017:13:08:32 +0100] "GET /api/mpsl/cv/10.1.132.20/1/1/6/9.xml HTTP/1.1" 200 1391 "-" "BW-HTTPClient/5.4" urt="6.213" 464 6.215
10.2.97.78 - c1.prd [30/Jun/2017:13:08:35 +0100] "GET /api/mpsl/goo/10.1.132.20/1/1/6/9.xml?no_http_errors=1 HTTP/1.1" 200 1008 "-" "BW-HTTPClient/5.4" urt="2.567" 383 2.570
10.2.97.79 - c1.prd [30/Jun/2017:13:08:46 +0100] "GET /api/mpsl/goo/10.1.164.20/1/1/10/22.xml?no_http_errors=1 HTTP/1.1" 200 1008 "-" "BW-HTTPClient/5.4" urt="2.663" 385 2.665
10.1.1.28 - c3 [30/Jun/2017:13:08:47 +0100] "GET /api/mpsl/monitor/smq/qlen.json HTTP/1.1" 200 122 "-" "curl/7.26.0" urt="0.010" 156 0.010
10.1.1.28 - c3 [30/Jun/2017:13:09:18 +0100] "GET /api/mpsl/monitor/smq/qlen.json HTTP/1.1" 200 122 "-" "curl/7.26.0" urt="0.010" 156 0.010
10.2.97.78 - c1.prd [30/Jun/2017:13:09:19 +0100] "POST /api/mpsl/ou/10.1.160.20/1/1/15/27.xml HTTP/1.1" 201 153 "-" "BW-HTTPClient/5.4" urt="0.055" 540 0.056
10.2.97.78 - c1.prd [30/Jun/2017:13:09:44 +0100] "GET /api/mpsl/goo/10.1.167.20/1/5/14/23.xml?no_http_errors=1 HTTP/1.1" 200 1004 "-" "BW-HTTPClient/5.4" urt="2.783" 385 2.785
10.1.1.28 - c3 [30/Jun/2017:13:09:48 +0100] "GET /api/mpsl/monitor/smq/qlen.json HTTP/1.1" 200 122 "-" "curl/7.26.0" urt="0.009" 156 0.009
10.1.1.28 - c3 [30/Jun/2017:13:10:17 +0100] "GET /api/mpsl/monitor/smq/qlen.json HTTP/1.1" 200 122 "-" "curl/7.26.0" urt="0.011" 156 0.011
10.2.97.79 - c1.prd [30/Jun/2017:13:10:23 +0100] "GET /api/mpsl/cv/10.1.161.20/1/2/5/35.xml HTTP/1.1" 200 1391 "-" "BW-HTTPClient/5.4" urt="-" 465 0.002
10.2.97.79 - c1.prd [30/Jun/2017:13:10:26 +0100] "GET /api/mpsl/goo/10.1.161.20/1/2/5/35.xml?no_http_errors=1 HTTP/1.1" 200 983 "-" "BW-HTTPClient/5.4" urt="3.054" 384 3.056
10.1.1.28 - c3 [30/Jun/2017:13:10:33 +0100] "GET /api/mpsl/monitor/smq/qlen.json HTTP/1.1" 200 122 "-" "curl/7.26.0" urt="0.009" 156 0.009
10.1.1.28 - c3 [30/Jun/2017:13:10:47 +0100] "GET /api/mpsl/monitor/smq/qlen.json HTTP/1.1" 200 122 "-" "curl/7.26.0" urt="0.011" 156 0.011
10.1.1.28 - c3 [30/Jun/2017:13:11:18 +0100] "GET /api/mpsl/monitor/smq/qlen.json HTTP/1.1" 200 122 "-" "curl/7.26.0" urt="0.010" 156 0.010
10.2.97.78 - c1.prd [30/Jun/2017:13:11:28 +0100] "GET /api/mpsl/got2/10.1.133.20/1/3/9/8.xml?no_http_errors=1 HTTP/1.1" 200 1177 "-" "BW-HTTPClient/5.4" urt="11.199" 383 11.201
10.2.97.79 - c1.prd [30/Jun/2017:13:11:44 +0100] "GET /api/mpsl/goo/10.1.128.20/1/3/5/3.xml?no_http_errors=1 HTTP/1.1" 200 1008 "-" "BW-HTTPClient/5.4" urt="2.598" 383 2.600
10.2.97.78 - c1.prd [30/Jun/2017:13:11:44 +0100] "GET /api/mpsl/cv/10.1.128.20/1/3/14/27.xml HTTP/1.1" 200 1391 "-" "BW-HTTPClient/5.4" urt="16.976" 466 16.978
10.1.1.28 - c3 [30/Jun/2017:13:11:47 +0100] "GET /api/mpsl/monitor/smq/qlen.json HTTP/1.1" 200 122 "-" "curl/7.26.0" urt="0.010" 156 0.010
10.2.97.78 - c1.prd [30/Jun/2017:13:11:48 +0100] "GET /api/mpsl/goo/10.1.128.20/1/3/14/27.xml?no_http_errors=1 HTTP/1.1" 200 1008 "-" "BW-HTTPClient/5.4" urt="3.505" 385 3.516
10.2.97.79 - c1.prd [30/Jun/2017:13:11:57 +0100] "GET /api/mpsl/goo/10.1.165.20/1/4/4/16.xml?no_http_errors=1 HTTP/1.1" 200 1007 "-" "BW-HTTPClient/5.4" urt="2.654" 384 2.655
10.2.97.78 - c1.prd [30/Jun/2017:13:12:03 +0100] "GET /api/mpsl/goo/10.1.168.20/1/6/14/28.xml?no_http_errors=1 HTTP/1.1" 200 1007 "-" "BW-HTTPClient/5.4" urt="3.944" 385 3.946
10.1.1.28 - c3 [30/Jun/2017:13:12:18 +0100] "GET /api/mpsl/monitor/smq/qlen.json HTTP/1.1" 200 122 "-" "curl/7.26.0" urt="0.010" 156 0.010
10.1.1.28 - c3 [30/Jun/2017:13:12:47 +0100] "GET /api/mpsl/monitor/smq/qlen.json HTTP/1.1" 200 122 "-" "curl/7.26.0" urt="0.011" 156 0.011
10.1.1.28 - c3 [30/Jun/2017:13:13:18 +0100] "GET /api/mpsl/monitor/smq/qlen.json HTTP/1.1" 200 122 "-" "curl/7.26.0" urt="0.009" 156 0.009
10.1.1.28 - c3 [30/Jun/2017:13:13:47 +0100] "GET /api/mpsl/monitor/smq/qlen.json HTTP/1.1" 200 122 "-" "curl/7.26.0" urt="0.011" 156 0.011
10.2.97.78 - c1.prd [30/Jun/2017:13:14:00 +0100] "POST /api/mpsl/oub/10.1.173.20/1/6/5/24.xml?no_http_errors=1 HTTP/1.1" 200 161 "-" "BW-HTTPClient/5.4" urt="0.052" 697 0.054
10.1.1.28 - c3 [30/Jun/2017:13:14:18 +0100] "GET /api/mpsl/monitor/smq/qlen.json HTTP/1.1" 200 122 "-" "curl/7.26.0" urt="0.010" 156 0.010
10.2.97.79 - c1.prd [30/Jun/2017:13:14:28 +0100] "POST /api/mpsl/ou/10.1.160.20/1/2/2/24.xml HTTP/1.1" 201 156 "-" "BW-HTTPClient/5.4" urt="0.201" 539 0.203
10.1.1.28 - c3 [30/Jun/2017:13:14:47 +0100] "GET /api/mpsl/monitor/smq/qlen.json HTTP/1.1" 200 122 "-" "curl/7.26.0" urt="0.010" 156 0.010
10.2.97.79 - c1.prd [30/Jun/2017:13:14:49 +0100] "GET /api/mpsl/goo/10.1.113.20/1/1/2/18.xml?no_http_errors=1 HTTP/1.1" 200 1005 "-" "BW-HTTPClient/5.4" urt="2.651" 384 2.652
10.1.1.28 - c3 [30/Jun/2017:13:15:18 +0100] "GET /api/mpsl/monitor/smq/qlen.json HTTP/1.1" 200 122 "-" "curl/7.26.0" urt="0.010" 156 0.010
10.1.1.28 - c3 [30/Jun/2017:13:15:34 +0100] "GET /api/mpsl/monitor/smq/qlen.json HTTP/1.1" 200 122 "-" "curl/7.26.0" urt="0.009" 156 0.009
10.1.1.28 - c3 [30/Jun/2017:13:15:48 +0100] "GET /api/mpsl/monitor/smq/qlen.json HTTP/1.1" 200 122 "-" "curl/7.26.0" urt="0.010" 156 0.010
10.2.97.79 - c1.prd [30/Jun/2017:13:15:53 +0100] "GET /api/mpsl/cv/10.1.125.20/1/4/7/3.xml HTTP/1.1" 200 1391 "-" "BW-HTTPClient/5.4" urt="39.864" 464 39.866
10.2.97.78 - c1.prd [30/Jun/2017:13:15:56 +0100] "GET /api/mpsl/goo/10.1.125.20/1/4/7/3.xml?no_http_errors=1 HTTP/1.1" 200 1008 "-" "BW-HTTPClient/5.4" urt="3.144" 383 3.150
10.1.1.28 - c3 [30/Jun/2017:13:16:17 +0100] "GET /api/mpsl/monitor/smq/qlen.json HTTP/1.1" 200 122 "-" "curl/7.26.0" urt="0.010" 156 0.010
10.2.97.78 - c1.prd [30/Jun/2017:13:16:20 +0100] "POST /api/mpsl/ou/10.1.162.20/1/6/14/4.xml HTTP/1.1" 201 156 "-" "BW-HTTPClient/5.4" urt="0.055" 539 0.057
10.2.97.79 - c1.prd [30/Jun/2017:13:16:30 +0100] "GET /api/mpsl/goo/10.1.125.20/1/4/7/3.xml?no_http_errors=1 HTTP/1.1" 200 1008 "-" "BW-HTTPClient/5.4" urt="-" 383 0.002
10.2.97.78 - c1.prd [30/Jun/2017:13:16:46 +0100] "GET /api/mpsl/goo/10.1.128.20/1/3/15/5.xml?no_http_errors=1 HTTP/1.1" 200 1008 "-" "BW-HTTPClient/5.4" urt="3.777" 384 3.779
10.1.1.28 - c3 [30/Jun/2017:13:16:47 +0100] "GET /api/mpsl/monitor/smq/qlen.json HTTP/1.1" 200 122 "-" "curl/7.26.0" urt="0.009" 156 0.009
10.1.1.28 - c3 [30/Jun/2017:13:17:18 +0100] "GET /api/mpsl/monitor/smq/qlen.json HTTP/1.1" 200 122 "-" "curl/7.26.0" urt="0.011" 156 0.011
10.2.97.78 - c1.prd [30/Jun/2017:13:17:34 +0100] "GET /api/mpsl/cv/10.1.168.20/1/5/15/22.xml HTTP/1.1" 200 1391 "-" "BW-HTTPClient/5.4" urt="14.462" 466 14.464
10.2.97.79 - c1.prd [30/Jun/2017:13:17:37 +0100] "GET /api/mpsl/goo/10.1.168.20/1/5/15/22.xml?no_http_errors=1 HTTP/1.1" 200 983 "-" "BW-HTTPClient/5.4" urt="3.646" 385 3.648
10.1.1.28 - c3 [30/Jun/2017:13:17:48 +0100] "GET /api/mpsl/monitor/smq/qlen.json HTTP/1.1" 200 122 "-" "curl/7.26.0" urt="0.009" 156 0.009
10.2.97.78 - c1.prd [30/Jun/2017:13:18:00 +0100] "GET /api/mpsl/goo/10.1.160.20/1/2/6/23.xml?no_http_errors=1 HTTP/1.1" 200 1008 "-" "BW-HTTPClient/5.4" urt="2.612" 384 2.614
10.1.1.28 - c3 [30/Jun/2017:13:18:18 +0100] "GET /api/mpsl/monitor/smq/qlen.json HTTP/1.1" 200 122 "-" "curl/7.26.0" urt="0.010" 156 0.010
10.2.97.79 - c1.prd [30/Jun/2017:13:18:34 +0100] "GET /api/mpsl/cv/10.1.164.20/1/3/9/4.xml HTTP/1.1" 200 1391 "-" "BW-HTTPClient/5.4" urt="6.417" 464 6.418
10.2.97.79 - c1.prd [30/Jun/2017:13:18:37 +0100] "GET /api/mpsl/goo/10.1.164.20/1/3/9/4.xml?no_http_errors=1 HTTP/1.1" 200 1007 "-" "BW-HTTPClient/5.4" urt="2.612" 383 2.614
10.2.97.78 - c1.prd [30/Jun/2017:13:18:45 +0100] "GET /api/mpsl/goo/10.1.128.20/1/3/15/5.xml?no_http_errors=1 HTTP/1.1" 200 1008 "-" "BW-HTTPClient/5.4" urt="2.567" 384 2.569
10.1.1.28 - c3 [30/Jun/2017:13:18:47 +0100] "GET /api/mpsl/monitor/smq/qlen.json HTTP/1.1" 200 122 "-" "curl/7.26.0" urt="0.009" 156 0.009
10.1.1.28 - c3 [30/Jun/2017:13:19:18 +0100] "GET /api/mpsl/monitor/smq/qlen.json HTTP/1.1" 200 122 "-" "curl/7.26.0" urt="0.009" 156 0.009
10.2.97.79 - c1.prd [30/Jun/2017:13:19:22 +0100] "POST /api/mpsl/ou/10.1.182.50/1/8/14/6.xml HTTP/1.1" 201 156 "-" "BW-HTTPClient/5.4" urt="0.045" 539 0.047
10.2.97.79 - c1.prd [30/Jun/2017:13:19:36 +0100] "GET /api/mpsl/goo/10.1.112.20/1/4/9/10.xml?no_http_errors=1 HTTP/1.1" 200 1009 "-" "BW-HTTPClient/5.4" urt="2.660" 384 2.662
10.2.97.78 - c1.prd [30/Jun/2017:13:19:43 +0100] "GET /api/mpsl/goo/10.1.128.20/1/3/15/5.xml?no_http_errors=1 HTTP/1.1" 200 1008 "-" "BW-HTTPClient/5.4" urt="-" 384 0.002
10.1.1.28 - c3 [30/Jun/2017:13:19:48 +0100] "GET /api/mpsl/monitor/smq/qlen.json HTTP/1.1" 200 122 "-" "curl/7.26.0" urt="0.010" 156 0.010
10.2.97.79 - c1.prd [30/Jun/2017:13:19:50 +0100] "GET /api/mpsl/goo/10.1.168.20/1/5/15/22.xml?no_http_errors=1 HTTP/1.1" 200 983 "-" "BW-HTTPClient/5.4" urt="2.449" 385 2.450
10.2.97.78 - c1.prd [30/Jun/2017:13:19:55 +0100] "GET /api/mpsl/goo/10.1.165.20/1/7/2/2.xml?no_http_errors=1 HTTP/1.1" 200 1007 "-" "BW-HTTPClient/5.4" urt="2.611" 383 2.613
10.1.1.28 - c3 [30/Jun/2017:13:20:17 +0100] "GET /api/mpsl/monitor/smq/qlen.json HTTP/1.1" 200 122 "-" "curl/7.26.0" urt="0.010" 156 0.010
10.1.1.28 - c3 [30/Jun/2017:13:20:32 +0100] "GET /api/mpsl/monitor/smq/qlen.json HTTP/1.1" 200 122 "-" "curl/7.26.0" urt="0.009" 156 0.009
10.2.97.79 - c1.prd [30/Jun/2017:13:20:40 +0100] "GET /api/mpsl/goo/10.1.132.20/1/1/6/9.xml?no_http_errors=1 HTTP/1.1" 200 1008 "-" "BW-HTTPClient/5.4" urt="2.592" 383 2.594
10.1.1.28 - c3 [30/Jun/2017:13:20:53 +0100] "GET /api/mpsl/monitor/smq/qlen.json HTTP/1.1" 200 122 "-" "curl/7.26.0" urt="0.011" 156 0.011
10.1.1.28 - c3 [30/Jun/2017:13:21:18 +0100] "GET /api/mpsl/monitor/smq/qlen.json HTTP/1.1" 200 122 "-" "curl/7.26.0" urt="0.012" 156 0.012
10.2.97.78 - c1.prd [30/Jun/2017:13:21:41 +0100] "GET /api/mpsl/cv/10.1.171.20/1/8/0/2.xml HTTP/1.1" 200 1391 "-" "BW-HTTPClient/5.4" urt="7.178" 464 7.180
10.2.97.78 - c1.prd [30/Jun/2017:13:21:45 +0100] "GET /api/mpsl/goo/10.1.171.20/1/8/0/2.xml?no_http_errors=1 HTTP/1.1" 200 1007 "-" "BW-HTTPClient/5.4" urt="3.167" 383 3.169
10.2.97.78 - c1.prd [30/Jun/2017:13:21:46 +0100] "POST /api/mpsl/ou/10.1.161.20/1/7/7/7.xml HTTP/1.1" 201 155 "-" "BW-HTTPClient/5.4" urt="0.049" 538 0.050
10.1.1.28 - c3 [30/Jun/2017:13:21:47 +0100] "GET /api/mpsl/monitor/smq/qlen.json HTTP/1.1" 200 122 "-" "curl/7.26.0" urt="0.009" 156 0.009
10.1.1.28 - c3 [30/Jun/2017:13:22:17 +0100] "GET /api/mpsl/monitor/smq/qlen.json HTTP/1.1" 200 122 "-" "curl/7.26.0" urt="0.009" 156 0.009
10.2.97.79 - c1.prd [30/Jun/2017:13:22:26 +0100] "GET /api/mpsl/goo/10.1.112.20/1/4/9/10.xml?no_http_errors=1 HTTP/1.1" 200 1009 "-" "BW-HTTPClient/5.4" urt="2.610" 384 2.612
10.1.1.28 - c3 [30/Jun/2017:13:22:47 +0100] "GET /api/mpsl/monitor/smq/qlen.json HTTP/1.1" 200 122 "-" "curl/7.26.0" urt="0.009" 156 0.009
10.2.97.78 - c1.prd [30/Jun/2017:13:23:16 +0100] "GET /api/mpsl/goo/10.1.136.20/1/2/4/31.xml?no_http_errors=1 HTTP/1.1" 200 1007 "-" "BW-HTTPClient/5.4" urt="2.678" 384 2.680
10.1.1.28 - c3 [30/Jun/2017:13:23:17 +0100] "GET /api/mpsl/monitor/smq/qlen.json HTTP/1.1" 200 122 "-" "curl/7.26.0" urt="0.010" 156 0.010
10.2.97.79 - c1.prd [30/Jun/2017:13:23:33 +0100] "GET /api/mpsl/goo/10.1.136.20/1/2/4/31.xml?no_http_errors=1 HTTP/1.1" 200 1007 "-" "BW-HTTPClient/5.4" urt="-" 384 0.001
10.1.1.28 - c3 [30/Jun/2017:13:23:47 +0100] "GET /api/mpsl/monitor/smq/qlen.json HTTP/1.1" 200 122 "-" "curl/7.26.0" urt="0.011" 156 0.011
10.2.97.78 - c1.prd [30/Jun/2017:13:23:51 +0100] "GET /api/mpsl/goo/10.1.166.20/1/7/12/12.xml?no_http_errors=1 HTTP/1.1" 200 1009 "-" "BW-HTTPClient/5.4" urt="2.630" 385 2.632
10.2.97.79 - c1.prd [30/Jun/2017:13:23:58 +0100] "GET /api/mpsl/goo/10.1.182.50/1/3/5/49.xml?no_http_errors=1 HTTP/1.1" 200 1007 "-" "BW-HTTPClient/5.4" urt="2.613" 384 2.615
10.2.97.78 - c1.prd [30/Jun/2017:13:24:04 +0100] "GET /api/mpsl/goo/10.1.133.20/1/5/0/4.xml?no_http_errors=1 HTTP/1.1" 200 1007 "-" "BW-HTTPClient/5.4" urt="2.581" 383 2.583
10.2.97.79 - c1.prd [30/Jun/2017:13:24:05 +0100] "POST /api/mpsl/ou/10.1.129.20/1/3/6/11.xml HTTP/1.1" 201 156 "-" "BW-HTTPClient/5.4" urt="0.027" 539 0.028
10.1.1.28 - c3 [30/Jun/2017:13:24:18 +0100] "GET /api/mpsl/monitor/smq/qlen.json HTTP/1.1" 200 122 "-" "curl/7.26.0" urt="0.009" 156 0.009
10.1.1.28 - c3 [30/Jun/2017:13:24:48 +0100] "GET /api/mpsl/monitor/smq/qlen.json HTTP/1.1" 200 122 "-" "curl/7.26.0" urt="0.010" 156 0.010
10.2.97.79 - c1.prd [30/Jun/2017:13:24:56 +0100] "GET /api/mpsl/goo/10.1.136.20/1/2/4/31.xml?no_http_errors=1 HTTP/1.1" 200 1007 "-" "BW-HTTPClient/5.4" urt="2.598" 384 2.600
10.2.97.79 - c1.prd [30/Jun/2017:13:25:12 +0100] "GET /api/mpsl/cv/10.138.148.40/1/3/0/13.xml HTTP/1.1" 200 1391 "-" "BW-HTTPClient/5.4" urt="6.145" 465 6.147
10.2.97.78 - c1.prd [30/Jun/2017:13:25:14 +0100] "GET /api/mpsl/goo/10.138.148.40/1/3/0/13.xml?no_http_errors=1 HTTP/1.1" 200 1008 "-" "BW-HTTPClient/5.4" urt="2.605" 384 2.607
10.1.1.28 - c3 [30/Jun/2017:13:25:17 +0100] "GET /api/mpsl/monitor/smq/qlen.json HTTP/1.1" 200 122 "-" "curl/7.26.0" urt="0.008" 156 0.008
10.1.1.28 - c3 [30/Jun/2017:13:25:35 +0100] "GET /api/mpsl/monitor/smq/qlen.json HTTP/1.1" 200 122 "-" "curl/7.26.0" urt="0.010" 156 0.010
10.1.1.28 - c3 [30/Jun/2017:13:25:47 +0100] "GET /api/mpsl/monitor/smq/qlen.json HTTP/1.1" 200 122 "-" "curl/7.26.0" urt="0.008" 156 0.008
10.2.97.79 - c1.prd [30/Jun/2017:13:26:05 +0100] "GET /api/mpsl/got2/10.1.132.20/1/3/9/9.xml?no_http_errors=1 HTTP/1.1" 200 1180 "-" "BW-HTTPClient/5.4" urt="3.102" 383 3.104
10.1.1.28 - c3 [30/Jun/2017:13:26:17 +0100] "GET /api/mpsl/monitor/smq/qlen.json HTTP/1.1" 200 122 "-" "curl/7.26.0" urt="0.008" 156 0.008
10.1.1.28 - c3 [30/Jun/2017:13:26:49 +0100] "GET /api/mpsl/monitor/smq/qlen.json HTTP/1.1" 200 122 "-" "curl/7.26.0" urt="0.010" 156 0.010
10.1.1.28 - c3 [30/Jun/2017:13:27:17 +0100] "GET /api/mpsl/monitor/smq/qlen.json HTTP/1.1" 200 122 "-" "curl/7.26.0" urt="0.009" 156 0.009
10.2.97.79 - c1.prd [30/Jun/2017:13:27:33 +0100] "POST /api/mpsl/oc/10.1.133.20/1/5/1/16.xml HTTP/1.1" 201 157 "-" "BW-HTTPClient/5.4" urt="0.724" 686 0.725
10.1.1.28 - c3 [30/Jun/2017:13:27:47 +0100] "GET /api/mpsl/monitor/smq/qlen.json HTTP/1.1" 200 122 "-" "curl/7.26.0" urt="0.010" 156 0.010
10.2.97.78 - c1.prd [30/Jun/2017:13:28:03 +0100] "POST /api/mpsl/ou/10.1.166.20/1/1/9/34.xml HTTP/1.1" 201 156 "-" "BW-HTTPClient/5.4" urt="0.053" 539 0.054
10.1.1.28 - c3 [30/Jun/2017:13:28:18 +0100] "GET /api/mpsl/monitor/smq/qlen.json HTTP/1.1" 200 122 "-" "curl/7.26.0" urt="0.010" 156 0.010
10.2.97.79 - c1.prd [30/Jun/2017:13:28:37 +0100] "POST /api/mpsl/ou/10.1.168.20/1/8/12/10.xml HTTP/1.1" 201 156 "-" "BW-HTTPClient/5.4" urt="0.052" 540 0.053
10.1.1.28 - c3 [30/Jun/2017:13:28:47 +0100] "GET /api/mpsl/monitor/smq/qlen.json HTTP/1.1" 200 122 "-" "curl/7.26.0" urt="0.009" 156 0.009
10.1.1.28 - c3 [30/Jun/2017:13:29:18 +0100] "GET /api/mpsl/monitor/smq/qlen.json HTTP/1.1" 200 122 "-" "curl/7.26.0" urt="0.009" 156 0.009
10.2.97.78 - c1.prd [30/Jun/2017:13:29:22 +0100] "GET /api/mpsl/goo/10.1.129.20/1/3/9/1.xml?no_http_errors=1 HTTP/1.1" 200 1007 "-" "BW-HTTPClient/5.4" urt="2.657" 383 2.659
10.1.1.28 - c3 [30/Jun/2017:13:29:47 +0100] "GET /api/mpsl/monitor/smq/qlen.json HTTP/1.1" 200 122 "-" "curl/7.26.0" urt="0.010" 156 0.010
10.1.1.28 - c3 [30/Jun/2017:13:30:18 +0100] "GET /api/mpsl/monitor/smq/qlen.json HTTP/1.1" 200 122 "-" "curl/7.26.0" urt="0.010" 156 0.010
10.1.1.28 - c3 [30/Jun/2017:13:30:33 +0100] "GET /api/mpsl/monitor/smq/qlen.json HTTP/1.1" 200 122 "-" "curl/7.26.0" urt="0.009" 156 0.009
10.1.1.28 - c3 [30/Jun/2017:13:30:53 +0100] "GET /api/mpsl/monitor/smq/qlen.json HTTP/1.1" 200 122 "-" "curl/7.26.0" urt="0.011" 156 0.011
10.1.1.28 - c3 [30/Jun/2017:13:31:17 +0100] "GET /api/mpsl/monitor/smq/qlen.json HTTP/1.1" 200 122 "-" "curl/7.26.0" urt="0.011" 156 0.011
10.2.97.78 - c1.prd [30/Jun/2017:13:31:34 +0100] "POST /api/mpsl/ou/10.1.132.20/1/1/1/5.xml HTTP/1.1" 201 156 "-" "BW-HTTPClient/5.4" urt="0.074" 538 0.076
10.1.1.28 - c3 [30/Jun/2017:13:31:48 +0100] "GET /api/mpsl/monitor/smq/qlen.json HTTP/1.1" 200 122 "-" "curl/7.26.0" urt="0.011" 156 0.011
10.1.1.28 - c3 [30/Jun/2017:13:32:18 +0100] "GET /api/mpsl/monitor/smq/qlen.json HTTP/1.1" 200 122 "-" "curl/7.26.0" urt="0.010" 156 0.010
10.1.1.28 - c3 [30/Jun/2017:13:32:48 +0100] "GET /api/mpsl/monitor/smq/qlen.json HTTP/1.1" 200 122 "-" "curl/7.26.0" urt="0.010" 156 0.010
10.2.97.79 - c1.prd [30/Jun/2017:13:33:07 +0100] "GET /api/mpsl/goo/10.1.125.20/1/6/15/18.xml?no_http_errors=1 HTTP/1.1" 200 1008 "-" "BW-HTTPClient/5.4" urt="2.695" 385 2.697
10.2.97.78 - c1.prd [30/Jun/2017:13:33:12 +0100] "GET /api/mpsl/goo/10.1.115.20/1/2/9/21.xml?no_http_errors=1 HTTP/1.1" 200 1005 "-" "BW-HTTPClient/5.4" urt="3.261" 384 3.263
10.1.1.28 - c3 [30/Jun/2017:13:33:17 +0100] "GET /api/mpsl/monitor/smq/qlen.json HTTP/1.1" 200 122 "-" "curl/7.26.0" urt="0.008" 156 0.008
10.2.97.78 - c1.prd [30/Jun/2017:13:33:33 +0100] "POST /api/mpsl/oc/10.1.174.20/1/2/11/12.xml HTTP/1.1" 201 157 "-" "BW-HTTPClient/5.4" urt="0.063" 687 0.065
10.1.1.28 - c3 [30/Jun/2017:13:33:47 +0100] "GET /api/mpsl/monitor/smq/qlen.json HTTP/1.1" 200 122 "-" "curl/7.26.0" urt="0.010" 156 0.010
10.2.97.79 - c1.prd [30/Jun/2017:13:33:52 +0100] "POST /api/mpsl/ou/10.1.164.20/1/2/5/8.xml HTTP/1.1" 201 156 "-" "BW-HTTPClient/5.4" urt="0.037" 538 0.039
10.2.97.78 - c1.prd [30/Jun/2017:13:34:05 +0100] "POST /api/mpsl/ou/10.1.128.20/1/1/0/3.xml HTTP/1.1" 201 156 "-" "BW-HTTPClient/5.4" urt="0.056" 538 0.059
10.1.1.28 - c3 [30/Jun/2017:13:34:18 +0100] "GET /api/mpsl/monitor/smq/qlen.json HTTP/1.1" 200 122 "-" "curl/7.26.0" urt="0.009" 156 0.009
10.1.1.28 - c3 [30/Jun/2017:13:34:47 +0100] "GET /api/mpsl/monitor/smq/qlen.json HTTP/1.1" 200 122 "-" "curl/7.26.0" urt="0.010" 156 0.010
10.1.1.28 - c3 [30/Jun/2017:13:35:18 +0100] "GET /api/mpsl/monitor/smq/qlen.json HTTP/1.1" 200 122 "-" "curl/7.26.0" urt="0.009" 156 0.009
10.1.1.28 - c3 [30/Jun/2017:13:35:34 +0100] "GET /api/mpsl/monitor/smq/qlen.json HTTP/1.1" 200 122 "-" "curl/7.26.0" urt="0.010" 156 0.010
10.1.1.28 - c3 [30/Jun/2017:13:35:49 +0100] "GET /api/mpsl/monitor/smq/qlen.json HTTP/1.1" 200 122 "-" "curl/7.26.0" urt="0.011" 156 0.011
10.1.1.28 - c3 [30/Jun/2017:13:36:17 +0100] "GET /api/mpsl/monitor/smq/qlen.json HTTP/1.1" 200 122 "-" "curl/7.26.0" urt="0.011" 156 0.011
10.2.97.79 - c1.prd [30/Jun/2017:13:36:39 +0100] "GET /api/mpsl/goo/10.1.168.20/1/13/8/15.xml?no_http_errors=1 HTTP/1.1" 200 1008 "-" "BW-HTTPClient/5.4" urt="3.821" 385 3.823
10.1.1.28 - c3 [30/Jun/2017:13:36:48 +0100] "GET /api/mpsl/monitor/smq/qlen.json HTTP/1.1" 200 122 "-" "curl/7.26.0" urt="0.010" 156 0.010
10.2.97.79 - c1.prd [30/Jun/2017:13:36:50 +0100] "POST /api/mpsl/ou/10.1.134.20/1/4/4/5.xml HTTP/1.1" 201 155 "-" "BW-HTTPClient/5.4" urt="0.047" 538 0.048
10.2.97.78 - c1.prd [30/Jun/2017:13:36:52 +0100] "POST /api/mpsl/ou/10.1.167.20/1/1/7/1.xml HTTP/1.1" 201 156 "-" "BW-HTTPClient/5.4" urt="0.035" 538 0.036
10.2.97.78 - c1.prd [30/Jun/2017:13:36:59 +0100] "GET /api/mpsl/goo/10.1.168.20/1/11/12/15.xml?no_http_errors=1 HTTP/1.1" 200 1006 "-" "BW-HTTPClient/5.4" urt="3.877" 386 3.879
10.1.1.28 - c3 [30/Jun/2017:13:37:17 +0100] "GET /api/mpsl/monitor/smq/qlen.json HTTP/1.1" 200 122 "-" "curl/7.26.0" urt="0.009" 156 0.009
10.2.97.79 - c1.prd [30/Jun/2017:13:37:32 +0100] "GET /api/mpsl/got2/10.1.172.20/1/7/12/7.xml?no_http_errors=1 HTTP/1.1" 200 1181 "-" "BW-HTTPClient/5.4" urt="3.133" 384 3.135
10.1.1.28 - c3 [30/Jun/2017:13:37:47 +0100] "GET /api/mpsl/monitor/smq/qlen.json HTTP/1.1" 200 122 "-" "curl/7.26.0" urt="0.008" 156 0.008
10.1.1.28 - c3 [30/Jun/2017:13:38:17 +0100] "GET /api/mpsl/monitor/smq/qlen.json HTTP/1.1" 200 122 "-" "curl/7.26.0" urt="0.009" 156 0.009
10.1.1.28 - c3 [30/Jun/2017:13:38:48 +0100] "GET /api/mpsl/monitor/smq/qlen.json HTTP/1.1" 200 122 "-" "curl/7.26.0" urt="0.010" 156 0.010
10.2.97.78 - c1.prd [30/Jun/2017:13:39:12 +0100] "GET /api/mpsl/got2/10.138.154.50/1/1/13/4.xml?no_http_errors=1 HTTP/1.1" 200 1181 "-" "BW-HTTPClient/5.4" urt="3.120" 384 3.122
10.1.1.28 - c3 [30/Jun/2017:13:39:18 +0100] "GET /api/mpsl/monitor/smq/qlen.json HTTP/1.1" 200 122 "-" "curl/7.26.0" urt="0.012" 156 0.012
10.2.97.79 - c1.prd [30/Jun/2017:13:39:44 +0100] "POST /api/mpsl/ou/10.1.130.20/1/2/0/2.xml HTTP/1.1" 201 156 "-" "BW-HTTPClient/5.4" urt="0.035" 538 0.037
10.2.97.79 - c1.prd [30/Jun/2017:13:39:44 +0100] "POST /api/mpsl/oco/10.1.130.20/1/2/0/2.xml HTTP/1.1" 201 162 "-" "BW-HTTPClient/5.4" urt="0.037" 677 0.039
10.1.1.28 - c3 [30/Jun/2017:13:39:48 +0100] "GET /api/mpsl/monitor/smq/qlen.json HTTP/1.1" 200 122 "-" "curl/7.26.0" urt="0.010" 156 0.010
10.2.97.79 - c1.prd [30/Jun/2017:13:39:52 +0100] "GET /api/mpsl/got2/10.1.126.20/1/1/11/0.xml?no_http_errors=1 HTTP/1.1" 200 1178 "-" "BW-HTTPClient/5.4" urt="3.244" 384 3.245
10.1.1.28 - c3 [30/Jun/2017:13:40:17 +0100] "GET /api/mpsl/monitor/smq/qlen.json HTTP/1.1" 200 122 "-" "curl/7.26.0" urt="0.009" 156 0.009
10.1.1.28 - c3 [30/Jun/2017:13:40:36 +0100] "GET /api/mpsl/monitor/smq/qlen.json HTTP/1.1" 200 122 "-" "curl/7.26.0" urt="0.010" 156 0.010
10.1.1.28 - c3 [30/Jun/2017:13:40:49 +0100] "GET /api/mpsl/monitor/smq/qlen.json HTTP/1.1" 200 122 "-" "curl/7.26.0" urt="0.010" 156 0.010
10.2.97.78 - c1.prd [30/Jun/2017:13:40:58 +0100] "GET /api/mpsl/cv/10.1.173.20/1/6/11/12.xml HTTP/1.1" 200 1391 "-" "BW-HTTPClient/5.4" urt="6.549" 466 6.551
10.2.97.78 - c1.prd [30/Jun/2017:13:41:01 +0100] "GET /api/mpsl/goo/10.1.173.20/1/6/11/12.xml?no_http_errors=1 HTTP/1.1" 200 1007 "-" "BW-HTTPClient/5.4" urt="2.791" 385 2.793
10.2.97.79 - c1.prd [30/Jun/2017:13:41:01 +0100] "GET /api/mpsl/goo/10.1.128.20/1/5/6/12.xml?no_http_errors=1 HTTP/1.1" 200 1007 "-" "BW-HTTPClient/5.4" urt="2.566" 384 2.569
10.1.1.28 - c3 [30/Jun/2017:13:41:17 +0100] "GET /api/mpsl/monitor/smq/qlen.json HTTP/1.1" 200 122 "-" "curl/7.26.0" urt="0.010" 156 0.010
10.1.1.28 - c3 [30/Jun/2017:13:41:47 +0100] "GET /api/mpsl/monitor/smq/qlen.json HTTP/1.1" 200 122 "-" "curl/7.26.0" urt="0.011" 156 0.011
10.1.1.28 - c3 [30/Jun/2017:13:42:18 +0100] "GET /api/mpsl/monitor/smq/qlen.json HTTP/1.1" 200 122 "-" "curl/7.26.0" urt="0.011" 156 0.011
10.2.97.79 - c1.prd [30/Jun/2017:13:42:33 +0100] "POST /api/mpsl/oc/10.1.160.20/1/2/2/24.xml HTTP/1.1" 201 157 "-" "BW-HTTPClient/5.4" urt="0.044" 686 0.048
10.2.97.78 - c1.prd [30/Jun/2017:13:42:35 +0100] "POST /api/mpsl/oco/10.1.168.20/1/8/11/0.xml HTTP/1.1" 201 162 "-" "BW-HTTPClient/5.4" urt="0.046" 680 0.048
10.2.97.78 - c1.prd [30/Jun/2017:13:42:42 +0100] "POST /api/mpsl/ou/10.138.148.40/1/1/0/14.xml HTTP/1.1" 201 156 "-" "BW-HTTPClient/5.4" urt="0.226" 539 0.228
10.2.97.78 - c1.prd [30/Jun/2017:13:42:43 +0100] "GET /api/mpsl/goo/10.1.133.20/1/6/12/0.xml?no_http_errors=1 HTTP/1.1" 200 1007 "-" "BW-HTTPClient/5.4" urt="2.601" 384 2.603
10.1.1.28 - c3 [30/Jun/2017:13:42:48 +0100] "GET /api/mpsl/monitor/smq/qlen.json HTTP/1.1" 200 122 "-" "curl/7.26.0" urt="0.009" 156 0.009
10.1.1.28 - c3 [30/Jun/2017:13:43:18 +0100] "GET /api/mpsl/monitor/smq/qlen.json HTTP/1.1" 200 122 "-" "curl/7.26.0" urt="0.009" 156 0.009
10.2.97.79 - c1.prd [30/Jun/2017:13:43:36 +0100] "GET /api/mpsl/cv/10.1.168.20/1/3/1/8.xml HTTP/1.1" 200 1391 "-" "BW-HTTPClient/5.4" urt="7.820" 464 7.822
10.2.97.79 - c1.prd [30/Jun/2017:13:43:39 +0100] "GET /api/mpsl/goo/10.1.168.20/1/3/1/8.xml?no_http_errors=1 HTTP/1.1" 200 1008 "-" "BW-HTTPClient/5.4" urt="2.619" 383 2.621
10.1.1.28 - c3 [30/Jun/2017:13:43:48 +0100] "GET /api/mpsl/monitor/smq/qlen.json HTTP/1.1" 200 122 "-" "curl/7.26.0" urt="0.009" 156 0.009
10.1.1.28 - c3 [30/Jun/2017:13:44:18 +0100] "GET /api/mpsl/monitor/smq/qlen.json HTTP/1.1" 200 122 "-" "curl/7.26.0" urt="0.010" 156 0.010
10.2.97.79 - c1.prd [30/Jun/2017:13:44:32 +0100] "POST /api/mpsl/ou/10.1.161.20/1/3/7/2.xml HTTP/1.1" 201 156 "-" "BW-HTTPClient/5.4" urt="0.126" 538 0.128
10.1.1.28 - c3 [30/Jun/2017:13:44:47 +0100] "GET /api/mpsl/monitor/smq/qlen.json HTTP/1.1" 200 122 "-" "curl/7.26.0" urt="0.009" 156 0.009
10.1.1.28 - c3 [30/Jun/2017:13:45:17 +0100] "GET /api/mpsl/monitor/smq/qlen.json HTTP/1.1" 200 122 "-" "curl/7.26.0" urt="0.010" 156 0.010
10.232.217.150 - c4 [30/Jun/2017:13:45:20 +0100] "POST /api/mpsl/got2/10.1.128.20/1/3/6/12.xml HTTP/1.1" 201 164 "-" "-" urt="0.026" 220 0.026
10.1.1.28 - c3 [30/Jun/2017:13:45:32 +0100] "GET /api/mpsl/monitor/smq/qlen.json HTTP/1.1" 200 122 "-" "curl/7.26.0" urt="0.010" 156 0.010
10.232.217.150 - c4 [30/Jun/2017:13:45:35 +0100] "POST /api/mpsl/result/asyncfe_mpsl_got2_1498826720.60679.xml HTTP/1.1" 200 1177 "-" "-" urt="0.020" 234 0.020
10.2.97.78 - c1.prd [30/Jun/2017:13:45:38 +0100] "GET /api/mpsl/got2/10.138.154.50/1/1/5/37.xml?no_http_errors=1 HTTP/1.1" 200 1180 "-" "BW-HTTPClient/5.4" urt="3.161" 384 3.163
10.1.1.28 - c3 [30/Jun/2017:13:45:53 +0100] "GET /api/mpsl/monitor/smq/qlen.json HTTP/1.1" 200 122 "-" "curl/7.26.0" urt="0.010" 156 0.010
10.2.97.78 - c1.prd [30/Jun/2017:13:46:08 +0100] "POST /api/mpsl/ou/10.1.171.20/1/4/6/18.xml HTTP/1.1" 201 156 "-" "BW-HTTPClient/5.4" urt="0.030" 539 0.032
10.1.1.28 - c3 [30/Jun/2017:13:46:18 +0100] "GET /api/mpsl/monitor/smq/qlen.json HTTP/1.1" 200 122 "-" "curl/7.26.0" urt="0.009" 156 0.009
10.1.1.28 - c3 [30/Jun/2017:13:46:48 +0100] "GET /api/mpsl/monitor/smq/qlen.json HTTP/1.1" 200 122 "-" "curl/7.26.0" urt="0.009" 156 0.009
10.2.97.79 - c1.prd [30/Jun/2017:13:46:48 +0100] "GET /api/mpsl/goo/10.1.169.20/1/1/9/5.xml?no_http_errors=1 HTTP/1.1" 200 1007 "-" "BW-HTTPClient/5.4" urt="2.941" 383 2.943
10.2.97.78 - c1.prd [30/Jun/2017:13:46:53 +0100] "GET /api/mpsl/goo/10.1.169.20/1/1/9/5.xml?no_http_errors=1 HTTP/1.1" 200 1007 "-" "BW-HTTPClient/5.4" urt="-" 383 0.002
10.1.1.28 - c3 [30/Jun/2017:13:47:18 +0100] "GET /api/mpsl/monitor/smq/qlen.json HTTP/1.1" 200 122 "-" "curl/7.26.0" urt="0.010" 156 0.010
10.1.1.28 - c3 [30/Jun/2017:13:47:48 +0100] "GET /api/mpsl/monitor/smq/qlen.json HTTP/1.1" 200 122 "-" "curl/7.26.0" urt="0.010" 156 0.010
10.1.1.28 - c3 [30/Jun/2017:13:48:17 +0100] "GET /api/mpsl/monitor/smq/qlen.json HTTP/1.1" 200 122 "-" "curl/7.26.0" urt="0.010" 156 0.010
10.2.97.79 - c1.prd [30/Jun/2017:13:48:34 +0100] "GET /api/mpsl/goo/10.138.148.40/1/3/11/7.xml?no_http_errors=1 HTTP/1.1" 200 1008 "-" "BW-HTTPClient/5.4" urt="3.068" 384 3.070
10.2.97.78 - c1.prd [30/Jun/2017:13:48:47 +0100] "GET /api/mpsl/got2/10.1.170.20/1/1/3/16.xml?no_http_errors=1 HTTP/1.1" 200 1180 "-" "BW-HTTPClient/5.4" urt="4.433" 384 4.436
10.1.1.28 - c3 [30/Jun/2017:13:48:48 +0100] "GET /api/mpsl/monitor/smq/qlen.json HTTP/1.1" 200 122 "-" "curl/7.26.0" urt="0.009" 156 0.009
10.2.97.79 - c1.prd [30/Jun/2017:13:48:59 +0100] "GET /api/mpsl/goo/10.1.166.20/1/7/9/2.xml?no_http_errors=1 HTTP/1.1" 200 1009 "-" "BW-HTTPClient/5.4" urt="3.288" 383 3.290
10.2.97.79 - c1.prd [30/Jun/2017:13:49:08 +0100] "POST /api/mpsl/ou/10.1.160.20/1/2/11/10.xml HTTP/1.1" 201 156 "-" "BW-HTTPClient/5.4" urt="0.051" 540 0.053
10.1.1.28 - c3 [30/Jun/2017:13:49:18 +0100] "GET /api/mpsl/monitor/smq/qlen.json HTTP/1.1" 200 122 "-" "curl/7.26.0" urt="0.009" 156 0.009
10.2.97.78 - c1.prd [30/Jun/2017:13:49:22 +0100] "GET /api/mpsl/goo/10.1.126.20/1/4/1/37.xml?no_http_errors=1 HTTP/1.1" 200 1005 "-" "BW-HTTPClient/5.4" urt="2.640" 384 2.642
10.1.1.28 - c3 [30/Jun/2017:13:49:48 +0100] "GET /api/mpsl/monitor/smq/qlen.json HTTP/1.1" 200 122 "-" "curl/7.26.0" urt="0.011" 156 0.011
10.1.1.28 - c3 [30/Jun/2017:13:50:18 +0100] "GET /api/mpsl/monitor/smq/qlen.json HTTP/1.1" 200 122 "-" "curl/7.26.0" urt="0.009" 156 0.009
10.2.97.79 - c1.prd [30/Jun/2017:13:50:24 +0100] "GET /api/mpsl/got2/10.1.128.20/1/3/6/12.xml?no_http_errors=1 HTTP/1.1" 200 1177 "-" "BW-HTTPClient/5.4" urt="3.024" 384 3.026
10.1.1.28 - c3 [30/Jun/2017:13:50:33 +0100] "GET /api/mpsl/monitor/smq/qlen.json HTTP/1.1" 200 122 "-" "curl/7.26.0" urt="0.010" 156 0.010
10.1.1.28 - c3 [30/Jun/2017:13:50:48 +0100] "GET /api/mpsl/monitor/smq/qlen.json HTTP/1.1" 200 122 "-" "curl/7.26.0" urt="0.008" 156 0.008
10.1.1.28 - c3 [30/Jun/2017:13:51:18 +0100] "GET /api/mpsl/monitor/smq/qlen.json HTTP/1.1" 200 122 "-" "curl/7.26.0" urt="0.011" 156 0.011
10.2.97.79 - c1.prd [30/Jun/2017:13:51:44 +0100] "GET /api/mpsl/goo/10.1.183.50/1/3/10/27.xml?no_http_errors=1 HTTP/1.1" 200 1007 "-" "BW-HTTPClient/5.4" urt="2.738" 385 2.740
10.2.97.78 - c1.prd [30/Jun/2017:13:51:44 +0100] "GET /api/mpsl/got2/10.1.168.20/1/12/2/42.xml?no_http_errors=1 HTTP/1.1" 200 1178 "-" "BW-HTTPClient/5.4" urt="3.750" 385 3.751
10.1.1.28 - c3 [30/Jun/2017:13:51:47 +0100] "GET /api/mpsl/monitor/smq/qlen.json HTTP/1.1" 200 122 "-" "curl/7.26.0" urt="0.008" 156 0.008
10.2.97.79 - c1.prd [30/Jun/2017:13:52:07 +0100] "POST /api/mpsl/oco/10.1.171.20/1/1/10/19.xml HTTP/1.1" 201 161 "-" "BW-HTTPClient/5.4" urt="0.051" 681 0.053
10.2.97.78 - c1.prd [30/Jun/2017:13:52:07 +0100] "POST /api/mpsl/oco/10.1.172.20/1/5/10/2.xml HTTP/1.1" 201 162 "-" "BW-HTTPClient/5.4" urt="0.115" 678 0.117
10.1.1.28 - c3 [30/Jun/2017:13:52:17 +0100] "GET /api/mpsl/monitor/smq/qlen.json HTTP/1.1" 200 122 "-" "curl/7.26.0" urt="0.140" 156 0.140
10.2.97.78 - c1.prd [30/Jun/2017:13:52:25 +0100] "GET /api/mpsl/goo/10.1.172.20/1/13/10/3.xml?no_http_errors=1 HTTP/1.1" 200 1008 "-" "BW-HTTPClient/5.4" urt="2.648" 385 2.650
10.1.1.28 - c3 [30/Jun/2017:13:52:47 +0100] "GET /api/mpsl/monitor/smq/qlen.json HTTP/1.1" 200 122 "-" "curl/7.26.0" urt="0.012" 156 0.012
10.1.1.28 - c3 [30/Jun/2017:13:53:18 +0100] "GET /api/mpsl/monitor/smq/qlen.json HTTP/1.1" 200 122 "-" "curl/7.26.0" urt="0.008" 156 0.008
10.1.1.28 - c3 [30/Jun/2017:13:53:48 +0100] "GET /api/mpsl/monitor/smq/qlen.json HTTP/1.1" 200 122 "-" "curl/7.26.0" urt="0.009" 156 0.009
10.2.97.79 - c1.prd [30/Jun/2017:13:53:54 +0100] "GET /api/mpsl/goo/10.1.168.20/1/11/9/1.xml?no_http_errors=1 HTTP/1.1" 200 1008 "-" "BW-HTTPClient/5.4" urt="2.600" 384 2.602
10.2.97.78 - c1.prd [30/Jun/2017:13:54:00 +0100] "GET /api/mpsl/got2/10.1.183.50/1/4/5/9.xml?no_http_errors=1 HTTP/1.1" 200 1155 "-" "BW-HTTPClient/5.4" urt="2.899" 383 2.901
10.2.97.78 - c1.prd [30/Jun/2017:13:54:02 +0100] "GET /api/mpsl/cv/10.1.173.20/1/6/11/12.xml HTTP/1.1" 200 1391 "-" "BW-HTTPClient/5.4" urt="6.526" 466 6.528
10.2.97.79 - c1.prd [30/Jun/2017:13:54:05 +0100] "GET /api/mpsl/goo/10.1.173.20/1/6/11/12.xml?no_http_errors=1 HTTP/1.1" 200 1008 "-" "BW-HTTPClient/5.4" urt="2.648" 385 2.650
10.1.1.28 - c3 [30/Jun/2017:13:54:18 +0100] "GET /api/mpsl/monitor/smq/qlen.json HTTP/1.1" 200 122 "-" "curl/7.26.0" urt="0.009" 156 0.009
10.2.97.78 - c1.prd [30/Jun/2017:13:54:24 +0100] "GET /api/mpsl/goo/10.1.172.20/1/5/11/18.xml?no_http_errors=1 HTTP/1.1" 200 1009 "-" "BW-HTTPClient/5.4" urt="2.634" 385 2.636
10.2.97.79 - c1.prd [30/Jun/2017:13:54:28 +0100] "GET /api/mpsl/goo/10.1.172.20/1/5/11/18.xml?no_http_errors=1 HTTP/1.1" 200 1009 "-" "BW-HTTPClient/5.4" urt="-" 385 0.002
10.1.1.28 - c3 [30/Jun/2017:13:54:48 +0100] "GET /api/mpsl/monitor/smq/qlen.json HTTP/1.1" 200 122 "-" "curl/7.26.0" urt="0.009" 156 0.009
10.2.97.78 - c1.prd [30/Jun/2017:13:54:53 +0100] "POST /api/mpsl/ou/10.1.172.20/1/5/15/19.xml HTTP/1.1" 201 155 "-" "BW-HTTPClient/5.4" urt="0.042" 540 0.044
10.1.1.28 - c3 [30/Jun/2017:13:55:17 +0100] "GET /api/mpsl/monitor/smq/qlen.json HTTP/1.1" 200 122 "-" "curl/7.26.0" urt="0.008" 156 0.008
10.2.97.78 - c1.prd [30/Jun/2017:13:55:22 +0100] "GET /api/mpsl/goo/10.1.115.20/1/2/10/6.xml?no_http_errors=1 HTTP/1.1" 200 1008 "-" "BW-HTTPClient/5.4" urt="2.607" 384 2.609
10.2.97.79 - c1.prd [30/Jun/2017:13:55:30 +0100] "POST /api/mpsl/ou/10.1.168.20/1/2/6/17.xml HTTP/1.1" 201 156 "-" "BW-HTTPClient/5.4" urt="0.188" 539 0.190
10.2.97.78 - c1.prd [30/Jun/2017:13:55:33 +0100] "POST /api/mpsl/ou/10.1.128.20/1/1/6/4.xml HTTP/1.1" 201 156 "-" "BW-HTTPClient/5.4" urt="0.027" 538 0.029
10.2.97.79 - c1.prd [30/Jun/2017:13:55:35 +0100] "GET /api/mpsl/got2/10.1.170.20/1/3/9/0.xml?no_http_errors=1 HTTP/1.1" 200 1178 "-" "BW-HTTPClient/5.4" urt="3.237" 383 3.239
10.1.1.28 - c3 [30/Jun/2017:13:55:38 +0100] "GET /api/mpsl/monitor/smq/qlen.json HTTP/1.1" 200 122 "-" "curl/7.26.0" urt="0.009" 156 0.009
10.2.97.79 - c1.prd [30/Jun/2017:13:55:45 +0100] "GET /api/mpsl/cv/10.1.163.20/1/7/10/5.xml HTTP/1.1" 200 1390 "-" "BW-HTTPClient/5.4" urt="6.650" 464 6.651
10.2.97.78 - c1.prd [30/Jun/2017:13:55:47 +0100] "GET /api/mpsl/goo/10.1.163.20/1/7/10/5.xml?no_http_errors=1 HTTP/1.1" 200 1008 "-" "BW-HTTPClient/5.4" urt="2.580" 384 2.582
10.1.1.28 - c3 [30/Jun/2017:13:55:49 +0100] "GET /api/mpsl/monitor/smq/qlen.json HTTP/1.1" 200 122 "-" "curl/7.26.0" urt="0.008" 156 0.008
10.2.97.79 - c1.prd [30/Jun/2017:13:55:53 +0100] "GET /api/mpsl/goo/10.1.172.20/1/5/11/18.xml?no_http_errors=1 HTTP/1.1" 200 1007 "-" "BW-HTTPClient/5.4" urt="2.642" 385 2.643
10.2.97.79 - c1.prd [30/Jun/2017:13:56:00 +0100] "POST /api/mpsl/ou/10.1.162.20/1/3/9/12.xml HTTP/1.1" 201 156 "-" "BW-HTTPClient/5.4" urt="0.071" 539 0.072
10.1.1.28 - c3 [30/Jun/2017:13:56:18 +0100] "GET /api/mpsl/monitor/smq/qlen.json HTTP/1.1" 200 122 "-" "curl/7.26.0" urt="0.009" 156 0.009
10.1.1.28 - c3 [30/Jun/2017:13:56:48 +0100] "GET /api/mpsl/monitor/smq/qlen.json HTTP/1.1" 200 122 "-" "curl/7.26.0" urt="0.011" 156 0.011
10.1.1.28 - c3 [30/Jun/2017:13:57:17 +0100] "GET /api/mpsl/monitor/smq/qlen.json HTTP/1.1" 200 122 "-" "curl/7.26.0" urt="0.009" 156 0.009
10.1.1.28 - c3 [30/Jun/2017:13:57:47 +0100] "GET /api/mpsl/monitor/smq/qlen.json HTTP/1.1" 200 122 "-" "curl/7.26.0" urt="0.011" 156 0.011
10.1.1.28 - c3 [30/Jun/2017:13:58:18 +0100] "GET /api/mpsl/monitor/smq/qlen.json HTTP/1.1" 200 122 "-" "curl/7.26.0" urt="0.009" 156 0.009
10.1.1.28 - c3 [30/Jun/2017:13:58:47 +0100] "GET /api/mpsl/monitor/smq/qlen.json HTTP/1.1" 200 122 "-" "curl/7.26.0" urt="0.011" 156 0.011
10.1.1.28 - c3 [30/Jun/2017:13:59:17 +0100] "GET /api/mpsl/monitor/smq/qlen.json HTTP/1.1" 200 122 "-" "curl/7.26.0" urt="0.010" 156 0.010
10.2.97.78 - c1.prd [30/Jun/2017:13:59:35 +0100] "GET /api/mpsl/goo/10.1.115.20/1/2/10/6.xml?no_http_errors=1 HTTP/1.1" 200 1008 "-" "BW-HTTPClient/5.4" urt="2.644" 384 2.646
10.1.1.28 - c3 [30/Jun/2017:13:59:48 +0100] "GET /api/mpsl/monitor/smq/qlen.json HTTP/1.1" 200 122 "-" "curl/7.26.0" urt="0.010" 156 0.010
10.1.1.28 - c3 [30/Jun/2017:14:00:18 +0100] "GET /api/mpsl/monitor/smq/qlen.json HTTP/1.1" 200 122 "-" "curl/7.26.0" urt="0.009" 156 0.009
10.2.97.79 - c1.prd [30/Jun/2017:14:00:26 +0100] "GET /api/mpsl/goo/10.1.133.20/1/6/12/0.xml?no_http_errors=1 HTTP/1.1" 200 1007 "-" "BW-HTTPClient/5.4" urt="2.598" 384 2.599
10.1.1.28 - c3 [30/Jun/2017:14:00:34 +0100] "GET /api/mpsl/monitor/smq/qlen.json HTTP/1.1" 200 122 "-" "curl/7.26.0" urt="0.010" 156 0.010
10.2.97.78 - c1.prd [30/Jun/2017:14:00:46 +0100] "GET /api/mpsl/goo/10.1.115.20/1/2/10/6.xml?no_http_errors=1 HTTP/1.1" 200 1008 "-" "BW-HTTPClient/5.4" urt="2.586" 384 2.588
10.1.1.28 - c3 [30/Jun/2017:14:00:48 +0100] "GET /api/mpsl/monitor/smq/qlen.json HTTP/1.1" 200 122 "-" "curl/7.26.0" urt="0.009" 156 0.009
10.1.1.28 - c3 [30/Jun/2017:14:01:17 +0100] "GET /api/mpsl/monitor/smq/qlen.json HTTP/1.1" 200 122 "-" "curl/7.26.0" urt="0.009" 156 0.009
10.2.97.79 - c1.prd [30/Jun/2017:14:01:36 +0100] "GET /api/mpsl/goo/10.1.112.20/1/1/3/30.xml?no_http_errors=1 HTTP/1.1" 200 1005 "-" "BW-HTTPClient/5.4" urt="2.611" 384 2.613
10.1.1.28 - c3 [30/Jun/2017:14:01:48 +0100] "GET /api/mpsl/monitor/smq/qlen.json HTTP/1.1" 200 122 "-" "curl/7.26.0" urt="0.009" 156 0.009
10.1.1.28 - c3 [30/Jun/2017:14:02:18 +0100] "GET /api/mpsl/monitor/smq/qlen.json HTTP/1.1" 200 122 "-" "curl/7.26.0" urt="0.012" 156 0.012
10.2.97.78 - c1.prd [30/Jun/2017:14:02:36 +0100] "GET /api/mpsl/goo/10.1.168.20/1/6/6/23.xml?no_http_errors=1 HTTP/1.1" 200 1008 "-" "BW-HTTPClient/5.4" urt="3.777" 384 3.779
10.1.1.28 - c3 [30/Jun/2017:14:02:48 +0100] "GET /api/mpsl/monitor/smq/qlen.json HTTP/1.1" 200 122 "-" "curl/7.26.0" urt="0.009" 156 0.009
10.2.97.79 - c1.prd [30/Jun/2017:14:03:15 +0100] "GET /api/mpsl/goo/10.1.133.20/1/4/11/16.xml?no_http_errors=1 HTTP/1.1" 200 1008 "-" "BW-HTTPClient/5.4" urt="2.610" 385 2.640
10.1.1.28 - c3 [30/Jun/2017:14:03:18 +0100] "GET /api/mpsl/monitor/smq/qlen.json HTTP/1.1" 200 122 "-" "curl/7.26.0" urt="0.009" 156 0.009
10.2.97.78 - c1.prd [30/Jun/2017:14:03:46 +0100] "POST /api/mpsl/ou/10.1.182.50/1/2/1/18.xml HTTP/1.1" 201 156 "-" "BW-HTTPClient/5.4" urt="0.035" 539 0.040
10.1.1.28 - c3 [30/Jun/2017:14:03:48 +0100] "GET /api/mpsl/monitor/smq/qlen.json HTTP/1.1" 200 122 "-" "curl/7.26.0" urt="0.010" 156 0.010
10.2.97.78 - c1.prd [30/Jun/2017:14:04:04 +0100] "GET /api/mpsl/got2/10.1.170.20/1/3/9/0.xml?no_http_errors=1 HTTP/1.1" 200 1179 "-" "BW-HTTPClient/5.4" urt="3.149" 383 3.151
10.2.97.79 - c1.prd [30/Jun/2017:14:04:07 +0100] "GET /api/mpsl/goo/10.1.172.20/1/5/11/18.xml?no_http_errors=1 HTTP/1.1" 200 1006 "-" "BW-HTTPClient/5.4" urt="3.927" 385 3.929
10.1.1.28 - c3 [30/Jun/2017:14:04:17 +0100] "GET /api/mpsl/monitor/smq/qlen.json HTTP/1.1" 200 122 "-" "curl/7.26.0" urt="0.008" 156 0.008
10.2.97.78 - c1.prd [30/Jun/2017:14:04:19 +0100] "GET /api/mpsl/goo/10.1.169.20/1/1/9/5.xml?no_http_errors=1 HTTP/1.1" 200 1008 "-" "BW-HTTPClient/5.4" urt="3.682" 383 3.684
10.2.97.79 - c1.prd [30/Jun/2017:14:04:30 +0100] "POST /api/mpsl/oco/10.1.124.20/1/5/4/2.xml HTTP/1.1" 201 162 "-" "BW-HTTPClient/5.4" urt="0.058" 679 0.059
10.1.1.28 - c3 [30/Jun/2017:14:04:47 +0100] "GET /api/mpsl/monitor/smq/qlen.json HTTP/1.1" 200 122 "-" "curl/7.26.0" urt="0.011" 156 0.011
10.2.97.78 - c1.prd [30/Jun/2017:14:05:15 +0100] "GET /api/mpsl/cv/10.1.125.20/1/5/1/16.xml HTTP/1.1" 200 1391 "-" "BW-HTTPClient/5.4" urt="6.990" 465 6.992
10.1.1.28 - c3 [30/Jun/2017:14:05:17 +0100] "GET /api/mpsl/monitor/smq/qlen.json HTTP/1.1" 200 122 "-" "curl/7.26.0" urt="0.009" 156 0.009
10.2.97.79 - c1.prd [30/Jun/2017:14:05:18 +0100] "GET /api/mpsl/goo/10.1.172.20/1/5/11/18.xml?no_http_errors=1 HTTP/1.1" 200 1008 "-" "BW-HTTPClient/5.4" urt="3.669" 385 3.671
10.2.97.78 - c1.prd [30/Jun/2017:14:05:18 +0100] "GET /api/mpsl/goo/10.1.125.20/1/5/1/16.xml?no_http_errors=1 HTTP/1.1" 200 1008 "-" "BW-HTTPClient/5.4" urt="2.613" 384 2.615
10.2.97.78 - c1.prd [30/Jun/2017:14:05:33 +0100] "POST /api/mpsl/oc/10.1.132.20/1/3/0/27.xml HTTP/1.1" 201 157 "-" "BW-HTTPClient/5.4" urt="0.054" 686 0.056
10.1.1.28 - c3 [30/Jun/2017:14:05:35 +0100] "GET /api/mpsl/monitor/smq/qlen.json HTTP/1.1" 200 122 "-" "curl/7.26.0" urt="0.011" 156 0.011
10.1.1.28 - c3 [30/Jun/2017:14:05:48 +0100] "GET /api/mpsl/monitor/smq/qlen.json HTTP/1.1" 200 122 "-" "curl/7.26.0" urt="0.010" 156 0.010
10.2.97.79 - c1.prd [30/Jun/2017:14:06:05 +0100] "GET /api/mpsl/goo/10.1.112.20/1/1/3/30.xml?no_http_errors=1 HTTP/1.1" 200 1005 "-" "BW-HTTPClient/5.4" urt="2.659" 384 2.666
10.2.97.78 - c1.prd [30/Jun/2017:14:06:14 +0100] "GET /api/mpsl/goo/10.1.112.20/1/1/3/30.xml?no_http_errors=1 HTTP/1.1" 200 1005 "-" "BW-HTTPClient/5.4" urt="-" 384 0.002
10.1.1.28 - c3 [30/Jun/2017:14:06:17 +0100] "GET /api/mpsl/monitor/smq/qlen.json HTTP/1.1" 200 122 "-" "curl/7.26.0" urt="0.009" 156 0.009
10.2.97.79 - c1.prd [30/Jun/2017:14:06:22 +0100] "GET /api/mpsl/cv/10.1.132.20/1/1/6/30.xml HTTP/1.1" 200 1391 "-" "BW-HTTPClient/5.4" urt="6.251" 465 6.253
10.2.97.79 - c1.prd [30/Jun/2017:14:06:25 +0100] "GET /api/mpsl/goo/10.1.132.20/1/1/6/30.xml?no_http_errors=1 HTTP/1.1" 200 1008 "-" "BW-HTTPClient/5.4" urt="2.623" 384 2.625
10.2.97.78 - c1.prd [30/Jun/2017:14:06:46 +0100] "GET /api/mpsl/goo/10.1.133.20/1/6/12/0.xml?no_http_errors=1 HTTP/1.1" 200 1007 "-" "BW-HTTPClient/5.4" urt="2.599" 384 2.601
10.1.1.28 - c3 [30/Jun/2017:14:06:48 +0100] "GET /api/mpsl/monitor/smq/qlen.json HTTP/1.1" 200 122 "-" "curl/7.26.0" urt="0.011" 156 0.011
10.2.97.79 - c1.prd [30/Jun/2017:14:07:17 +0100] "GET /api/mpsl/goo/10.138.130.45/1/1/14/26.xml?no_http_errors=1 HTTP/1.1" 200 1008 "-" "BW-HTTPClient/5.4" urt="2.619" 385 2.626
10.1.1.28 - c3 [30/Jun/2017:14:07:17 +0100] "GET /api/mpsl/monitor/smq/qlen.json HTTP/1.1" 200 122 "-" "curl/7.26.0" urt="0.009" 156 0.009
10.1.1.28 - c3 [30/Jun/2017:14:07:47 +0100] "GET /api/mpsl/monitor/smq/qlen.json HTTP/1.1" 200 122 "-" "curl/7.26.0" urt="0.009" 156 0.009
10.1.1.28 - c3 [30/Jun/2017:14:08:18 +0100] "GET /api/mpsl/monitor/smq/qlen.json HTTP/1.1" 200 122 "-" "curl/7.26.0" urt="0.008" 156 0.008
10.2.97.78 - c1.prd [30/Jun/2017:14:08:21 +0100] "GET /api/mpsl/goo/10.1.112.20/1/1/3/30.xml?no_http_errors=1 HTTP/1.1" 200 1005 "-" "BW-HTTPClient/5.4" urt="3.496" 384 3.498
10.1.1.28 - c3 [30/Jun/2017:14:08:47 +0100] "GET /api/mpsl/monitor/smq/qlen.json HTTP/1.1" 200 122 "-" "curl/7.26.0" urt="0.009" 156 0.009
10.2.97.79 - c1.prd [30/Jun/2017:14:08:48 +0100] "GET /api/mpsl/goo/10.1.133.20/1/6/12/0.xml?no_http_errors=1 HTTP/1.1" 200 1008 "-" "BW-HTTPClient/5.4" urt="2.641" 384 2.643
10.2.97.78 - c1.prd [30/Jun/2017:14:09:08 +0100] "GET /api/mpsl/goo/10.1.115.20/1/2/9/21.xml?no_http_errors=1 HTTP/1.1" 200 1007 "-" "BW-HTTPClient/5.4" urt="3.600" 384 3.602
10.1.1.28 - c3 [30/Jun/2017:14:09:18 +0100] "GET /api/mpsl/monitor/smq/qlen.json HTTP/1.1" 200 122 "-" "curl/7.26.0" urt="0.015" 156 0.015
10.2.97.78 - c1.prd [30/Jun/2017:14:09:34 +0100] "GET /api/mpsl/goo/10.1.115.20/1/2/9/21.xml?no_http_errors=1 HTTP/1.1" 200 1007 "-" "BW-HTTPClient/5.4" urt="-" 384 0.003
10.2.97.79 - c1.prd [30/Jun/2017:14:09:37 +0100] "GET /api/mpsl/got2/10.1.174.20/1/1/6/13.xml?no_http_errors=1 HTTP/1.1" 200 1179 "-" "BW-HTTPClient/5.4" urt="3.133" 384 3.135
10.2.97.79 - c1.prd [30/Jun/2017:14:09:47 +0100] "GET /api/mpsl/goo/10.1.112.20/1/1/3/30.xml?no_http_errors=1 HTTP/1.1" 200 1005 "-" "BW-HTTPClient/5.4" urt="2.638" 384 2.640
10.1.1.28 - c3 [30/Jun/2017:14:09:47 +0100] "GET /api/mpsl/monitor/smq/qlen.json HTTP/1.1" 200 122 "-" "curl/7.26.0" urt="0.010" 156 0.010
10.2.97.78 - c1.prd [30/Jun/2017:14:10:03 +0100] "POST /api/mpsl/oco/10.1.112.20/1/1/4/13.xml HTTP/1.1" 201 162 "-" "BW-HTTPClient/5.4" urt="0.086" 681 0.088
10.1.1.28 - c3 [30/Jun/2017:14:10:17 +0100] "GET /api/mpsl/monitor/smq/qlen.json HTTP/1.1" 200 122 "-" "curl/7.26.0" urt="0.009" 156 0.009
10.1.1.28 - c3 [30/Jun/2017:14:10:34 +0100] "GET /api/mpsl/monitor/smq/qlen.json HTTP/1.1" 200 122 "-" "curl/7.26.0" urt="0.010" 156 0.010
10.1.1.28 - c3 [30/Jun/2017:14:10:49 +0100] "GET /api/mpsl/monitor/smq/qlen.json HTTP/1.1" 200 122 "-" "curl/7.26.0" urt="0.009" 156 0.009
10.1.1.28 - c3 [30/Jun/2017:14:11:18 +0100] "GET /api/mpsl/monitor/smq/qlen.json HTTP/1.1" 200 122 "-" "curl/7.26.0" urt="0.009" 156 0.009
10.2.97.78 - c1.prd [30/Jun/2017:14:11:25 +0100] "GET /api/mpsl/got2/10.1.125.20/1/6/5/23.xml?no_http_errors=1 HTTP/1.1" 200 1180 "-" "BW-HTTPClient/5.4" urt="4.113" 384 4.114
10.2.97.79 - c1.prd [30/Jun/2017:14:11:43 +0100] "GET /api/mpsl/goo/10.1.128.20/1/3/5/3.xml?no_http_errors=1 HTTP/1.1" 200 1008 "-" "BW-HTTPClient/5.4" urt="3.669" 383 3.671
10.2.97.78 - c1.prd [30/Jun/2017:14:11:44 +0100] "GET /api/mpsl/got2/10.1.161.20/1/7/12/14.xml?no_http_errors=1 HTTP/1.1" 200 1178 "-" "BW-HTTPClient/5.4" urt="3.855" 385 3.857
