10.1.1.28 - c3 [30/Jun/2017:12:04:48 +0100] "GET /api/mpsl/monitor/smq/qlen.json HTTP/1.1" 200 122 "-" "curl/7.26.0" urt="0.009" 156 0.009
10.2.97.78 - c1.prd [30/Jun/2017:12:04:49 +0100] "GET /api/mpsl/goo/10.1.166.20/1/7/9/2.xml?no_http_errors=1 HTTP/1.1" 200 1008 "-" "BW-HTTPClient/5.4" urt="3.724" 383 3.726
10.2.97.79 - c1.prd [30/Jun/2017:12:05:07 +0100] "GET /api/mpsl/goo/10.1.113.20/1/1/2/18.xml?no_http_errors=1 HTTP/1.1" 200 1008 "-" "BW-HTTPClient/5.4" urt="2.641" 384 2.643
10.1.1.28 - c3 [30/Jun/2017:12:05:18 +0100] "GET /api/mpsl/monitor/smq/qlen.json HTTP/1.1" 200 122 "-" "curl/7.26.0" urt="0.010" 156 0.010
10.2.97.78 - c1.prd [30/Jun/2017:12:05:22 +0100] "GET /api/mpsl/goo/10.1.125.20/1/2/1/39.xml?no_http_errors=1 HTTP/1.1" 200 1008 "-" "BW-HTTPClient/5.4" urt="2.708" 384 2.710
10.1.1.28 - c3 [30/Jun/2017:12:05:33 +0100] "GET /api/mpsl/monitor/smq/qlen.json HTTP/1.1" 200 122 "-" "curl/7.26.0" urt="0.010" 156 0.010
10.1.1.28 - c3 [30/Jun/2017:12:05:53 +0100] "GET /api/mpsl/monitor/smq/qlen.json HTTP/1.1" 200 122 "-" "curl/7.26.0" urt="0.009" 156 0.009
10.1.1.28 - c3 [30/Jun/2017:12:06:18 +0100] "GET /api/mpsl/monitor/smq/qlen.json HTTP/1.1" 200 122 "-" "curl/7.26.0" urt="0.010" 156 0.010
10.1.1.28 - c3 [30/Jun/2017:12:06:47 +0100] "GET /api/mpsl/monitor/smq/qlen.json HTTP/1.1" 200 122 "-" "curl/7.26.0" urt="0.011" 156 0.011
10.2.97.79 - c1.prd [30/Jun/2017:12:07:02 +0100] "GET /api/mpsl/got2/10.1.167.20/1/3/7/3.xml?no_http_errors=1 HTTP/1.1" 200 1180 "-" "BW-HTTPClient/5.4" urt="3.131" 383 3.133
10.1.1.28 - c3 [30/Jun/2017:12:07:17 +0100] "GET /api/mpsl/monitor/smq/qlen.json HTTP/1.1" 200 122 "-" "curl/7.26.0" urt="0.010" 156 0.010
10.2.97.79 - c1.prd [30/Jun/2017:12:07:29 +0100] "GET /api/mpsl/cv/10.1.164.20/1/1/11/7.xml HTTP/1.1" 200 0 "-" "BW-HTTPClient/5.4" urt="91.021" 465 91.021
10.2.97.78 - c1.prd [30/Jun/2017:12:07:33 +0100] "GET /api/mpsl/cv/10.1.132.20/1/2/5/7.xml HTTP/1.1" 200 1390 "-" "BW-HTTPClient/5.4" urt="6.196" 464 6.197
10.2.97.78 - c1.prd [30/Jun/2017:12:07:36 +0100] "GET /api/mpsl/goo/10.1.132.20/1/2/5/7.xml?no_http_errors=1 HTTP/1.1" 200 1006 "-" "BW-HTTPClient/5.4" urt="2.616" 383 2.618
10.1.1.28 - c3 [30/Jun/2017:12:07:48 +0100] "GET /api/mpsl/monitor/smq/qlen.json HTTP/1.1" 200 122 "-" "curl/7.26.0" urt="0.009" 156 0.009
10.1.1.28 - c3 [30/Jun/2017:12:08:18 +0100] "GET /api/mpsl/monitor/smq/qlen.json HTTP/1.1" 200 122 "-" "curl/7.26.0" urt="0.010" 156 0.010
10.2.97.79 - c1.prd [30/Jun/2017:12:08:30 +0100] "GET /api/mpsl/goo/10.1.129.20/1/3/9/1.xml?no_http_errors=1 HTTP/1.1" 200 1008 "-" "BW-HTTPClient/5.4" urt="2.665" 383 2.667
10.2.97.79 - c1.prd [30/Jun/2017:12:08:32 +0100] "POST /api/mpsl/oc/10.1.128.20/1/1/1/22.xml HTTP/1.1" 201 157 "-" "BW-HTTPClient/5.4" urt="0.158" 686 0.159
10.2.97.78 - c1.prd [30/Jun/2017:12:08:41 +0100] "GET /api/mpsl/goo/10.1.169.20/1/6/0/19.xml?no_http_errors=1 HTTP/1.1" 200 1008 "-" "BW-HTTPClient/5.4" urt="3.743" 384 3.746
10.2.97.79 - c1.prd [30/Jun/2017:12:08:45 +0100] "GET /api/mpsl/goo/10.1.129.20/1/3/9/1.xml?no_http_errors=1 HTTP/1.1" 200 1008 "-" "BW-HTTPClient/5.4" urt="-" 383 0.001
10.1.1.28 - c3 [30/Jun/2017:12:08:48 +0100] "GET /api/mpsl/monitor/smq/qlen.json HTTP/1.1" 200 122 "-" "curl/7.26.0" urt="0.062" 156 0.062
10.2.97.79 - c1.prd [30/Jun/2017:12:08:55 +0100] "GET /api/mpsl/got2/10.1.125.20/1/6/7/22.xml?no_http_errors=1 HTTP/1.1" 200 1179 "-" "BW-HTTPClient/5.4" urt="3.103" 384 3.105
10.2.97.78 - c1.prd [30/Jun/2017:12:08:58 +0100] "GET /api/mpsl/goo/10.1.164.20/1/1/10/22.xml?no_http_errors=1 HTTP/1.1" 200 1008 "-" "BW-HTTPClient/5.4" urt="11.899" 385 11.902
10.1.1.28 - c3 [30/Jun/2017:12:09:17 +0100] "GET /api/mpsl/monitor/smq/qlen.json HTTP/1.1" 200 122 "-" "curl/7.26.0" urt="0.010" 156 0.010
10.2.97.78 - c1.prd [30/Jun/2017:12:09:31 +0100] "GET /api/mpsl/goo/10.1.165.20/1/4/4/16.xml?no_http_errors=1 HTTP/1.1" 200 1006 "-" "BW-HTTPClient/5.4" urt="14.720" 384 14.722
10.2.97.79 - c1.prd [30/Jun/2017:12:09:43 +0100] "GET /api/mpsl/goo/10.1.174.20/1/2/9/22.xml?no_http_errors=1 HTTP/1.1" 200 1008 "-" "BW-HTTPClient/5.4" urt="2.664" 384 2.666
10.1.1.28 - c3 [30/Jun/2017:12:09:48 +0100] "GET /api/mpsl/monitor/smq/qlen.json HTTP/1.1" 200 122 "-" "curl/7.26.0" urt="0.009" 156 0.009
10.5.47.222 - c2_prd [30/Jun/2017:12:10:06 +0100] "GET /api/mpsl/got2/10.5.7.21/1/2/1/16.json HTTP/1.1" 200 678 "-" "GuzzleHttp/6.2.1 curl/7.38.0 PHP/5.6.29-0+deb8u1" urt="3.552" 203 3.552
10.5.47.221 - c2_prd [30/Jun/2017:12:10:07 +0100] "GET /api/mpsl/got2/10.5.7.21/1/2/1/16.json HTTP/1.1" 200 678 "-" "GuzzleHttp/6.2.1 curl/7.38.0 PHP/5.6.24-0+deb8u1" urt="-" 203 0.000
10.1.1.28 - c3 [30/Jun/2017:12:10:18 +0100] "GET /api/mpsl/monitor/smq/qlen.json HTTP/1.1" 200 122 "-" "curl/7.26.0" urt="0.010" 156 0.010
10.1.1.28 - c3 [30/Jun/2017:12:10:30 +0100] "GET /api/mpsl/monitor/smq/qlen.json HTTP/1.1" 200 122 "-" "curl/7.26.0" urt="0.010" 156 0.010
10.2.97.79 - c1.prd [30/Jun/2017:12:10:50 +0100] "GET /api/mpsl/cv/10.1.164.20/1/1/11/7.xml HTTP/1.1" 200 0 "-" "BW-HTTPClient/5.4" urt="85.694" 465 85.694
10.1.1.28 - c3 [30/Jun/2017:12:10:51 +0100] "GET /api/mpsl/monitor/smq/qlen.json HTTP/1.1" 200 122 "-" "curl/7.26.0" urt="0.008" 156 0.008
10.2.97.78 - c1.prd [30/Jun/2017:12:11:10 +0100] "GET /api/mpsl/goo/10.1.165.20/1/4/4/16.xml?no_http_errors=1 HTTP/1.1" 200 1008 "-" "BW-HTTPClient/5.4" urt="14.838" 384 14.840
10.1.1.28 - c3 [30/Jun/2017:12:11:17 +0100] "GET /api/mpsl/monitor/smq/qlen.json HTTP/1.1" 200 122 "-" "curl/7.26.0" urt="0.010" 156 0.010
10.1.1.28 - c3 [30/Jun/2017:12:11:47 +0100] "GET /api/mpsl/monitor/smq/qlen.json HTTP/1.1" 200 122 "-" "curl/7.26.0" urt="0.010" 156 0.010
10.2.97.79 - c1.prd [30/Jun/2017:12:11:59 +0100] "GET /api/mpsl/goo/10.1.165.20/1/4/4/16.xml?no_http_errors=1 HTTP/1.1" 200 1008 "-" "BW-HTTPClient/5.4" urt="-" 384 0.002
10.2.97.78 - c1.prd [30/Jun/2017:12:12:04 +0100] "GET /api/mpsl/goo/10.1.168.20/1/6/14/28.xml?no_http_errors=1 HTTP/1.1" 200 1008 "-" "BW-HTTPClient/5.4" urt="2.830" 385 2.832
10.1.1.28 - c3 [30/Jun/2017:12:12:17 +0100] "GET /api/mpsl/monitor/smq/qlen.json HTTP/1.1" 200 122 "-" "curl/7.26.0" urt="0.009" 156 0.009
10.1.1.28 - c3 [30/Jun/2017:12:12:48 +0100] "GET /api/mpsl/monitor/smq/qlen.json HTTP/1.1" 200 122 "-" "curl/7.26.0" urt="0.009" 156 0.009
10.2.97.78 - c1.prd [30/Jun/2017:12:12:49 +0100] "POST /api/mpsl/ou/10.1.171.20/1/1/13/2.xml HTTP/1.1" 201 156 "-" "BW-HTTPClient/5.4" urt="0.119" 539 0.121
10.2.97.79 - c1.prd [30/Jun/2017:12:13:03 +0100] "GET /api/mpsl/got2/10.138.148.40/1/3/4/2.xml?no_http_errors=1 HTTP/1.1" 200 1180 "-" "BW-HTTPClient/5.4" urt="3.426" 383 3.428
10.2.97.79 - c1.prd [30/Jun/2017:12:13:06 +0100] "POST /api/mpsl/oub/10.1.164.20/1/2/0/2.xml?no_http_errors=1 HTTP/1.1" 200 161 "-" "BW-HTTPClient/5.4" urt="0.075" 696 0.077
10.2.97.78 - c1.prd [30/Jun/2017:12:13:13 +0100] "GET /api/mpsl/goo/10.1.167.20/1/3/2/16.xml?no_http_errors=1 HTTP/1.1" 200 1008 "-" "BW-HTTPClient/5.4" urt="3.939" 384 3.941
10.1.1.28 - c3 [30/Jun/2017:12:13:17 +0100] "GET /api/mpsl/monitor/smq/qlen.json HTTP/1.1" 200 122 "-" "curl/7.26.0" urt="0.009" 156 0.009
10.2.97.78 - c1.prd [30/Jun/2017:12:13:47 +0100] "GET /api/mpsl/cv/10.1.164.20/1/1/11/7.xml HTTP/1.1" 200 1391 "-" "BW-HTTPClient/5.4" urt="45.476" 465 45.478
10.1.1.28 - c3 [30/Jun/2017:12:13:48 +0100] "GET /api/mpsl/monitor/smq/qlen.json HTTP/1.1" 200 122 "-" "curl/7.26.0" urt="0.010" 156 0.010
10.2.97.79 - c1.prd [30/Jun/2017:12:13:48 +0100] "POST /api/mpsl/ou/10.1.127.20/1/3/2/1.xml HTTP/1.1" 201 156 "-" "BW-HTTPClient/5.4" urt="0.045" 538 0.046
10.2.97.79 - c1.prd [30/Jun/2017:12:13:51 +0100] "GET /api/mpsl/goo/10.1.164.20/1/1/11/7.xml?no_http_errors=1 HTTP/1.1" 200 1008 "-" "BW-HTTPClient/5.4" urt="2.704" 384 2.706
10.2.97.78 - c1.prd [30/Jun/2017:12:14:03 +0100] "GET /api/mpsl/goo/10.1.113.20/1/1/2/18.xml?no_http_errors=1 HTTP/1.1" 200 1008 "-" "BW-HTTPClient/5.4" urt="2.621" 384 2.631
10.2.97.78 - c1.prd [30/Jun/2017:12:14:15 +0100] "POST /api/mpsl/oco/10.138.148.40/1/3/4/2.xml HTTP/1.1" 201 162 "-" "BW-HTTPClient/5.4" urt="0.115" 678 0.117
10.1.1.28 - c3 [30/Jun/2017:12:14:18 +0100] "GET /api/mpsl/monitor/smq/qlen.json HTTP/1.1" 200 122 "-" "curl/7.26.0" urt="0.009" 156 0.009
10.1.1.28 - c3 [30/Jun/2017:12:14:48 +0100] "GET /api/mpsl/monitor/smq/qlen.json HTTP/1.1" 200 122 "-" "curl/7.26.0" urt="0.010" 156 0.010
10.2.97.79 - c1.prd [30/Jun/2017:12:14:48 +0100] "GET /api/mpsl/goo/10.1.172.20/1/3/8/5.xml?no_http_errors=1 HTTP/1.1" 200 1006 "-" "BW-HTTPClient/5.4" urt="3.860" 383 3.861
10.2.97.78 - c1.prd [30/Jun/2017:12:14:51 +0100] "GET /api/mpsl/goo/10.1.113.20/1/1/2/18.xml?no_http_errors=1 HTTP/1.1" 200 1008 "-" "BW-HTTPClient/5.4" urt="-" 384 0.001
10.1.1.28 - c3 [30/Jun/2017:12:15:17 +0100] "GET /api/mpsl/monitor/smq/qlen.json HTTP/1.1" 200 122 "-" "curl/7.26.0" urt="0.010" 156 0.010
10.1.1.28 - c3 [30/Jun/2017:12:15:33 +0100] "GET /api/mpsl/monitor/smq/qlen.json HTTP/1.1" 200 122 "-" "curl/7.26.0" urt="0.010" 156 0.010
10.2.97.79 - c1.prd [30/Jun/2017:12:15:43 +0100] "GET /api/mpsl/got2/10.1.173.20/1/5/6/7.xml?no_http_errors=1 HTTP/1.1" 200 1179 "-" "BW-HTTPClient/5.4" urt="30.374" 383 30.376
10.1.1.28 - c3 [30/Jun/2017:12:15:54 +0100] "GET /api/mpsl/monitor/smq/qlen.json HTTP/1.1" 200 122 "-" "curl/7.26.0" urt="0.010" 156 0.010
10.1.1.28 - c3 [30/Jun/2017:12:16:17 +0100] "GET /api/mpsl/monitor/smq/qlen.json HTTP/1.1" 200 122 "-" "curl/7.26.0" urt="0.011" 156 0.011
10.2.97.78 - c1.prd [30/Jun/2017:12:16:25 +0100] "GET /api/mpsl/goo/10.1.133.20/1/5/0/4.xml?no_http_errors=1 HTTP/1.1" 200 1008 "-" "BW-HTTPClient/5.4" urt="3.728" 383 3.738
10.2.97.79 - c1.prd [30/Jun/2017:12:16:43 +0100] "GET /api/mpsl/goo/10.138.148.40/1/2/11/36.xml?no_http_errors=1 HTTP/1.1" 200 1009 "-" "BW-HTTPClient/5.4" urt="3.769" 385 3.771
10.1.1.28 - c3 [30/Jun/2017:12:16:47 +0100] "GET /api/mpsl/monitor/smq/qlen.json HTTP/1.1" 200 122 "-" "curl/7.26.0" urt="0.010" 156 0.010
10.2.97.78 - c1.prd [30/Jun/2017:12:17:01 +0100] "GET /api/mpsl/goo/10.1.133.20/1/5/0/4.xml?no_http_errors=1 HTTP/1.1" 200 1008 "-" "BW-HTTPClient/5.4" urt="-" 383 0.002
10.1.1.28 - c3 [30/Jun/2017:12:17:18 +0100] "GET /api/mpsl/monitor/smq/qlen.json HTTP/1.1" 200 122 "-" "curl/7.26.0" urt="0.010" 156 0.010
10.2.97.79 - c1.prd [30/Jun/2017:12:17:26 +0100] "GET /api/mpsl/goo/10.1.125.20/1/6/15/18.xml?no_http_errors=1 HTTP/1.1" 200 1008 "-" "BW-HTTPClient/5.4" urt="3.753" 385 3.754
10.2.97.78 - c1.prd [30/Jun/2017:12:17:32 +0100] "POST /api/mpsl/ou/10.1.129.20/1/5/0/21.xml HTTP/1.1" 201 156 "-" "BW-HTTPClient/5.4" urt="0.062" 538 0.063
10.1.1.28 - c3 [30/Jun/2017:12:17:47 +0100] "GET /api/mpsl/monitor/smq/qlen.json HTTP/1.1" 200 122 "-" "curl/7.26.0" urt="0.009" 156 0.009
10.2.97.79 - c1.prd [30/Jun/2017:12:18:04 +0100] "POST /api/mpsl/com/10.1.126.20/1/4/1/37.xml HTTP/1.1" 201 166 "-" "BW-HTTPClient/5.4" urt="0.076" 685 0.077
10.2.97.78 - c1.prd [30/Jun/2017:12:18:12 +0100] "GET /api/mpsl/got2/10.1.173.20/1/5/1/22.xml?no_http_errors=1 HTTP/1.1" 200 1177 "-" "BW-HTTPClient/5.4" urt="36.467" 384 36.469
10.2.97.79 - c1.prd [30/Jun/2017:12:18:15 +0100] "GET /api/mpsl/goo/10.1.160.20/1/2/6/23.xml?no_http_errors=1 HTTP/1.1" 200 1008 "-" "BW-HTTPClient/5.4" urt="14.479" 384 14.481
10.1.1.28 - c3 [30/Jun/2017:12:18:17 +0100] "GET /api/mpsl/monitor/smq/qlen.json HTTP/1.1" 200 122 "-" "curl/7.26.0" urt="0.010" 156 0.010
10.1.1.28 - c3 [30/Jun/2017:12:18:48 +0100] "GET /api/mpsl/monitor/smq/qlen.json HTTP/1.1" 200 122 "-" "curl/7.26.0" urt="0.008" 156 0.008
10.1.1.28 - c3 [30/Jun/2017:12:19:17 +0100] "GET /api/mpsl/monitor/smq/qlen.json HTTP/1.1" 200 122 "-" "curl/7.26.0" urt="0.009" 156 0.009
10.2.97.79 - c1.prd [30/Jun/2017:12:19:18 +0100] "GET /api/mpsl/cv/10.1.166.20/1/1/2/7.xml HTTP/1.1" 200 0 "-" "BW-HTTPClient/5.4" urt="107.734" 464 107.734
10.1.1.28 - c3 [30/Jun/2017:12:19:48 +0100] "GET /api/mpsl/monitor/smq/qlen.json HTTP/1.1" 200 122 "-" "curl/7.26.0" urt="0.009" 156 0.009
10.2.97.78 - c1.prd [30/Jun/2017:12:19:49 +0100] "GET /api/mpsl/goo/10.1.169.20/1/6/6/13.xml?no_http_errors=1 HTTP/1.1" 200 1009 "-" "BW-HTTPClient/5.4" urt="2.740" 384 2.741
10.2.97.79 - c1.prd [30/Jun/2017:12:20:08 +0100] "GET /api/mpsl/goo/10.138.130.45/1/1/14/26.xml?no_http_errors=1 HTTP/1.1" 200 981 "-" "BW-HTTPClient/5.4" urt="2.436" 385 2.437
10.2.97.78 - c1.prd [30/Jun/2017:12:20:09 +0100] "GET /api/mpsl/goo/10.138.130.45/1/1/14/26.xml?no_http_errors=1 HTTP/1.1" 200 981 "-" "BW-HTTPClient/5.4" urt="-" 385 0.002
10.2.97.79 - c1.prd [30/Jun/2017:12:20:11 +0100] "GET /api/mpsl/goo/10.138.130.45/1/1/14/26.xml?no_http_errors=1 HTTP/1.1" 200 981 "-" "BW-HTTPClient/5.4" urt="-" 385 0.002
10.2.97.78 - c1.prd [30/Jun/2017:12:20:11 +0100] "GET /api/mpsl/goo/10.138.130.45/1/1/14/26.xml?no_http_errors=1 HTTP/1.1" 200 981 "-" "BW-HTTPClient/5.4" urt="-" 385 0.001
10.2.97.79 - c1.prd [30/Jun/2017:12:20:16 +0100] "GET /api/mpsl/goo/10.138.130.45/1/1/14/26.xml?no_http_errors=1 HTTP/1.1" 200 981 "-" "BW-HTTPClient/5.4" urt="-" 385 0.002
10.2.97.78 - c1.prd [30/Jun/2017:12:20:16 +0100] "GET /api/mpsl/goo/10.138.130.45/1/1/14/26.xml?no_http_errors=1 HTTP/1.1" 200 981 "-" "BW-HTTPClient/5.4" urt="-" 385 0.002
10.1.1.28 - c3 [30/Jun/2017:12:20:18 +0100] "GET /api/mpsl/monitor/smq/qlen.json HTTP/1.1" 200 122 "-" "curl/7.26.0" urt="0.010" 156 0.010
10.2.97.78 - c1.prd [30/Jun/2017:12:20:21 +0100] "GET /api/mpsl/cv/10.1.174.20/1/5/12/17.xml HTTP/1.1" 200 0 "-" "BW-HTTPClient/5.4" urt="76.312" 466 76.312
10.2.97.79 - c1.prd [30/Jun/2017:12:20:24 +0100] "GET /api/mpsl/goo/10.1.126.20/1/4/1/37.xml?no_http_errors=1 HTTP/1.1" 200 1004 "-" "BW-HTTPClient/5.4" urt="2.602" 384 2.603
10.2.97.78 - c1.prd [30/Jun/2017:12:20:25 +0100] "GET /api/mpsl/goo/10.1.171.20/1/2/10/35.xml?no_http_errors=1 HTTP/1.1" 200 1007 "-" "BW-HTTPClient/5.4" urt="2.610" 385 2.612
10.1.1.28 - c3 [30/Jun/2017:12:20:32 +0100] "GET /api/mpsl/monitor/smq/qlen.json HTTP/1.1" 200 122 "-" "curl/7.26.0" urt="0.009" 156 0.009
10.1.1.28 - c3 [30/Jun/2017:12:20:53 +0100] "GET /api/mpsl/monitor/smq/qlen.json HTTP/1.1" 200 122 "-" "curl/7.26.0" urt="0.009" 156 0.009
10.2.97.78 - c1.prd [30/Jun/2017:12:21:11 +0100] "GET /api/mpsl/cv/10.1.130.20/1/3/14/18.xml HTTP/1.1" 200 1391 "-" "BW-HTTPClient/5.4" urt="6.004" 466 6.006
10.2.97.79 - c1.prd [30/Jun/2017:12:21:14 +0100] "GET /api/mpsl/goo/10.1.130.20/1/3/14/18.xml?no_http_errors=1 HTTP/1.1" 200 983 "-" "BW-HTTPClient/5.4" urt="2.452" 385 2.454
10.1.1.28 - c3 [30/Jun/2017:12:21:18 +0100] "GET /api/mpsl/monitor/smq/qlen.json HTTP/1.1" 200 122 "-" "curl/7.26.0" urt="0.009" 156 0.009
10.2.97.78 - c1.prd [30/Jun/2017:12:21:19 +0100] "GET /api/mpsl/goo/10.1.130.20/1/3/14/14.xml?no_http_errors=1 HTTP/1.1" 200 1007 "-" "BW-HTTPClient/5.4" urt="2.699" 385 2.701
10.2.97.79 - c1.prd [30/Jun/2017:12:21:22 +0100] "GET /api/mpsl/goo/10.1.130.20/1/3/14/0.xml?no_http_errors=1 HTTP/1.1" 200 1007 "-" "BW-HTTPClient/5.4" urt="2.683" 384 2.685
10.2.97.79 - c1.prd [30/Jun/2017:12:21:32 +0100] "GET /api/mpsl/cv/10.1.166.20/1/1/2/7.xml HTTP/1.1" 200 0 "-" "BW-HTTPClient/5.4" urt="106.053" 464 106.053
10.2.97.79 - c1.prd [30/Jun/2017:12:21:34 +0100] "GET /api/mpsl/goo/10.1.130.20/1/3/14/0.xml?no_http_errors=1 HTTP/1.1" 200 1007 "-" "BW-HTTPClient/5.4" urt="-" 384 0.002
10.2.97.79 - c1.prd [30/Jun/2017:12:21:34 +0100] "GET /api/mpsl/goo/10.1.130.20/1/3/14/14.xml?no_http_errors=1 HTTP/1.1" 200 1007 "-" "BW-HTTPClient/5.4" urt="-" 385 0.002
10.2.97.79 - c1.prd [30/Jun/2017:12:21:37 +0100] "GET /api/mpsl/goo/10.1.130.20/1/3/14/5.xml?no_http_errors=1 HTTP/1.1" 200 1006 "-" "BW-HTTPClient/5.4" urt="2.711" 384 2.713
10.2.97.78 - c1.prd [30/Jun/2017:12:21:37 +0100] "GET /api/mpsl/goo/10.1.130.20/1/3/14/12.xml?no_http_errors=1 HTTP/1.1" 200 1006 "-" "BW-HTTPClient/5.4" urt="2.884" 385 2.886
10.2.97.78 - c1.prd [30/Jun/2017:12:21:37 +0100] "GET /api/mpsl/goo/10.1.130.20/1/3/14/17.xml?no_http_errors=1 HTTP/1.1" 200 1008 "-" "BW-HTTPClient/5.4" urt="3.013" 385 3.015
10.2.97.78 - c1.prd [30/Jun/2017:12:21:38 +0100] "GET /api/mpsl/goo/10.1.130.20/1/3/14/19.xml?no_http_errors=1 HTTP/1.1" 200 1007 "-" "BW-HTTPClient/5.4" urt="3.197" 385 3.199
10.2.97.78 - c1.prd [30/Jun/2017:12:21:38 +0100] "GET /api/mpsl/goo/10.1.130.20/1/3/14/10.xml?no_http_errors=1 HTTP/1.1" 200 1008 "-" "BW-HTTPClient/5.4" urt="3.371" 385 3.373
10.2.97.79 - c1.prd [30/Jun/2017:12:21:38 +0100] "GET /api/mpsl/goo/10.1.130.20/1/3/14/11.xml?no_http_errors=1 HTTP/1.1" 200 1007 "-" "BW-HTTPClient/5.4" urt="3.569" 385 3.571
10.2.97.79 - c1.prd [30/Jun/2017:12:21:38 +0100] "GET /api/mpsl/goo/10.1.130.20/1/3/14/8.xml?no_http_errors=1 HTTP/1.1" 200 1008 "-" "BW-HTTPClient/5.4" urt="3.735" 384 3.737
10.2.97.78 - c1.prd [30/Jun/2017:12:21:40 +0100] "GET /api/mpsl/goo/10.1.130.20/1/3/14/3.xml?no_http_errors=1 HTTP/1.1" 200 1008 "-" "BW-HTTPClient/5.4" urt="5.344" 384 5.345
10.2.97.79 - c1.prd [30/Jun/2017:12:21:40 +0100] "GET /api/mpsl/goo/10.1.130.20/1/3/14/2.xml?no_http_errors=1 HTTP/1.1" 200 1008 "-" "BW-HTTPClient/5.4" urt="5.594" 384 5.595
10.2.97.79 - c1.prd [30/Jun/2017:12:21:40 +0100] "GET /api/mpsl/goo/10.1.130.20/1/3/14/9.xml?no_http_errors=1 HTTP/1.1" 200 1008 "-" "BW-HTTPClient/5.4" urt="6.036" 384 6.038
10.2.97.78 - c1.prd [30/Jun/2017:12:21:41 +0100] "GET /api/mpsl/goo/10.1.130.20/1/3/14/13.xml?no_http_errors=1 HTTP/1.1" 200 1007 "-" "BW-HTTPClient/5.4" urt="6.209" 385 6.211
10.2.97.78 - c1.prd [30/Jun/2017:12:21:41 +0100] "GET /api/mpsl/goo/10.1.130.20/1/3/14/1.xml?no_http_errors=1 HTTP/1.1" 200 1008 "-" "BW-HTTPClient/5.4" urt="6.379" 384 6.381
10.2.97.79 - c1.prd [30/Jun/2017:12:21:41 +0100] "GET /api/mpsl/goo/10.1.130.20/1/3/14/4.xml?no_http_errors=1 HTTP/1.1" 200 1008 "-" "BW-HTTPClient/5.4" urt="6.532" 384 6.534
10.2.97.79 - c1.prd [30/Jun/2017:12:21:41 +0100] "GET /api/mpsl/goo/10.1.130.20/1/3/14/15.xml?no_http_errors=1 HTTP/1.1" 200 1006 "-" "BW-HTTPClient/5.4" urt="6.929" 385 6.931
10.2.97.78 - c1.prd [30/Jun/2017:12:21:43 +0100] "GET /api/mpsl/goo/10.1.130.20/1/3/14/7.xml?no_http_errors=1 HTTP/1.1" 200 1007 "-" "BW-HTTPClient/5.4" urt="8.093" 384 8.095
10.2.97.79 - c1.prd [30/Jun/2017:12:21:43 +0100] "POST /api/mpsl/oco/10.138.148.40/1/3/11/7.xml HTTP/1.1" 201 162 "-" "BW-HTTPClient/5.4" urt="0.093" 680 0.095
10.2.97.78 - c1.prd [30/Jun/2017:12:21:46 +0100] "GET /api/mpsl/got2/10.1.132.20/1/2/3/26.xml?no_http_errors=1 HTTP/1.1" 200 1179 "-" "BW-HTTPClient/5.4" urt="3.062" 384 3.065
10.1.1.28 - c3 [30/Jun/2017:12:21:48 +0100] "GET /api/mpsl/monitor/smq/qlen.json HTTP/1.1" 200 122 "-" "curl/7.26.0" urt="0.009" 156 0.009
10.2.97.78 - c1.prd [30/Jun/2017:12:21:50 +0100] "GET /api/mpsl/goo/10.1.172.20/1/13/10/3.xml?no_http_errors=1 HTTP/1.1" 200 1003 "-" "BW-HTTPClient/5.4" urt="17.376" 385 17.379
10.2.97.79 - c1.prd [30/Jun/2017:12:21:56 +0100] "GET /api/mpsl/goo/10.1.126.20/1/4/1/37.xml?no_http_errors=1 HTTP/1.1" 200 1005 "-" "BW-HTTPClient/5.4" urt="2.531" 384 2.533
10.1.1.28 - c3 [30/Jun/2017:12:22:18 +0100] "GET /api/mpsl/monitor/smq/qlen.json HTTP/1.1" 200 122 "-" "curl/7.26.0" urt="0.008" 156 0.008
10.2.97.79 - c1.prd [30/Jun/2017:12:22:38 +0100] "GET /api/mpsl/cv/10.1.166.20/1/1/2/7.xml HTTP/1.1" 200 0 "-" "BW-HTTPClient/5.4" urt="105.081" 464 105.081
10.2.97.78 - c1.prd [30/Jun/2017:12:22:42 +0100] "GET /api/mpsl/cv/10.1.172.20/1/6/12/20.xml HTTP/1.1" 200 0 "-" "BW-HTTPClient/5.4" urt="111.984" 466 111.984
10.1.1.28 - c3 [30/Jun/2017:12:22:47 +0100] "GET /api/mpsl/monitor/smq/qlen.json HTTP/1.1" 200 122 "-" "curl/7.26.0" urt="0.009" 156 0.009
10.1.1.28 - c3 [30/Jun/2017:12:23:17 +0100] "GET /api/mpsl/monitor/smq/qlen.json HTTP/1.1" 200 122 "-" "curl/7.26.0" urt="0.010" 156 0.010
10.2.97.79 - c1.prd [30/Jun/2017:12:23:19 +0100] "GET /api/mpsl/goo/10.1.126.20/1/4/1/37.xml?no_http_errors=1 HTTP/1.1" 200 1005 "-" "BW-HTTPClient/5.4" urt="2.598" 384 2.600
10.2.97.79 - c1.prd [30/Jun/2017:12:23:21 +0100] "GET /api/mpsl/cv/10.138.148.40/1/1/13/17.xml HTTP/1.1" 200 1389 "-" "BW-HTTPClient/5.4" urt="6.275" 464 6.277
10.2.97.78 - c1.prd [30/Jun/2017:12:23:24 +0100] "GET /api/mpsl/goo/10.138.148.40/1/1/13/17.xml?no_http_errors=1 HTTP/1.1" 200 1005 "-" "BW-HTTPClient/5.4" urt="2.685" 385 2.687
10.2.97.78 - c1.prd [30/Jun/2017:12:23:41 +0100] "GET /api/mpsl/got2/10.1.172.20/1/5/14/34.xml?no_http_errors=1 HTTP/1.1" 200 1180 "-" "BW-HTTPClient/5.4" urt="40.044" 385 40.047
10.2.97.78 - c1.prd [30/Jun/2017:12:23:43 +0100] "GET /api/mpsl/cv/10.1.174.20/1/4/7/3.xml HTTP/1.1" 200 1391 "-" "BW-HTTPClient/5.4" urt="12.424" 464 12.426
10.2.97.79 - c1.prd [30/Jun/2017:12:23:46 +0100] "GET /api/mpsl/goo/10.1.174.20/1/4/7/3.xml?no_http_errors=1 HTTP/1.1" 200 1008 "-" "BW-HTTPClient/5.4" urt="3.687" 383 3.689
10.1.1.28 - c3 [30/Jun/2017:12:23:47 +0100] "GET /api/mpsl/monitor/smq/qlen.json HTTP/1.1" 200 122 "-" "curl/7.26.0" urt="0.009" 156 0.009
10.2.97.78 - c1.prd [30/Jun/2017:12:24:04 +0100] "GET /api/mpsl/goo/10.1.166.20/1/7/12/12.xml?no_http_errors=1 HTTP/1.1" 200 1006 "-" "BW-HTTPClient/5.4" urt="16.155" 385 16.156
10.1.1.28 - c3 [30/Jun/2017:12:24:18 +0100] "GET /api/mpsl/monitor/smq/qlen.json HTTP/1.1" 200 122 "-" "curl/7.26.0" urt="0.010" 156 0.010
10.2.97.79 - c1.prd [30/Jun/2017:12:24:24 +0100] "GET /api/mpsl/goo/10.1.182.50/1/3/5/49.xml?no_http_errors=1 HTTP/1.1" 200 1007 "-" "BW-HTTPClient/5.4" urt="16.369" 384 16.371
10.2.97.78 - c1.prd [30/Jun/2017:12:24:30 +0100] "GET /api/mpsl/goo/10.1.133.20/1/5/0/4.xml?no_http_errors=1 HTTP/1.1" 200 1008 "-" "BW-HTTPClient/5.4" urt="2.616" 383 2.618
10.2.97.79 - c1.prd [30/Jun/2017:12:24:38 +0100] "GET /api/mpsl/cv/10.1.174.20/1/4/7/3.xml HTTP/1.1" 200 1391 "-" "BW-HTTPClient/5.4" urt="-" 464 0.002
10.2.97.78 - c1.prd [30/Jun/2017:12:24:38 +0100] "GET /api/mpsl/goo/10.1.174.20/1/4/7/3.xml?no_http_errors=1 HTTP/1.1" 200 1008 "-" "BW-HTTPClient/5.4" urt="-" 383 0.002
10.1.1.28 - c3 [30/Jun/2017:12:24:47 +0100] "GET /api/mpsl/monitor/smq/qlen.json HTTP/1.1" 200 122 "-" "curl/7.26.0" urt="0.009" 156 0.009
10.2.97.79 - c1.prd [30/Jun/2017:12:24:50 +0100] "GET /api/mpsl/goo/10.1.172.20/1/13/10/3.xml?no_http_errors=1 HTTP/1.1" 200 1008 "-" "BW-HTTPClient/5.4" urt="17.169" 385 17.178
10.2.97.79 - c1.prd [30/Jun/2017:12:24:57 +0100] "GET /api/mpsl/goo/10.1.174.20/1/4/7/3.xml?no_http_errors=1 HTTP/1.1" 200 1007 "-" "BW-HTTPClient/5.4" urt="3.423" 383 3.425
10.2.97.78 - c1.prd [30/Jun/2017:12:25:11 +0100] "GET /api/mpsl/goo/10.1.174.20/1/4/7/3.xml?no_http_errors=1 HTTP/1.1" 200 1007 "-" "BW-HTTPClient/5.4" urt="-" 383 0.002
10.1.1.28 - c3 [30/Jun/2017:12:25:17 +0100] "GET /api/mpsl/monitor/smq/qlen.json HTTP/1.1" 200 122 "-" "curl/7.26.0" urt="0.010" 156 0.010
10.2.97.79 - c1.prd [30/Jun/2017:12:25:25 +0100] "GET /api/mpsl/goo/10.1.126.20/1/4/1/37.xml?no_http_errors=1 HTTP/1.1" 200 1005 "-" "BW-HTTPClient/5.4" urt="2.788" 384 2.790
10.2.97.78 - c1.prd [30/Jun/2017:12:25:26 +0100] "GET /api/mpsl/cv/10.1.126.20/1/8/8/3.xml HTTP/1.1" 200 1391 "-" "BW-HTTPClient/5.4" urt="6.256" 464 6.258
10.2.97.78 - c1.prd [30/Jun/2017:12:25:28 +0100] "GET /api/mpsl/goo/10.1.126.20/1/8/8/3.xml?no_http_errors=1 HTTP/1.1" 200 1005 "-" "BW-HTTPClient/5.4" urt="2.611" 383 2.613
10.1.1.28 - c3 [30/Jun/2017:12:25:42 +0100] "GET /api/mpsl/monitor/smq/qlen.json HTTP/1.1" 200 122 "-" "curl/7.26.0" urt="0.008" 156 0.008
10.1.1.28 - c3 [30/Jun/2017:12:25:52 +0100] "GET /api/mpsl/monitor/smq/qlen.json HTTP/1.1" 200 122 "-" "curl/7.26.0" urt="0.009" 156 0.009
10.1.1.28 - c3 [30/Jun/2017:12:26:17 +0100] "GET /api/mpsl/monitor/smq/qlen.json HTTP/1.1" 200 122 "-" "curl/7.26.0" urt="0.010" 156 0.010
10.2.97.79 - c1.prd [30/Jun/2017:12:26:21 +0100] "GET /api/mpsl/cv/10.1.174.20/1/4/7/3.xml HTTP/1.1" 200 1391 "-" "BW-HTTPClient/5.4" urt="-" 464 0.002
10.2.97.79 - c1.prd [30/Jun/2017:12:26:25 +0100] "GET /api/mpsl/goo/10.1.174.20/1/4/7/3.xml?no_http_errors=1 HTTP/1.1" 200 1008 "-" "BW-HTTPClient/5.4" urt="3.669" 383 3.671
10.144.100.17 - c5 [30/Jun/2017:12:26:26 +0100] "GET /api/mpsl/got2/10.138.130.45/1/1/14/26.xml HTTP/1.1" 200 1153 "-" "curl/7.15.5 (i386-redhat-linux-gnu) libcurl/7.15.5 OpenSSL/0.9.8b zlib/1.2.3 libidn/0.6.5" urt="2.876" 259 2.876
10.144.100.17 - c5 [30/Jun/2017:12:26:47 +0100] "GET /api/mpsl/od/10.138.130.45.xml HTTP/1.1" 200 1303 "-" "curl/7.15.5 (i386-redhat-linux-gnu) libcurl/7.15.5 OpenSSL/0.9.8b zlib/1.2.3 libidn/0.6.5" urt="2.470" 248 2.470
10.1.1.28 - c3 [30/Jun/2017:12:26:50 +0100] "GET /api/mpsl/monitor/smq/qlen.json HTTP/1.1" 200 122 "-" "curl/7.26.0" urt="0.009" 156 0.009
10.1.1.28 - c3 [30/Jun/2017:12:27:18 +0100] "GET /api/mpsl/monitor/smq/qlen.json HTTP/1.1" 200 122 "-" "curl/7.26.0" urt="0.009" 156 0.009
10.2.97.78 - c1.prd [30/Jun/2017:12:27:24 +0100] "GET /api/mpsl/goo/10.1.167.20/1/3/2/16.xml?no_http_errors=1 HTTP/1.1" 200 1008 "-" "BW-HTTPClient/5.4" urt="16.848" 384 16.849
10.2.97.78 - c1.prd [30/Jun/2017:12:27:34 +0100] "GET /api/mpsl/cv/10.1.126.20/1/8/8/3.xml HTTP/1.1" 200 1391 "-" "BW-HTTPClient/5.4" urt="-" 464 0.002
10.2.97.79 - c1.prd [30/Jun/2017:12:27:37 +0100] "GET /api/mpsl/goo/10.1.126.20/1/8/8/3.xml?no_http_errors=1 HTTP/1.1" 200 1005 "-" "BW-HTTPClient/5.4" urt="2.612" 383 2.617
10.144.100.17 - c5 [30/Jun/2017:12:27:46 +0100] "GET /api/mpsl/od/10.138.130.45.xml HTTP/1.1" 200 1303 "-" "curl/7.15.5 (i386-redhat-linux-gnu) libcurl/7.15.5 OpenSSL/0.9.8b zlib/1.2.3 libidn/0.6.5" urt="-" 248 0.000
10.1.1.28 - c3 [30/Jun/2017:12:27:48 +0100] "GET /api/mpsl/monitor/smq/qlen.json HTTP/1.1" 200 122 "-" "curl/7.26.0" urt="0.009" 156 0.009
10.2.97.78 - c1.prd [30/Jun/2017:12:27:54 +0100] "GET /api/mpsl/goo/10.1.166.20/1/4/15/21.xml?no_http_errors=1 HTTP/1.1" 200 1007 "-" "BW-HTTPClient/5.4" urt="16.708" 385 16.710
10.2.97.78 - c1.prd [30/Jun/2017:12:28:00 +0100] "GET /api/mpsl/goo/10.1.133.20/1/6/12/0.xml?no_http_errors=1 HTTP/1.1" 200 1007 "-" "BW-HTTPClient/5.4" urt="2.621" 384 2.623
10.2.97.79 - c1.prd [30/Jun/2017:12:28:01 +0100] "GET /api/mpsl/goo/10.1.133.20/1/6/12/0.xml?no_http_errors=1 HTTP/1.1" 200 1007 "-" "BW-HTTPClient/5.4" urt="-" 384 0.002
10.2.97.78 - c1.prd [30/Jun/2017:12:28:02 +0100] "GET /api/mpsl/goo/10.1.133.20/1/6/12/0.xml?no_http_errors=1 HTTP/1.1" 200 1007 "-" "BW-HTTPClient/5.4" urt="-" 384 0.002
10.2.97.79 - c1.prd [30/Jun/2017:12:28:03 +0100] "GET /api/mpsl/goo/10.1.133.20/1/6/12/0.xml?no_http_errors=1 HTTP/1.1" 200 1007 "-" "BW-HTTPClient/5.4" urt="-" 384 0.002
10.2.97.78 - c1.prd [30/Jun/2017:12:28:07 +0100] "GET /api/mpsl/got2/10.1.129.20/1/1/4/4.xml?no_http_errors=1 HTTP/1.1" 200 1179 "-" "BW-HTTPClient/5.4" urt="3.231" 383 3.232
10.1.1.28 - c3 [30/Jun/2017:12:28:18 +0100] "GET /api/mpsl/monitor/smq/qlen.json HTTP/1.1" 200 122 "-" "curl/7.26.0" urt="0.011" 156 0.011
10.2.97.79 - c1.prd [30/Jun/2017:12:28:30 +0100] "GET /api/mpsl/got2/10.1.166.20/1/4/0/8.xml?no_http_errors=1 HTTP/1.1" 200 1180 "-" "BW-HTTPClient/5.4" urt="34.906" 383 34.907
10.1.1.28 - c3 [30/Jun/2017:12:28:47 +0100] "GET /api/mpsl/monitor/smq/qlen.json HTTP/1.1" 200 122 "-" "curl/7.26.0" urt="0.009" 156 0.009
10.2.97.79 - c1.prd [30/Jun/2017:12:29:05 +0100] "GET /api/mpsl/got2/10.1.160.20/1/2/8/23.xml?no_http_errors=1 HTTP/1.1" 200 1179 "-" "BW-HTTPClient/5.4" urt="29.065" 384 29.067
10.1.1.28 - c3 [30/Jun/2017:12:29:17 +0100] "GET /api/mpsl/monitor/smq/qlen.json HTTP/1.1" 200 122 "-" "curl/7.26.0" urt="0.010" 156 0.010
10.2.97.78 - c1.prd [30/Jun/2017:12:29:25 +0100] "GET /api/mpsl/goo/10.1.125.20/1/6/15/18.xml?no_http_errors=1 HTTP/1.1" 200 1007 "-" "BW-HTTPClient/5.4" urt="2.632" 385 2.634
10.2.97.79 - c1.prd [30/Jun/2017:12:29:30 +0100] "GET /api/mpsl/goo/10.1.129.20/1/3/9/1.xml?no_http_errors=1 HTTP/1.1" 200 1007 "-" "BW-HTTPClient/5.4" urt="2.708" 383 2.709
10.2.97.78 - c1.prd [30/Jun/2017:12:29:37 +0100] "POST /api/mpsl/oco/10.1.129.20/1/1/4/4.xml HTTP/1.1" 201 162 "-" "BW-HTTPClient/5.4" urt="0.066" 680 0.067
10.2.97.79 - c1.prd [30/Jun/2017:12:29:42 +0100] "POST /api/mpsl/ou/10.1.129.20/1/1/2/5.xml HTTP/1.1" 201 156 "-" "BW-HTTPClient/5.4" urt="0.043" 538 0.044
10.1.1.28 - c3 [30/Jun/2017:12:29:47 +0100] "GET /api/mpsl/monitor/smq/qlen.json HTTP/1.1" 200 122 "-" "curl/7.26.0" urt="0.009" 156 0.009
10.2.97.78 - c1.prd [30/Jun/2017:12:30:03 +0100] "GET /api/mpsl/goo/10.1.125.20/1/6/15/18.xml?no_http_errors=1 HTTP/1.1" 200 1007 "-" "BW-HTTPClient/5.4" urt="-" 385 0.004
10.1.1.28 - c3 [30/Jun/2017:12:30:18 +0100] "GET /api/mpsl/monitor/smq/qlen.json HTTP/1.1" 200 122 "-" "curl/7.26.0" urt="0.009" 156 0.009
10.1.1.28 - c3 [30/Jun/2017:12:30:41 +0100] "GET /api/mpsl/monitor/smq/qlen.json HTTP/1.1" 200 122 "-" "curl/7.26.0" urt="0.009" 156 0.009
10.1.1.28 - c3 [30/Jun/2017:12:30:51 +0100] "GET /api/mpsl/monitor/smq/qlen.json HTTP/1.1" 200 122 "-" "curl/7.26.0" urt="0.009" 156 0.009
10.2.97.79 - c1.prd [30/Jun/2017:12:30:54 +0100] "GET /api/mpsl/cv/10.1.168.20/1/12/11/31.xml HTTP/1.1" 200 0 "-" "BW-HTTPClient/5.4" urt="107.086" 467 107.086
10.2.97.79 - c1.prd [30/Jun/2017:12:31:15 +0100] "GET /api/mpsl/goo/10.1.135.20/1/1/12/7.xml?no_http_errors=1 HTTP/1.1" 200 981 "-" "BW-HTTPClient/5.4" urt="2.416" 384 2.418
10.2.97.78 - c1.prd [30/Jun/2017:12:31:18 +0100] "GET /api/mpsl/goo/10.1.135.20/1/1/12/7.xml?no_http_errors=1 HTTP/1.1" 200 981 "-" "BW-HTTPClient/5.4" urt="-" 384 0.002
10.1.1.28 - c3 [30/Jun/2017:12:31:18 +0100] "GET /api/mpsl/monitor/smq/qlen.json HTTP/1.1" 200 122 "-" "curl/7.26.0" urt="0.009" 156 0.009
10.2.97.79 - c1.prd [30/Jun/2017:12:31:23 +0100] "GET /api/mpsl/goo/10.1.135.20/1/1/12/7.xml?no_http_errors=1 HTTP/1.1" 200 981 "-" "BW-HTTPClient/5.4" urt="-" 384 0.002
10.2.97.78 - c1.prd [30/Jun/2017:12:31:32 +0100] "POST /api/mpsl/oc/10.1.125.20/1/7/13/12.xml HTTP/1.1" 201 157 "-" "BW-HTTPClient/5.4" urt="0.074" 687 0.075
10.2.97.79 - c1.prd [30/Jun/2017:12:31:38 +0100] "POST /api/mpsl/oco/10.1.171.20/1/1/10/19.xml HTTP/1.1" 201 162 "-" "BW-HTTPClient/5.4" urt="0.057" 681 0.059
10.2.97.78 - c1.prd [30/Jun/2017:12:31:47 +0100] "GET /api/mpsl/cv/10.1.168.20/1/16/4/8.xml HTTP/1.1" 200 0 "-" "BW-HTTPClient/5.4" urt="104.544" 465 104.544
10.1.1.28 - c3 [30/Jun/2017:12:31:47 +0100] "GET /api/mpsl/monitor/smq/qlen.json HTTP/1.1" 200 122 "-" "curl/7.26.0" urt="0.008" 156 0.008
10.2.97.78 - c1.prd [30/Jun/2017:12:32:04 +0100] "GET /api/mpsl/got2/10.1.161.20/1/2/5/13.xml?no_http_errors=1 HTTP/1.1" 200 1180 "-" "BW-HTTPClient/5.4" urt="3.271" 384 3.273
10.2.97.79 - c1.prd [30/Jun/2017:12:32:07 +0100] "GET /api/mpsl/cv/10.1.126.20/1/8/8/3.xml HTTP/1.1" 200 0 "-" "BW-HTTPClient/5.4" urt="80.132" 464 80.132
10.1.1.28 - c3 [30/Jun/2017:12:32:18 +0100] "GET /api/mpsl/monitor/smq/qlen.json HTTP/1.1" 200 122 "-" "curl/7.26.0" urt="0.009" 156 0.009
10.2.97.79 - c1.prd [30/Jun/2017:12:32:26 +0100] "GET /api/mpsl/goo/10.1.165.20/1/6/12/1.xml?no_http_errors=1 HTTP/1.1" 200 1008 "-" "BW-HTTPClient/5.4" urt="2.629" 384 2.631
10.1.1.28 - c3 [30/Jun/2017:12:32:48 +0100] "GET /api/mpsl/monitor/smq/qlen.json HTTP/1.1" 200 122 "-" "curl/7.26.0" urt="0.009" 156 0.009
10.2.97.78 - c1.prd [30/Jun/2017:12:32:56 +0100] "GET /api/mpsl/goo/10.138.148.40/1/3/11/7.xml?no_http_errors=1 HTTP/1.1" 200 1008 "-" "BW-HTTPClient/5.4" urt="2.681" 384 2.683
10.2.97.78 - c1.prd [30/Jun/2017:12:32:57 +0100] "GET /api/mpsl/cv/10.1.168.20/1/16/4/8.xml HTTP/1.1" 200 0 "-" "BW-HTTPClient/5.4" urt="110.718" 465 110.718
10.2.97.79 - c1.prd [30/Jun/2017:12:33:06 +0100] "GET /api/mpsl/goo/10.1.125.20/1/6/15/18.xml?no_http_errors=1 HTTP/1.1" 200 1008 "-" "BW-HTTPClient/5.4" urt="3.118" 385 3.119
10.1.1.28 - c3 [30/Jun/2017:12:33:18 +0100] "GET /api/mpsl/monitor/smq/qlen.json HTTP/1.1" 200 122 "-" "curl/7.26.0" urt="0.010" 156 0.010
10.2.97.78 - c1.prd [30/Jun/2017:12:33:26 +0100] "GET /api/mpsl/got2/10.1.137.20/1/2/6/15.xml?no_http_errors=1 HTTP/1.1" 200 1178 "-" "BW-HTTPClient/5.4" urt="3.118" 384 3.120
10.2.97.79 - c1.prd [30/Jun/2017:12:33:42 +0100] "GET /api/mpsl/goo/10.1.172.20/1/13/10/3.xml?no_http_errors=1 HTTP/1.1" 200 1008 "-" "BW-HTTPClient/5.4" urt="15.149" 385 15.151
10.1.1.28 - c3 [30/Jun/2017:12:33:48 +0100] "GET /api/mpsl/monitor/smq/qlen.json HTTP/1.1" 200 122 "-" "curl/7.26.0" urt="0.009" 156 0.009
10.2.97.79 - c1.prd [30/Jun/2017:12:33:52 +0100] "GET /api/mpsl/cv/10.1.167.20/1/3/8/4.xml HTTP/1.1" 200 1391 "-" "BW-HTTPClient/5.4" urt="6.279" 464 6.281
10.2.97.78 - c1.prd [30/Jun/2017:12:33:55 +0100] "GET /api/mpsl/goo/10.1.167.20/1/3/8/4.xml?no_http_errors=1 HTTP/1.1" 200 1008 "-" "BW-HTTPClient/5.4" urt="2.608" 383 2.610
10.2.97.79 - c1.prd [30/Jun/2017:12:33:57 +0100] "GET /api/mpsl/cv/10.1.126.20/1/8/8/3.xml HTTP/1.1" 200 0 "-" "BW-HTTPClient/5.4" urt="103.345" 464 103.345
10.1.1.28 - c3 [30/Jun/2017:12:34:18 +0100] "GET /api/mpsl/monitor/smq/qlen.json HTTP/1.1" 200 122 "-" "curl/7.26.0" urt="0.012" 156 0.012
10.2.97.79 - c1.prd [30/Jun/2017:12:34:35 +0100] "GET /api/mpsl/goo/10.1.115.20/1/2/9/21.xml?no_http_errors=1 HTTP/1.1" 200 1007 "-" "BW-HTTPClient/5.4" urt="3.186" 384 3.188
10.2.97.78 - c1.prd [30/Jun/2017:12:34:45 +0100] "GET /api/mpsl/cv/10.1.168.20/1/16/4/8.xml HTTP/1.1" 200 0 "-" "BW-HTTPClient/5.4" urt="104.621" 465 104.621
10.1.1.28 - c3 [30/Jun/2017:12:34:47 +0100] "GET /api/mpsl/monitor/smq/qlen.json HTTP/1.1" 200 122 "-" "curl/7.26.0" urt="0.009" 156 0.009
10.1.1.28 - c3 [30/Jun/2017:12:35:17 +0100] "GET /api/mpsl/monitor/smq/qlen.json HTTP/1.1" 200 122 "-" "curl/7.26.0" urt="0.011" 156 0.011
10.1.1.28 - c3 [30/Jun/2017:12:35:45 +0100] "GET /api/mpsl/monitor/smq/qlen.json HTTP/1.1" 200 122 "-" "curl/7.26.0" urt="0.010" 156 0.010
10.1.1.28 - c3 [30/Jun/2017:12:35:49 +0100] "GET /api/mpsl/monitor/smq/qlen.json HTTP/1.1" 200 122 "-" "curl/7.26.0" urt="0.010" 156 0.010
10.1.1.28 - c3 [30/Jun/2017:12:36:17 +0100] "GET /api/mpsl/monitor/smq/qlen.json HTTP/1.1" 200 122 "-" "curl/7.26.0" urt="0.009" 156 0.009
10.2.97.78 - c1.prd [30/Jun/2017:12:36:34 +0100] "GET /api/mpsl/cv/10.1.126.20/1/8/8/3.xml HTTP/1.1" 200 0 "-" "BW-HTTPClient/5.4" urt="88.430" 464 88.430
10.2.97.78 - c1.prd [30/Jun/2017:12:36:45 +0100] "GET /api/mpsl/got2/10.1.130.20/1/3/14/18.xml?no_http_errors=1 HTTP/1.1" 200 1155 "-" "BW-HTTPClient/5.4" urt="34.991" 385 34.993
10.1.1.28 - c3 [30/Jun/2017:12:36:47 +0100] "GET /api/mpsl/monitor/smq/qlen.json HTTP/1.1" 200 122 "-" "curl/7.26.0" urt="0.009" 156 0.009
10.2.97.79 - c1.prd [30/Jun/2017:12:36:55 +0100] "GET /api/mpsl/goo/10.1.168.20/1/13/8/15.xml?no_http_errors=1 HTTP/1.1" 200 1008 "-" "BW-HTTPClient/5.4" urt="17.671" 385 17.673
10.2.97.78 - c1.prd [30/Jun/2017:12:37:12 +0100] "GET /api/mpsl/goo/10.1.166.20/1/7/9/2.xml?no_http_errors=1 HTTP/1.1" 200 1009 "-" "BW-HTTPClient/5.4" urt="15.073" 383 15.075
10.1.1.28 - c3 [30/Jun/2017:12:37:18 +0100] "GET /api/mpsl/monitor/smq/qlen.json HTTP/1.1" 200 122 "-" "curl/7.26.0" urt="0.010" 156 0.010
10.2.97.79 - c1.prd [30/Jun/2017:12:37:32 +0100] "POST /api/mpsl/oc/10.1.115.20/1/3/0/8.xml HTTP/1.1" 201 157 "-" "BW-HTTPClient/5.4" urt="0.057" 685 0.059
10.2.97.79 - c1.prd [30/Jun/2017:12:37:34 +0100] "GET /api/mpsl/goo/10.1.168.20/1/11/12/15.xml?no_http_errors=1 HTTP/1.1" 200 1006 "-" "BW-HTTPClient/5.4" urt="15.954" 386 15.956
10.1.1.28 - c3 [30/Jun/2017:12:37:47 +0100] "GET /api/mpsl/monitor/smq/qlen.json HTTP/1.1" 200 122 "-" "curl/7.26.0" urt="0.010" 156 0.010
10.2.97.78 - c1.prd [30/Jun/2017:12:37:52 +0100] "GET /api/mpsl/goo/10.1.128.20/1/5/6/12.xml?no_http_errors=1 HTTP/1.1" 200 1008 "-" "BW-HTTPClient/5.4" urt="14.716" 384 14.718
10.2.97.79 - c1.prd [30/Jun/2017:12:37:52 +0100] "GET /api/mpsl/cv/10.1.126.20/1/8/8/3.xml HTTP/1.1" 200 0 "-" "BW-HTTPClient/5.4" urt="88.108" 464 88.108
10.2.97.79 - c1.prd [30/Jun/2017:12:37:57 +0100] "GET /api/mpsl/goo/10.1.166.20/1/7/9/2.xml?no_http_errors=1 HTTP/1.1" 200 1009 "-" "BW-HTTPClient/5.4" urt="-" 383 0.001
10.1.1.28 - c3 [30/Jun/2017:12:38:17 +0100] "GET /api/mpsl/monitor/smq/qlen.json HTTP/1.1" 200 122 "-" "curl/7.26.0" urt="0.011" 156 0.011
10.1.1.28 - c3 [30/Jun/2017:12:38:47 +0100] "GET /api/mpsl/monitor/smq/qlen.json HTTP/1.1" 200 122 "-" "curl/7.26.0" urt="0.009" 156 0.009
10.2.97.78 - c1.prd [30/Jun/2017:12:38:51 +0100] "GET /api/mpsl/got2/10.1.174.20/1/1/0/8.xml?no_http_errors=1 HTTP/1.1" 200 1179 "-" "BW-HTTPClient/5.4" urt="3.091" 383 3.093
10.1.1.28 - c3 [30/Jun/2017:12:39:17 +0100] "GET /api/mpsl/monitor/smq/qlen.json HTTP/1.1" 200 122 "-" "curl/7.26.0" urt="0.009" 156 0.009
10.1.1.28 - c3 [30/Jun/2017:12:39:47 +0100] "GET /api/mpsl/monitor/smq/qlen.json HTTP/1.1" 200 122 "-" "curl/7.26.0" urt="0.009" 156 0.009
10.2.97.78 - c1.prd [30/Jun/2017:12:40:00 +0100] "POST /api/mpsl/oco/10.1.174.20/1/1/0/8.xml HTTP/1.1" 201 161 "-" "BW-HTTPClient/5.4" urt="0.060" 680 0.062
10.2.97.78 - c1.prd [30/Jun/2017:12:40:05 +0100] "GET /api/mpsl/cv/10.1.126.20/1/8/8/3.xml HTTP/1.1" 200 0 "-" "BW-HTTPClient/5.4" urt="95.484" 464 95.484
10.1.1.28 - c3 [30/Jun/2017:12:40:18 +0100] "GET /api/mpsl/monitor/smq/qlen.json HTTP/1.1" 200 122 "-" "curl/7.26.0" urt="0.011" 156 0.011
10.2.97.79 - c1.prd [30/Jun/2017:12:40:22 +0100] "GET /api/mpsl/got2/10.1.168.20/1/16/15/0.xml?no_http_errors=1 HTTP/1.1" 200 1180 "-" "BW-HTTPClient/5.4" urt="40.399" 385 40.401
10.1.1.28 - c3 [30/Jun/2017:12:40:35 +0100] "GET /api/mpsl/monitor/smq/qlen.json HTTP/1.1" 200 122 "-" "curl/7.26.0" urt="0.010" 156 0.010
10.1.1.28 - c3 [30/Jun/2017:12:40:48 +0100] "GET /api/mpsl/monitor/smq/qlen.json HTTP/1.1" 200 122 "-" "curl/7.26.0" urt="0.010" 156 0.010
10.2.97.78 - c1.prd [30/Jun/2017:12:41:14 +0100] "GET /api/mpsl/goo/10.1.128.20/1/5/6/12.xml?no_http_errors=1 HTTP/1.1" 200 1008 "-" "BW-HTTPClient/5.4" urt="13.704" 384 13.712
10.1.1.28 - c3 [30/Jun/2017:12:41:17 +0100] "GET /api/mpsl/monitor/smq/qlen.json HTTP/1.1" 200 122 "-" "curl/7.26.0" urt="0.010" 156 0.010
10.2.97.79 - c1.prd [30/Jun/2017:12:41:18 +0100] "GET /api/mpsl/goo/10.1.183.50/1/3/10/27.xml?no_http_errors=1 HTTP/1.1" 200 1008 "-" "BW-HTTPClient/5.4" urt="2.666" 385 2.668
10.1.1.28 - c3 [30/Jun/2017:12:41:47 +0100] "GET /api/mpsl/monitor/smq/qlen.json HTTP/1.1" 200 122 "-" "curl/7.26.0" urt="0.012" 156 0.012
10.2.97.78 - c1.prd [30/Jun/2017:12:42:09 +0100] "GET /api/mpsl/goo/10.1.126.20/1/4/1/37.xml?no_http_errors=1 HTTP/1.1" 200 1005 "-" "BW-HTTPClient/5.4" urt="11.437" 384 11.439
10.1.1.28 - c3 [30/Jun/2017:12:42:18 +0100] "GET /api/mpsl/monitor/smq/qlen.json HTTP/1.1" 200 122 "-" "curl/7.26.0" urt="0.009" 156 0.009
10.1.1.28 - c3 [30/Jun/2017:12:42:47 +0100] "GET /api/mpsl/monitor/smq/qlen.json HTTP/1.1" 200 122 "-" "curl/7.26.0" urt="0.009" 156 0.009
10.1.1.28 - c3 [30/Jun/2017:12:43:18 +0100] "GET /api/mpsl/monitor/smq/qlen.json HTTP/1.1" 200 122 "-" "curl/7.26.0" urt="0.010" 156 0.010
10.2.97.78 - c1.prd [30/Jun/2017:12:43:32 +0100] "POST /api/mpsl/oc/10.1.165.20/1/3/11/15.xml HTTP/1.1" 201 157 "-" "BW-HTTPClient/5.4" urt="0.053" 687 0.054
10.1.1.28 - c3 [30/Jun/2017:12:43:47 +0100] "GET /api/mpsl/monitor/smq/qlen.json HTTP/1.1" 200 122 "-" "curl/7.26.0" urt="0.009" 156 0.009
10.1.1.28 - c3 [30/Jun/2017:12:44:18 +0100] "GET /api/mpsl/monitor/smq/qlen.json HTTP/1.1" 200 122 "-" "curl/7.26.0" urt="0.009" 156 0.009
10.2.97.79 - c1.prd [30/Jun/2017:12:44:23 +0100] "GET /api/mpsl/cv/10.1.163.20/1/3/3/5.xml HTTP/1.1" 200 1391 "-" "BW-HTTPClient/5.4" urt="5.962" 464 5.964
10.2.97.79 - c1.prd [30/Jun/2017:12:44:26 +0100] "GET /api/mpsl/goo/10.1.163.20/1/3/3/5.xml?no_http_errors=1 HTTP/1.1" 200 983 "-" "BW-HTTPClient/5.4" urt="2.399" 383 2.401
10.2.97.78 - c1.prd [30/Jun/2017:12:44:33 +0100] "GET /api/mpsl/goo/10.1.163.20/1/3/3/1.xml?no_http_errors=1 HTTP/1.1" 200 1007 "-" "BW-HTTPClient/5.4" urt="2.638" 383 2.640
10.2.97.79 - c1.prd [30/Jun/2017:12:44:36 +0100] "GET /api/mpsl/goo/10.1.163.20/1/3/3/10.xml?no_http_errors=1 HTTP/1.1" 200 1008 "-" "BW-HTTPClient/5.4" urt="2.654" 384 2.656
10.1.1.28 - c3 [30/Jun/2017:12:44:48 +0100] "GET /api/mpsl/monitor/smq/qlen.json HTTP/1.1" 200 122 "-" "curl/7.26.0" urt="0.009" 156 0.009
10.1.1.28 - c3 [30/Jun/2017:12:45:18 +0100] "GET /api/mpsl/monitor/smq/qlen.json HTTP/1.1" 200 122 "-" "curl/7.26.0" urt="0.010" 156 0.010
10.2.97.79 - c1.prd [30/Jun/2017:12:45:33 +0100] "POST /api/mpsl/oc/10.1.168.20/1/8/0/20.xml HTTP/1.1" 201 157 "-" "BW-HTTPClient/5.4" urt="0.076" 686 0.077
10.1.1.28 - c3 [30/Jun/2017:12:45:33 +0100] "GET /api/mpsl/monitor/smq/qlen.json HTTP/1.1" 200 122 "-" "curl/7.26.0" urt="0.009" 156 0.009
10.2.97.78 - c1.prd [30/Jun/2017:12:45:46 +0100] "GET /api/mpsl/goo/10.138.148.40/1/3/11/7.xml?no_http_errors=1 HTTP/1.1" 200 1005 "-" "BW-HTTPClient/5.4" urt="2.692" 384 2.709
10.2.97.79 - c1.prd [30/Jun/2017:12:45:47 +0100] "GET /api/mpsl/goo/10.1.163.20/1/3/3/5.xml?no_http_errors=1 HTTP/1.1" 200 983 "-" "BW-HTTPClient/5.4" urt="2.446" 383 2.447
10.1.1.28 - c3 [30/Jun/2017:12:45:48 +0100] "GET /api/mpsl/monitor/smq/qlen.json HTTP/1.1" 200 122 "-" "curl/7.26.0" urt="0.009" 156 0.009
10.2.97.78 - c1.prd [30/Jun/2017:12:45:49 +0100] "GET /api/mpsl/goo/10.1.163.20/1/3/3/5.xml?no_http_errors=1 HTTP/1.1" 200 983 "-" "BW-HTTPClient/5.4" urt="-" 383 0.002
10.2.97.79 - c1.prd [30/Jun/2017:12:46:16 +0100] "GET /api/mpsl/goo/10.1.183.50/1/3/10/27.xml?no_http_errors=1 HTTP/1.1" 200 1007 "-" "BW-HTTPClient/5.4" urt="2.654" 385 2.656
10.1.1.28 - c3 [30/Jun/2017:12:46:17 +0100] "GET /api/mpsl/monitor/smq/qlen.json HTTP/1.1" 200 122 "-" "curl/7.26.0" urt="0.010" 156 0.010
10.2.97.78 - c1.prd [30/Jun/2017:12:46:33 +0100] "GET /api/mpsl/goo/10.138.148.40/1/3/11/7.xml?no_http_errors=1 HTTP/1.1" 200 1005 "-" "BW-HTTPClient/5.4" urt="-" 384 0.001
10.1.1.28 - c3 [30/Jun/2017:12:46:48 +0100] "GET /api/mpsl/monitor/smq/qlen.json HTTP/1.1" 200 122 "-" "curl/7.26.0" urt="0.010" 156 0.010
10.2.97.79 - c1.prd [30/Jun/2017:12:47:13 +0100] "GET /api/mpsl/got2/10.1.172.20/1/5/10/2.xml?no_http_errors=1 HTTP/1.1" 200 1179 "-" "BW-HTTPClient/5.4" urt="36.396" 384 36.398
10.1.1.28 - c3 [30/Jun/2017:12:47:18 +0100] "GET /api/mpsl/monitor/smq/qlen.json HTTP/1.1" 200 122 "-" "curl/7.26.0" urt="0.023" 156 0.023
10.2.97.78 - c1.prd [30/Jun/2017:12:47:22 +0100] "GET /api/mpsl/goo/10.1.163.20/1/3/3/5.xml?no_http_errors=1 HTTP/1.1" 200 1008 "-" "BW-HTTPClient/5.4" urt="2.615" 383 2.617
10.2.97.79 - c1.prd [30/Jun/2017:12:47:46 +0100] "GET /api/mpsl/goo/10.1.133.20/1/4/11/16.xml?no_http_errors=1 HTTP/1.1" 200 1006 "-" "BW-HTTPClient/5.4" urt="12.175" 385 12.177
10.1.1.28 - c3 [30/Jun/2017:12:47:48 +0100] "GET /api/mpsl/monitor/smq/qlen.json HTTP/1.1" 200 122 "-" "curl/7.26.0" urt="0.011" 156 0.011
10.2.97.79 - c1.prd [30/Jun/2017:12:48:12 +0100] "POST /api/mpsl/oco/10.1.172.20/1/5/10/2.xml HTTP/1.1" 201 162 "-" "BW-HTTPClient/5.4" urt="0.084" 678 0.086
10.2.97.78 - c1.prd [30/Jun/2017:12:48:13 +0100] "GET /api/mpsl/got2/10.1.173.20/1/3/5/16.xml?no_http_errors=1 HTTP/1.1" 200 1180 "-" "BW-HTTPClient/5.4" urt="3.144" 384 3.146
10.1.1.28 - c3 [30/Jun/2017:12:48:17 +0100] "GET /api/mpsl/monitor/smq/qlen.json HTTP/1.1" 200 122 "-" "curl/7.26.0" urt="0.010" 156 0.010
10.2.97.78 - c1.prd [30/Jun/2017:12:48:32 +0100] "POST /api/mpsl/oc/10.1.138.20/1/4/3/12.xml HTTP/1.1" 201 157 "-" "BW-HTTPClient/5.4" urt="0.082" 686 0.084
10.2.97.79 - c1.prd [30/Jun/2017:12:48:36 +0100] "GET /api/mpsl/goo/10.138.148.40/1/3/11/7.xml?no_http_errors=1 HTTP/1.1" 200 1008 "-" "BW-HTTPClient/5.4" urt="2.604" 384 2.606
10.1.1.28 - c3 [30/Jun/2017:12:48:48 +0100] "GET /api/mpsl/monitor/smq/qlen.json HTTP/1.1" 200 122 "-" "curl/7.26.0" urt="0.008" 156 0.008
10.2.97.78 - c1.prd [30/Jun/2017:12:48:57 +0100] "POST /api/mpsl/ou/10.1.172.20/1/4/7/29.xml HTTP/1.1" 201 156 "-" "BW-HTTPClient/5.4" urt="0.036" 539 0.037
10.2.97.78 - c1.prd [30/Jun/2017:12:49:06 +0100] "GET /api/mpsl/goo/10.1.166.20/1/7/9/2.xml?no_http_errors=1 HTTP/1.1" 200 1009 "-" "BW-HTTPClient/5.4" urt="2.636" 383 2.638
10.2.97.79 - c1.prd [30/Jun/2017:12:49:10 +0100] "GET /api/mpsl/goo/10.1.163.20/1/3/3/5.xml?no_http_errors=1 HTTP/1.1" 200 1008 "-" "BW-HTTPClient/5.4" urt="3.369" 383 3.381
10.2.97.78 - c1.prd [30/Jun/2017:12:49:14 +0100] "POST /api/mpsl/oco/10.1.173.20/1/3/5/16.xml HTTP/1.1" 201 162 "-" "BW-HTTPClient/5.4" urt="0.054" 680 0.055
10.1.1.28 - c3 [30/Jun/2017:12:49:17 +0100] "GET /api/mpsl/monitor/smq/qlen.json HTTP/1.1" 200 122 "-" "curl/7.26.0" urt="0.009" 156 0.009
10.2.97.78 - c1.prd [30/Jun/2017:12:49:27 +0100] "GET /api/mpsl/goo/10.1.126.20/1/4/1/37.xml?no_http_errors=1 HTTP/1.1" 200 1005 "-" "BW-HTTPClient/5.4" urt="2.690" 384 2.692
10.1.1.28 - c3 [30/Jun/2017:12:49:47 +0100] "GET /api/mpsl/monitor/smq/qlen.json HTTP/1.1" 200 122 "-" "curl/7.26.0" urt="0.009" 156 0.009
10.2.97.79 - c1.prd [30/Jun/2017:12:50:02 +0100] "GET /api/mpsl/goo/10.1.166.20/1/7/0/1.xml?no_http_errors=1 HTTP/1.1" 200 1007 "-" "BW-HTTPClient/5.4" urt="2.640" 383 2.643
10.1.1.28 - c3 [30/Jun/2017:12:50:17 +0100] "GET /api/mpsl/monitor/smq/qlen.json HTTP/1.1" 200 122 "-" "curl/7.26.0" urt="0.009" 156 0.009
10.1.1.28 - c3 [30/Jun/2017:12:50:32 +0100] "GET /api/mpsl/monitor/smq/qlen.json HTTP/1.1" 200 122 "-" "curl/7.26.0" urt="0.009" 156 0.009
10.2.97.78 - c1.prd [30/Jun/2017:12:50:47 +0100] "GET /api/mpsl/goo/10.1.183.50/1/3/10/27.xml?no_http_errors=1 HTTP/1.1" 200 1007 "-" "BW-HTTPClient/5.4" urt="2.745" 385 2.747
10.2.97.79 - c1.prd [30/Jun/2017:12:50:52 +0100] "GET /api/mpsl/goo/10.1.161.20/1/3/7/6.xml?no_http_errors=1 HTTP/1.1" 200 1007 "-" "BW-HTTPClient/5.4" urt="2.693" 383 2.695
10.1.1.28 - c3 [30/Jun/2017:12:50:53 +0100] "GET /api/mpsl/monitor/smq/qlen.json HTTP/1.1" 200 122 "-" "curl/7.26.0" urt="0.010" 156 0.010
10.1.1.28 - c3 [30/Jun/2017:12:51:17 +0100] "GET /api/mpsl/monitor/smq/qlen.json HTTP/1.1" 200 122 "-" "curl/7.26.0" urt="0.054" 156 0.054
10.2.97.79 - c1.prd [30/Jun/2017:12:51:37 +0100] "POST /api/mpsl/ou/10.1.162.20/1/3/5/11.xml HTTP/1.1" 201 155 "-" "BW-HTTPClient/5.4" urt="0.053" 539 0.054
10.2.97.78 - c1.prd [30/Jun/2017:12:51:44 +0100] "GET /api/mpsl/goo/10.1.183.50/1/3/10/27.xml?no_http_errors=1 HTTP/1.1" 200 1007 "-" "BW-HTTPClient/5.4" urt="-" 385 0.002
10.1.1.28 - c3 [30/Jun/2017:12:51:48 +0100] "GET /api/mpsl/monitor/smq/qlen.json HTTP/1.1" 200 122 "-" "curl/7.26.0" urt="0.010" 156 0.010
10.1.1.28 - c3 [30/Jun/2017:12:52:18 +0100] "GET /api/mpsl/monitor/smq/qlen.json HTTP/1.1" 200 122 "-" "curl/7.26.0" urt="0.016" 156 0.016
10.2.97.79 - c1.prd [30/Jun/2017:12:52:38 +0100] "GET /api/mpsl/goo/10.1.172.20/1/13/10/3.xml?no_http_errors=1 HTTP/1.1" 200 1008 "-" "BW-HTTPClient/5.4" urt="13.426" 385 13.428
10.1.1.28 - c3 [30/Jun/2017:12:52:47 +0100] "GET /api/mpsl/monitor/smq/qlen.json HTTP/1.1" 200 122 "-" "curl/7.26.0" urt="0.010" 156 0.010
10.2.97.78 - c1.prd [30/Jun/2017:12:52:58 +0100] "GET /api/mpsl/goo/10.1.168.20/1/6/0/29.xml?no_http_errors=1 HTTP/1.1" 200 1007 "-" "BW-HTTPClient/5.4" urt="14.318" 384 14.320
10.1.1.28 - c3 [30/Jun/2017:12:53:18 +0100] "GET /api/mpsl/monitor/smq/qlen.json HTTP/1.1" 200 122 "-" "curl/7.26.0" urt="0.009" 156 0.009
10.1.1.28 - c3 [30/Jun/2017:12:53:47 +0100] "GET /api/mpsl/monitor/smq/qlen.json HTTP/1.1" 200 122 "-" "curl/7.26.0" urt="0.009" 156 0.009
10.2.97.78 - c1.prd [30/Jun/2017:12:53:58 +0100] "GET /api/mpsl/cv/10.1.138.20/1/2/6/5.xml HTTP/1.1" 200 0 "-" "BW-HTTPClient/5.4" urt="79.148" 464 79.148
10.2.97.79 - c1.prd [30/Jun/2017:12:54:07 +0100] "GET /api/mpsl/goo/10.1.168.20/1/11/9/1.xml?no_http_errors=1 HTTP/1.1" 200 1007 "-" "BW-HTTPClient/5.4" urt="12.122" 384 12.124
10.1.1.28 - c3 [30/Jun/2017:12:54:18 +0100] "GET /api/mpsl/monitor/smq/qlen.json HTTP/1.1" 200 122 "-" "curl/7.26.0" urt="0.010" 156 0.010
10.2.97.78 - c1.prd [30/Jun/2017:12:54:27 +0100] "GET /api/mpsl/goo/10.1.115.20/1/2/9/21.xml?no_http_errors=1 HTTP/1.1" 200 1007 "-" "BW-HTTPClient/5.4" urt="2.588" 384 2.590
10.2.97.79 - c1.prd [30/Jun/2017:12:54:32 +0100] "POST /api/mpsl/oc/10.1.112.20/1/2/3/18.xml HTTP/1.1" 201 157 "-" "BW-HTTPClient/5.4" urt="0.060" 686 0.062
10.2.97.79 - c1.prd [30/Jun/2017:12:54:45 +0100] "GET /api/mpsl/goo/10.1.115.20/1/2/9/21.xml?no_http_errors=1 HTTP/1.1" 200 1007 "-" "BW-HTTPClient/5.4" urt="-" 384 0.001
10.1.1.28 - c3 [30/Jun/2017:12:54:47 +0100] "GET /api/mpsl/monitor/smq/qlen.json HTTP/1.1" 200 122 "-" "curl/7.26.0" urt="0.009" 156 0.009
10.2.97.78 - c1.prd [30/Jun/2017:12:54:57 +0100] "GET /api/mpsl/goo/10.1.135.20/1/1/12/7.xml?no_http_errors=1 HTTP/1.1" 200 1007 "-" "BW-HTTPClient/5.4" urt="2.608" 384 2.610
10.2.97.79 - c1.prd [30/Jun/2017:12:55:14 +0100] "GET /api/mpsl/goo/10.1.172.20/1/12/4/21.xml?no_http_errors=1 HTTP/1.1" 200 1008 "-" "BW-HTTPClient/5.4" urt="4.109" 385 4.111
10.1.1.28 - c3 [30/Jun/2017:12:55:17 +0100] "GET /api/mpsl/monitor/smq/qlen.json HTTP/1.1" 200 122 "-" "curl/7.26.0" urt="0.009" 156 0.009
10.1.1.28 - c3 [30/Jun/2017:12:55:35 +0100] "GET /api/mpsl/monitor/smq/qlen.json HTTP/1.1" 200 122 "-" "curl/7.26.0" urt="0.009" 156 0.009
10.1.1.28 - c3 [30/Jun/2017:12:55:50 +0100] "GET /api/mpsl/monitor/smq/qlen.json HTTP/1.1" 200 122 "-" "curl/7.26.0" urt="0.010" 156 0.010
10.2.97.78 - c1.prd [30/Jun/2017:12:55:53 +0100] "POST /api/mpsl/ou/10.1.171.20/1/3/8/16.xml HTTP/1.1" 201 156 "-" "BW-HTTPClient/5.4" urt="0.093" 539 0.094
10.1.1.28 - c3 [30/Jun/2017:12:56:17 +0100] "GET /api/mpsl/monitor/smq/qlen.json HTTP/1.1" 200 122 "-" "curl/7.26.0" urt="0.011" 156 0.011
10.2.97.78 - c1.prd [30/Jun/2017:12:56:24 +0100] "GET /api/mpsl/goo/10.138.148.40/1/3/2/6.xml?no_http_errors=1 HTTP/1.1" 200 1007 "-" "BW-HTTPClient/5.4" urt="13.741" 383 13.743
10.1.1.28 - c3 [30/Jun/2017:12:56:47 +0100] "GET /api/mpsl/monitor/smq/qlen.json HTTP/1.1" 200 122 "-" "curl/7.26.0" urt="0.009" 156 0.009
10.2.97.79 - c1.prd [30/Jun/2017:12:57:05 +0100] "GET /api/mpsl/cv/10.1.172.20/1/5/11/6.xml HTTP/1.1" 200 1391 "-" "BW-HTTPClient/5.4" urt="6.576" 465 6.578
10.2.97.79 - c1.prd [30/Jun/2017:12:57:08 +0100] "GET /api/mpsl/goo/10.1.172.20/1/5/11/6.xml?no_http_errors=1 HTTP/1.1" 200 1006 "-" "BW-HTTPClient/5.4" urt="2.648" 384 2.649
10.2.97.78 - c1.prd [30/Jun/2017:12:57:15 +0100] "GET /api/mpsl/goo/10.1.172.20/1/5/11/7.xml?no_http_errors=1 HTTP/1.1" 200 1007 "-" "BW-HTTPClient/5.4" urt="2.624" 384 2.626
10.1.1.28 - c3 [30/Jun/2017:12:57:17 +0100] "GET /api/mpsl/monitor/smq/qlen.json HTTP/1.1" 200 122 "-" "curl/7.26.0" urt="0.009" 156 0.009
10.2.97.79 - c1.prd [30/Jun/2017:12:57:18 +0100] "GET /api/mpsl/goo/10.1.172.20/1/5/11/0.xml?no_http_errors=1 HTTP/1.1" 200 1008 "-" "BW-HTTPClient/5.4" urt="2.931" 384 2.932
