10.1.1.28 - c3 [30/Jun/2017:15:20:18 +0100] "GET /api/mpsl/monitor/smq/qlen.json HTTP/1.1" 200 122 "-" "curl/7.26.0" urt="0.010" 156 0.010
10.2.97.78 - c1.prd [30/Jun/2017:15:20:23 +0100] "GET /api/mpsl/cv/10.1.133.20/1/1/4/0.xml HTTP/1.1" 200 1389 "-" "BW-HTTPClient/5.4" urt="6.211" 462 6.213
10.2.97.78 - c1.prd [30/Jun/2017:15:20:26 +0100] "GET /api/mpsl/goo/10.1.133.20/1/1/4/0.xml?no_http_errors=1 HTTP/1.1" 200 1007 "-" "BW-HTTPClient/5.4" urt="2.581" 383 2.583
10.1.1.28 - c3 [30/Jun/2017:15:20:36 +0100] "GET /api/mpsl/monitor/smq/qlen.json HTTP/1.1" 200 122 "-" "curl/7.26.0" urt="0.010" 156 0.010
10.1.1.28 - c3 [30/Jun/2017:15:20:48 +0100] "GET /api/mpsl/monitor/smq/qlen.json HTTP/1.1" 200 122 "-" "curl/7.26.0" urt="0.009" 156 0.009
10.1.1.28 - c3 [30/Jun/2017:15:21:17 +0100] "GET /api/mpsl/monitor/smq/qlen.json HTTP/1.1" 200 122 "-" "curl/7.26.0" urt="0.009" 156 0.009
10.2.97.79 - c1.prd [30/Jun/2017:15:21:35 +0100] "GET /api/mpsl/cv/10.1.172.20/1/6/15/19.xml HTTP/1.1" 200 1390 "-" "BW-HTTPClient/5.4" urt="6.489" 465 6.490
10.2.97.79 - c1.prd [30/Jun/2017:15:21:38 +0100] "GET /api/mpsl/goo/10.1.172.20/1/6/15/19.xml?no_http_errors=1 HTTP/1.1" 200 1008 "-" "BW-HTTPClient/5.4" urt="2.637" 385 2.639
10.1.1.28 - c3 [30/Jun/2017:15:21:48 +0100] "GET /api/mpsl/monitor/smq/qlen.json HTTP/1.1" 200 122 "-" "curl/7.26.0" urt="0.009" 156 0.009
10.2.97.78 - c1.prd [30/Jun/2017:15:21:51 +0100] "GET /api/mpsl/got2/10.1.133.20/1/6/12/0.xml?no_http_errors=1 HTTP/1.1" 200 1180 "-" "BW-HTTPClient/5.4" urt="4.591" 384 4.593
10.1.1.28 - c3 [30/Jun/2017:15:22:17 +0100] "GET /api/mpsl/monitor/smq/qlen.json HTTP/1.1" 200 122 "-" "curl/7.26.0" urt="0.009" 156 0.009
10.2.97.79 - c1.prd [30/Jun/2017:15:22:34 +0100] "GET /api/mpsl/got2/10.1.132.20/1/1/11/4.xml?no_http_errors=1 HTTP/1.1" 200 1179 "-" "BW-HTTPClient/5.4" urt="3.018" 384 3.021
10.2.97.78 - c1.prd [30/Jun/2017:15:22:46 +0100] "GET /api/mpsl/goo/10.1.126.20/1/1/6/15.xml?no_http_errors=1 HTTP/1.1" 200 1008 "-" "BW-HTTPClient/5.4" urt="2.597" 384 2.599
10.1.1.28 - c3 [30/Jun/2017:15:22:48 +0100] "GET /api/mpsl/monitor/smq/qlen.json HTTP/1.1" 200 122 "-" "curl/7.26.0" urt="0.009" 156 0.009
10.2.97.79 - c1.prd [30/Jun/2017:15:23:12 +0100] "GET /api/mpsl/goo/10.1.125.20/1/1/7/19.xml?no_http_errors=1 HTTP/1.1" 200 1005 "-" "BW-HTTPClient/5.4" urt="3.642" 384 3.643
10.1.1.28 - c3 [30/Jun/2017:15:23:18 +0100] "GET /api/mpsl/monitor/smq/qlen.json HTTP/1.1" 200 122 "-" "curl/7.26.0" urt="0.009" 156 0.009
10.2.97.78 - c1.prd [30/Jun/2017:15:23:29 +0100] "GET /api/mpsl/got2/10.1.133.20/1/6/12/0.xml?no_http_errors=1 HTTP/1.1" 200 1180 "-" "BW-HTTPClient/5.4" urt="3.051" 384 3.053
10.2.97.79 - c1.prd [30/Jun/2017:15:23:47 +0100] "POST /api/mpsl/com/10.1.132.20/1/1/11/4.xml HTTP/1.1" 201 166 "-" "BW-HTTPClient/5.4" urt="0.072" 684 0.074
10.1.1.28 - c3 [30/Jun/2017:15:23:48 +0100] "GET /api/mpsl/monitor/smq/qlen.json HTTP/1.1" 200 122 "-" "curl/7.26.0" urt="0.010" 156 0.010
10.2.97.79 - c1.prd [30/Jun/2017:15:23:56 +0100] "GET /api/mpsl/goo/10.1.126.20/1/1/6/15.xml?no_http_errors=1 HTTP/1.1" 200 1008 "-" "BW-HTTPClient/5.4" urt="2.618" 384 2.619
10.1.1.28 - c3 [30/Jun/2017:15:24:18 +0100] "GET /api/mpsl/monitor/smq/qlen.json HTTP/1.1" 200 122 "-" "curl/7.26.0" urt="0.010" 156 0.010
10.2.97.78 - c1.prd [30/Jun/2017:15:24:22 +0100] "GET /api/mpsl/goo/10.1.172.20/1/5/11/18.xml?no_http_errors=1 HTTP/1.1" 200 1007 "-" "BW-HTTPClient/5.4" urt="2.683" 385 2.684
10.1.1.28 - c3 [30/Jun/2017:15:24:48 +0100] "GET /api/mpsl/monitor/smq/qlen.json HTTP/1.1" 200 122 "-" "curl/7.26.0" urt="0.010" 156 0.010
10.1.1.28 - c3 [30/Jun/2017:15:25:17 +0100] "GET /api/mpsl/monitor/smq/qlen.json HTTP/1.1" 200 122 "-" "curl/7.26.0" urt="0.009" 156 0.009
10.1.1.28 - c3 [30/Jun/2017:15:25:32 +0100] "GET /api/mpsl/monitor/smq/qlen.json HTTP/1.1" 200 122 "-" "curl/7.26.0" urt="0.009" 156 0.009
10.2.97.78 - c1.prd [30/Jun/2017:15:27:17 +0100] "GET /api/mpsl/cv/10.1.132.20/1/3/10/6.xml HTTP/1.1" 200 1391 "-" "BW-HTTPClient/5.4" urt="6.125" 465 6.127
10.1.1.28 - c3 [30/Jun/2017:15:27:18 +0100] "GET /api/mpsl/monitor/smq/qlen.json HTTP/1.1" 200 122 "-" "curl/7.26.0" urt="0.009" 156 0.009
10.2.97.79 - c1.prd [30/Jun/2017:15:27:19 +0100] "GET /api/mpsl/goo/10.1.132.20/1/3/10/6.xml?no_http_errors=1 HTTP/1.1" 200 1008 "-" "BW-HTTPClient/5.4" urt="2.688" 384 2.690
10.2.97.78 - c1.prd [30/Jun/2017:15:27:22 +0100] "GET /api/mpsl/goo/10.1.167.20/1/3/2/16.xml?no_http_errors=1 HTTP/1.1" 200 1008 "-" "BW-HTTPClient/5.4" urt="2.577" 384 2.579
10.5.47.222 - c2_prd [30/Jun/2017:15:27:23 +0100] "GET /api/mpsl/got2/10.5.4.2/1/0/4/26.json HTTP/1.1" 200 692 "-" "GuzzleHttp/6.2.1 curl/7.38.0 PHP/5.6.29-0+deb8u1" urt="3.124" 202 3.124
10.2.97.79 - c1.prd [30/Jun/2017:15:27:28 +0100] "GET /api/mpsl/got2/10.1.133.20/1/2/7/4.xml?no_http_errors=1 HTTP/1.1" 200 1177 "-" "BW-HTTPClient/5.4" urt="3.171" 383 3.173
10.2.97.78 - c1.prd [30/Jun/2017:15:27:35 +0100] "POST /api/mpsl/ou/10.1.130.20/1/2/14/40.xml HTTP/1.1" 201 156 "-" "BW-HTTPClient/5.4" urt="0.032" 539 0.033
10.1.1.28 - c3 [30/Jun/2017:15:27:48 +0100] "GET /api/mpsl/monitor/smq/qlen.json HTTP/1.1" 200 122 "-" "curl/7.26.0" urt="0.009" 156 0.009
10.2.97.78 - c1.prd [30/Jun/2017:15:28:07 +0100] "GET /api/mpsl/got2/10.138.154.50/1/1/10/44.xml?no_http_errors=1 HTTP/1.1" 200 1180 "-" "BW-HTTPClient/5.4" urt="3.154" 385 3.156
10.2.97.79 - c1.prd [30/Jun/2017:15:28:08 +0100] "GET /api/mpsl/goo/10.1.127.20/1/1/12/25.xml?no_http_errors=1 HTTP/1.1" 200 1008 "-" "BW-HTTPClient/5.4" urt="2.841" 385 2.843
10.1.1.28 - c3 [30/Jun/2017:15:28:18 +0100] "GET /api/mpsl/monitor/smq/qlen.json HTTP/1.1" 200 122 "-" "curl/7.26.0" urt="0.069" 156 0.069
10.2.97.79 - c1.prd [30/Jun/2017:15:28:40 +0100] "POST /api/mpsl/oco/10.1.133.20/1/2/7/4.xml HTTP/1.1" 201 162 "-" "BW-HTTPClient/5.4" urt="0.040" 678 0.042
10.1.1.28 - c3 [30/Jun/2017:15:28:47 +0100] "GET /api/mpsl/monitor/smq/qlen.json HTTP/1.1" 200 122 "-" "curl/7.26.0" urt="0.009" 156 0.009
10.2.97.78 - c1.prd [30/Jun/2017:15:29:17 +0100] "GET /api/mpsl/got2/10.1.128.20/1/2/14/11.xml?no_http_errors=1 HTTP/1.1" 200 1179 "-" "BW-HTTPClient/5.4" urt="2.989" 385 2.991
10.1.1.28 - c3 [30/Jun/2017:15:29:18 +0100] "GET /api/mpsl/monitor/smq/qlen.json HTTP/1.1" 200 122 "-" "curl/7.26.0" urt="0.010" 156 0.010
10.1.1.28 - c3 [30/Jun/2017:15:29:48 +0100] "GET /api/mpsl/monitor/smq/qlen.json HTTP/1.1" 200 122 "-" "curl/7.26.0" urt="0.010" 156 0.010
10.1.1.28 - c3 [30/Jun/2017:15:30:17 +0100] "GET /api/mpsl/monitor/smq/qlen.json HTTP/1.1" 200 122 "-" "curl/7.26.0" urt="0.010" 156 0.010
10.2.97.79 - c1.prd [30/Jun/2017:15:30:25 +0100] "GET /api/mpsl/cv/10.1.173.20/1/6/2/19.xml HTTP/1.1" 200 1391 "-" "BW-HTTPClient/5.4" urt="6.223" 465 6.224
10.2.97.79 - c1.prd [30/Jun/2017:15:30:28 +0100] "GET /api/mpsl/goo/10.1.173.20/1/6/2/19.xml?no_http_errors=1 HTTP/1.1" 200 1008 "-" "BW-HTTPClient/5.4" urt="2.671" 384 2.673
10.1.1.28 - c3 [30/Jun/2017:15:30:33 +0100] "GET /api/mpsl/monitor/smq/qlen.json HTTP/1.1" 200 122 "-" "curl/7.26.0" urt="0.009" 156 0.009
10.1.1.28 - c3 [30/Jun/2017:15:30:48 +0100] "GET /api/mpsl/monitor/smq/qlen.json HTTP/1.1" 200 122 "-" "curl/7.26.0" urt="0.009" 156 0.009
10.2.97.78 - c1.prd [30/Jun/2017:15:31:29 +0100] "GET /api/mpsl/got2/10.138.154.50/1/2/6/9.xml?no_http_errors=1 HTTP/1.1" 200 1177 "-" "BW-HTTPClient/5.4" urt="3.089" 383 3.091
10.2.97.78 - c1.prd [30/Jun/2017:15:31:35 +0100] "POST /api/mpsl/oc/10.1.183.50/1/1/3/45.xml HTTP/1.1" 201 157 "-" "BW-HTTPClient/5.4" urt="0.054" 686 0.055
10.2.97.79 - c1.prd [30/Jun/2017:15:32:06 +0100] "GET /api/mpsl/got2/10.1.167.20/1/3/12/9.xml?no_http_errors=1 HTTP/1.1" 200 1178 "-" "BW-HTTPClient/5.4" urt="3.018" 384 3.019
10.2.97.78 - c1.prd [30/Jun/2017:15:32:08 +0100] "GET /api/mpsl/goo/10.1.125.20/1/2/6/37.xml?no_http_errors=1 HTTP/1.1" 200 1009 "-" "BW-HTTPClient/5.4" urt="2.605" 384 2.607
10.2.97.79 - c1.prd [30/Jun/2017:15:32:15 +0100] "GET /api/mpsl/goo/10.1.126.20/1/1/6/15.xml?no_http_errors=1 HTTP/1.1" 200 983 "-" "BW-HTTPClient/5.4" urt="2.417" 384 2.419
10.1.1.28 - c3 [30/Jun/2017:15:32:18 +0100] "GET /api/mpsl/monitor/smq/qlen.json HTTP/1.1" 200 122 "-" "curl/7.26.0" urt="0.009" 156 0.009
10.2.97.78 - c1.prd [30/Jun/2017:15:32:19 +0100] "GET /api/mpsl/goo/10.1.126.20/1/1/6/15.xml?no_http_errors=1 HTTP/1.1" 200 983 "-" "BW-HTTPClient/5.4" urt="-" 384 0.001
10.2.97.79 - c1.prd [30/Jun/2017:15:32:24 +0100] "GET /api/mpsl/goo/10.1.126.20/1/1/6/15.xml?no_http_errors=1 HTTP/1.1" 200 983 "-" "BW-HTTPClient/5.4" urt="-" 384 0.002
10.2.97.78 - c1.prd [30/Jun/2017:15:32:33 +0100] "GET /api/mpsl/goo/10.1.168.20/1/6/6/23.xml?no_http_errors=1 HTTP/1.1" 200 1008 "-" "BW-HTTPClient/5.4" urt="3.821" 384 3.823
10.2.97.78 - c1.prd [30/Jun/2017:15:32:40 +0100] "POST /api/mpsl/oco/10.138.154.50/1/2/6/9.xml HTTP/1.1" 201 162 "-" "BW-HTTPClient/5.4" urt="0.050" 678 0.051
10.1.1.28 - c3 [30/Jun/2017:15:32:47 +0100] "GET /api/mpsl/monitor/smq/qlen.json HTTP/1.1" 200 122 "-" "curl/7.26.0" urt="0.008" 156 0.008
10.5.47.222 - c2_prd [30/Jun/2017:15:32:52 +0100] "GET /api/mpsl/got2/10.5.7.21/1/1/14/14.json HTTP/1.1" 200 681 "-" "GuzzleHttp/6.2.1 curl/7.38.0 PHP/5.6.29-0+deb8u1" urt="3.154" 204 3.154
10.5.47.222 - c2_prd [30/Jun/2017:15:32:56 +0100] "GET /api/mpsl/gops/10.5.7.21/1/1/14/14.json HTTP/1.1" 200 1050 "-" "GuzzleHttp/6.2.1 curl/7.38.0 PHP/5.6.29-0+deb8u1" urt="3.241" 208 3.241
10.5.47.222 - c2_prd [30/Jun/2017:15:32:57 +0100] "GET /api/mpsl/got2/10.5.7.21/1/1/14/14.json HTTP/1.1" 200 681 "-" "GuzzleHttp/6.2.1 curl/7.38.0 PHP/5.6.29-0+deb8u1" urt="-" 204 0.000
10.5.47.222 - c2_prd [30/Jun/2017:15:32:57 +0100] "GET /api/mpsl/got2/10.5.7.21/1/1/14/14.json HTTP/1.1" 200 681 "-" "GuzzleHttp/6.2.1 curl/7.38.0 PHP/5.6.29-0+deb8u1" urt="-" 204 0.000
10.5.47.221 - c2_prd [30/Jun/2017:15:32:58 +0100] "GET /api/mpsl/gops/10.5.7.21/1/1/14/14.json HTTP/1.1" 200 1050 "-" "GuzzleHttp/6.2.1 curl/7.38.0 PHP/5.6.24-0+deb8u1" urt="-" 208 0.000
10.2.97.79 - c1.prd [30/Jun/2017:15:33:13 +0100] "GET /api/mpsl/goo/10.1.166.20/1/3/4/27.xml?no_http_errors=1 HTTP/1.1" 200 1008 "-" "BW-HTTPClient/5.4" urt="3.286" 384 3.288
10.2.97.78 - c1.prd [30/Jun/2017:15:33:14 +0100] "GET /api/mpsl/got2/10.1.136.20/1/1/13/1.xml?no_http_errors=1 HTTP/1.1" 200 1179 "-" "BW-HTTPClient/5.4" urt="3.058" 384 3.060
10.1.1.28 - c3 [30/Jun/2017:15:33:18 +0100] "GET /api/mpsl/monitor/smq/qlen.json HTTP/1.1" 200 122 "-" "curl/7.26.0" urt="0.009" 156 0.009
10.1.1.28 - c3 [30/Jun/2017:15:33:47 +0100] "GET /api/mpsl/monitor/smq/qlen.json HTTP/1.1" 200 122 "-" "curl/7.26.0" urt="0.010" 156 0.010
10.1.1.28 - c3 [30/Jun/2017:15:34:17 +0100] "GET /api/mpsl/monitor/smq/qlen.json HTTP/1.1" 200 122 "-" "curl/7.26.0" urt="0.009" 156 0.009
10.2.97.79 - c1.prd [30/Jun/2017:15:34:24 +0100] "GET /api/mpsl/got2/10.1.136.20/1/1/13/1.xml?no_http_errors=1 HTTP/1.1" 200 1179 "-" "BW-HTTPClient/5.4" urt="3.302" 384 3.304
10.2.97.79 - c1.prd [30/Jun/2017:15:34:46 +0100] "POST /api/mpsl/ou/10.1.134.20/1/3/4/12.xml HTTP/1.1" 201 156 "-" "BW-HTTPClient/5.4" urt="0.029" 539 0.031
10.1.1.28 - c3 [30/Jun/2017:15:34:48 +0100] "GET /api/mpsl/monitor/smq/qlen.json HTTP/1.1" 200 122 "-" "curl/7.26.0" urt="0.010" 156 0.010
10.2.97.78 - c1.prd [30/Jun/2017:15:34:51 +0100] "GET /api/mpsl/cv/10.1.132.20/1/1/10/16.xml HTTP/1.1" 200 1389 "-" "BW-HTTPClient/5.4" urt="6.311" 464 6.313
10.2.97.78 - c1.prd [30/Jun/2017:15:34:54 +0100] "GET /api/mpsl/goo/10.1.132.20/1/1/10/16.xml?no_http_errors=1 HTTP/1.1" 200 1007 "-" "BW-HTTPClient/5.4" urt="2.582" 385 2.583
10.1.1.28 - c3 [30/Jun/2017:15:35:18 +0100] "GET /api/mpsl/monitor/smq/qlen.json HTTP/1.1" 200 122 "-" "curl/7.26.0" urt="0.009" 156 0.009
10.2.97.79 - c1.prd [30/Jun/2017:15:35:18 +0100] "GET /api/mpsl/goo/10.1.126.20/1/1/6/15.xml?no_http_errors=1 HTTP/1.1" 200 982 "-" "BW-HTTPClient/5.4" urt="2.841" 384 2.843
10.2.97.78 - c1.prd [30/Jun/2017:15:35:20 +0100] "GET /api/mpsl/goo/10.1.126.20/1/1/6/15.xml?no_http_errors=1 HTTP/1.1" 200 982 "-" "BW-HTTPClient/5.4" urt="-" 384 0.002
10.2.97.79 - c1.prd [30/Jun/2017:15:35:24 +0100] "GET /api/mpsl/goo/10.1.125.20/1/2/1/39.xml?no_http_errors=1 HTTP/1.1" 200 1007 "-" "BW-HTTPClient/5.4" urt="3.272" 384 3.274
10.1.1.28 - c3 [30/Jun/2017:15:35:34 +0100] "GET /api/mpsl/monitor/smq/qlen.json HTTP/1.1" 200 122 "-" "curl/7.26.0" urt="0.009" 156 0.009
10.1.1.28 - c3 [30/Jun/2017:15:35:49 +0100] "GET /api/mpsl/monitor/smq/qlen.json HTTP/1.1" 200 122 "-" "curl/7.26.0" urt="0.009" 156 0.009
10.1.1.28 - c3 [30/Jun/2017:15:36:18 +0100] "GET /api/mpsl/monitor/smq/qlen.json HTTP/1.1" 200 122 "-" "curl/7.26.0" urt="0.009" 156 0.009
10.2.97.78 - c1.prd [30/Jun/2017:15:36:30 +0100] "GET /api/mpsl/got2/10.1.128.20/1/2/14/11.xml?no_http_errors=1 HTTP/1.1" 200 1178 "-" "BW-HTTPClient/5.4" urt="2.977" 385 2.978
10.1.1.28 - c3 [30/Jun/2017:15:36:47 +0100] "GET /api/mpsl/monitor/smq/qlen.json HTTP/1.1" 200 122 "-" "curl/7.26.0" urt="0.012" 156 0.012
10.2.97.79 - c1.prd [30/Jun/2017:15:37:08 +0100] "GET /api/mpsl/goo/10.1.126.20/1/1/6/15.xml?no_http_errors=1 HTTP/1.1" 200 983 "-" "BW-HTTPClient/5.4" urt="2.436" 384 2.438
10.1.1.28 - c3 [30/Jun/2017:15:37:18 +0100] "GET /api/mpsl/monitor/smq/qlen.json HTTP/1.1" 200 122 "-" "curl/7.26.0" urt="0.009" 156 0.009
10.2.97.78 - c1.prd [30/Jun/2017:15:37:29 +0100] "GET /api/mpsl/got2/10.1.164.20/1/1/0/45.xml?no_http_errors=1 HTTP/1.1" 200 1180 "-" "BW-HTTPClient/5.4" urt="3.143" 384 3.144
10.2.97.79 - c1.prd [30/Jun/2017:15:37:48 +0100] "GET /api/mpsl/cv/10.1.135.20/1/6/5/6.xml HTTP/1.1" 200 1391 "-" "BW-HTTPClient/5.4" urt="6.004" 464 6.006
10.1.1.28 - c3 [30/Jun/2017:15:37:48 +0100] "GET /api/mpsl/monitor/smq/qlen.json HTTP/1.1" 200 122 "-" "curl/7.26.0" urt="0.008" 156 0.008
10.2.97.79 - c1.prd [30/Jun/2017:15:37:50 +0100] "GET /api/mpsl/goo/10.1.135.20/1/6/5/6.xml?no_http_errors=1 HTTP/1.1" 200 1008 "-" "BW-HTTPClient/5.4" urt="2.659" 383 2.661
10.2.97.78 - c1.prd [30/Jun/2017:15:37:53 +0100] "GET /api/mpsl/cv/10.1.173.20/1/6/2/19.xml HTTP/1.1" 200 1391 "-" "BW-HTTPClient/5.4" urt="6.296" 465 6.298
10.2.97.78 - c1.prd [30/Jun/2017:15:37:55 +0100] "GET /api/mpsl/goo/10.1.173.20/1/6/2/19.xml?no_http_errors=1 HTTP/1.1" 200 1008 "-" "BW-HTTPClient/5.4" urt="2.614" 384 2.619
10.2.97.79 - c1.prd [30/Jun/2017:15:37:59 +0100] "GET /api/mpsl/goo/10.138.132.38/1/1/0/3.xml?no_http_errors=1 HTTP/1.1" 200 981 "-" "BW-HTTPClient/5.4" urt="2.465" 383 2.467
10.2.97.78 - c1.prd [30/Jun/2017:15:38:01 +0100] "GET /api/mpsl/goo/10.138.132.38/1/1/0/3.xml?no_http_errors=1 HTTP/1.1" 200 981 "-" "BW-HTTPClient/5.4" urt="-" 383 0.002
10.2.97.79 - c1.prd [30/Jun/2017:15:38:06 +0100] "GET /api/mpsl/goo/10.138.132.38/1/1/0/3.xml?no_http_errors=1 HTTP/1.1" 200 981 "-" "BW-HTTPClient/5.4" urt="-" 383 0.001
10.2.97.78 - c1.prd [30/Jun/2017:15:38:10 +0100] "GET /api/mpsl/got2/10.1.171.20/1/5/3/9.xml?no_http_errors=1 HTTP/1.1" 200 1180 "-" "BW-HTTPClient/5.4" urt="3.162" 383 3.164
10.1.1.28 - c3 [30/Jun/2017:15:38:18 +0100] "GET /api/mpsl/monitor/smq/qlen.json HTTP/1.1" 200 122 "-" "curl/7.26.0" urt="0.009" 156 0.009
10.1.1.28 - c3 [30/Jun/2017:15:38:48 +0100] "GET /api/mpsl/monitor/smq/qlen.json HTTP/1.1" 200 122 "-" "curl/7.26.0" urt="0.010" 156 0.010
10.2.97.79 - c1.prd [30/Jun/2017:15:39:08 +0100] "GET /api/mpsl/goo/10.1.135.20/1/1/12/7.xml?no_http_errors=1 HTTP/1.1" 200 1008 "-" "BW-HTTPClient/5.4" urt="2.586" 384 2.588
10.2.97.78 - c1.prd [30/Jun/2017:15:39:16 +0100] "GET /api/mpsl/goo/10.1.135.20/1/1/12/7.xml?no_http_errors=1 HTTP/1.1" 200 1008 "-" "BW-HTTPClient/5.4" urt="-" 384 0.002
10.1.1.28 - c3 [30/Jun/2017:15:39:18 +0100] "GET /api/mpsl/monitor/smq/qlen.json HTTP/1.1" 200 122 "-" "curl/7.26.0" urt="0.009" 156 0.009
10.1.1.28 - c3 [30/Jun/2017:15:39:48 +0100] "GET /api/mpsl/monitor/smq/qlen.json HTTP/1.1" 200 122 "-" "curl/7.26.0" urt="0.009" 156 0.009
10.5.47.222 - c2_prd [30/Jun/2017:15:39:54 +0100] "GET /api/mpsl/od/10.5.4.66.json HTTP/1.1" 200 481 "-" "GuzzleHttp/6.2.1 curl/7.38.0 PHP/5.6.29-0+deb8u1" urt="2.464" 193 2.464
10.5.47.221 - c2_prd [30/Jun/2017:15:39:54 +0100] "GET /api/mpsl/od/10.5.4.66.json HTTP/1.1" 200 481 "-" "GuzzleHttp/6.2.1 curl/7.38.0 PHP/5.6.24-0+deb8u1" urt="-" 193 0.000
10.5.47.222 - c2_prd [30/Jun/2017:15:39:58 +0100] "POST /api/mpsl/oc/10.5.4.66/1/1/2/7.json HTTP/1.1" 201 97 "-" "GuzzleHttp/6.2.1 curl/7.38.0 PHP/5.6.29-0+deb8u1" urt="0.054" 509 0.054
10.1.1.28 - c3 [30/Jun/2017:15:40:18 +0100] "GET /api/mpsl/monitor/smq/qlen.json HTTP/1.1" 200 122 "-" "curl/7.26.0" urt="0.010" 156 0.010
10.5.47.221 - c2_prd [30/Jun/2017:15:40:23 +0100] "GET /api/mpsl/got2/10.5.4.66/1/1/2/7.json HTTP/1.1" 200 665 "-" "GuzzleHttp/6.2.1 curl/7.38.0 PHP/5.6.24-0+deb8u1" urt="2.951" 202 2.951
10.5.47.222 - c2_prd [30/Jun/2017:15:40:26 +0100] "GET /api/mpsl/gops/10.5.4.66/1/1/2/7.json HTTP/1.1" 406 235 "-" "GuzzleHttp/6.2.1 curl/7.38.0 PHP/5.6.29-0+deb8u1" urt="2.239" 206 2.239
10.2.97.79 - c1.prd [30/Jun/2017:15:40:29 +0100] "GET /api/mpsl/goo/10.1.129.20/1/5/14/0.xml?no_http_errors=1 HTTP/1.1" 200 1008 "-" "BW-HTTPClient/5.4" urt="2.707" 384 2.711
10.1.1.28 - c3 [30/Jun/2017:15:40:34 +0100] "GET /api/mpsl/monitor/smq/qlen.json HTTP/1.1" 200 122 "-" "curl/7.26.0" urt="0.010" 156 0.010
10.1.1.28 - c3 [30/Jun/2017:15:40:48 +0100] "GET /api/mpsl/monitor/smq/qlen.json HTTP/1.1" 200 122 "-" "curl/7.26.0" urt="0.010" 156 0.010
10.5.47.221 - c2_prd [30/Jun/2017:15:41:00 +0100] "GET /api/mpsl/got2/10.5.4.66/1/1/2/7.json HTTP/1.1" 200 665 "-" "GuzzleHttp/6.2.1 curl/7.38.0 PHP/5.6.24-0+deb8u1" urt="-" 202 0.000
10.2.97.78 - c1.prd [30/Jun/2017:15:41:05 +0100] "GET /api/mpsl/got2/10.1.113.20/1/2/15/10.xml?no_http_errors=1 HTTP/1.1" 200 1176 "-" "BW-HTTPClient/5.4" urt="3.089" 385 3.091
10.1.1.28 - c3 [30/Jun/2017:15:41:17 +0100] "GET /api/mpsl/monitor/smq/qlen.json HTTP/1.1" 200 122 "-" "curl/7.26.0" urt="0.009" 156 0.009
10.1.1.28 - c3 [30/Jun/2017:15:41:47 +0100] "GET /api/mpsl/monitor/smq/qlen.json HTTP/1.1" 200 122 "-" "curl/7.26.0" urt="0.009" 156 0.009
10.1.1.28 - c3 [30/Jun/2017:15:42:18 +0100] "GET /api/mpsl/monitor/smq/qlen.json HTTP/1.1" 200 122 "-" "curl/7.26.0" urt="0.009" 156 0.009
10.2.97.79 - c1.prd [30/Jun/2017:15:42:20 +0100] "GET /api/mpsl/got2/10.1.182.50/1/7/7/11.xml?no_http_errors=1 HTTP/1.1" 200 1180 "-" "BW-HTTPClient/5.4" urt="3.055" 384 3.057
10.2.97.79 - c1.prd [30/Jun/2017:15:42:43 +0100] "POST /api/mpsl/oco/10.1.134.20/1/1/2/2.xml HTTP/1.1" 201 162 "-" "BW-HTTPClient/5.4" urt="0.081" 679 0.082
10.1.1.28 - c3 [30/Jun/2017:15:42:47 +0100] "GET /api/mpsl/monitor/smq/qlen.json HTTP/1.1" 200 122 "-" "curl/7.26.0" urt="0.010" 156 0.010
10.2.97.78 - c1.prd [30/Jun/2017:15:43:15 +0100] "GET /api/mpsl/goo/10.1.132.20/1/4/10/4.xml?no_http_errors=1 HTTP/1.1" 200 983 "-" "BW-HTTPClient/5.4" urt="2.426" 384 2.428
10.2.97.79 - c1.prd [30/Jun/2017:15:43:17 +0100] "GET /api/mpsl/goo/10.1.132.20/1/4/10/4.xml?no_http_errors=1 HTTP/1.1" 200 983 "-" "BW-HTTPClient/5.4" urt="-" 384 0.002
10.1.1.28 - c3 [30/Jun/2017:15:43:18 +0100] "GET /api/mpsl/monitor/smq/qlen.json HTTP/1.1" 200 122 "-" "curl/7.26.0" urt="0.009" 156 0.009
10.2.97.78 - c1.prd [30/Jun/2017:15:43:22 +0100] "GET /api/mpsl/goo/10.1.132.20/1/4/10/4.xml?no_http_errors=1 HTTP/1.1" 200 983 "-" "BW-HTTPClient/5.4" urt="-" 384 0.002
10.2.97.78 - c1.prd [30/Jun/2017:15:43:34 +0100] "POST /api/mpsl/oco/10.1.182.50/1/7/7/11.xml HTTP/1.1" 201 162 "-" "BW-HTTPClient/5.4" urt="0.079" 679 0.081
10.2.97.79 - c1.prd [30/Jun/2017:15:43:35 +0100] "POST /api/mpsl/oc/10.1.134.20/1/1/14/2.xml HTTP/1.1" 201 157 "-" "BW-HTTPClient/5.4" urt="0.065" 686 0.067
10.1.1.28 - c3 [30/Jun/2017:15:43:48 +0100] "GET /api/mpsl/monitor/smq/qlen.json HTTP/1.1" 200 122 "-" "curl/7.26.0" urt="0.009" 156 0.009
10.1.1.28 - c3 [30/Jun/2017:15:44:17 +0100] "GET /api/mpsl/monitor/smq/qlen.json HTTP/1.1" 200 122 "-" "curl/7.26.0" urt="0.009" 156 0.009
10.2.97.79 - c1.prd [30/Jun/2017:15:44:39 +0100] "POST /api/mpsl/oco/10.1.125.20/1/1/4/32.xml HTTP/1.1" 201 162 "-" "BW-HTTPClient/5.4" urt="0.075" 680 0.077
10.1.1.28 - c3 [30/Jun/2017:15:44:47 +0100] "GET /api/mpsl/monitor/smq/qlen.json HTTP/1.1" 200 122 "-" "curl/7.26.0" urt="0.009" 156 0.009
10.2.97.79 - c1.prd [30/Jun/2017:15:44:50 +0100] "GET /api/mpsl/goo/10.1.182.50/1/8/12/26.xml?no_http_errors=1 HTTP/1.1" 200 1007 "-" "BW-HTTPClient/5.4" urt="2.605" 385 2.607
10.2.97.78 - c1.prd [30/Jun/2017:15:44:56 +0100] "GET /api/mpsl/goo/10.1.182.50/1/8/12/26.xml?no_http_errors=1 HTTP/1.1" 200 1007 "-" "BW-HTTPClient/5.4" urt="-" 385 0.001
10.2.97.79 - c1.prd [30/Jun/2017:15:44:56 +0100] "GET /api/mpsl/cv/10.1.173.20/1/6/3/26.xml HTTP/1.1" 200 1390 "-" "BW-HTTPClient/5.4" urt="6.418" 464 6.420
10.2.97.79 - c1.prd [30/Jun/2017:15:44:59 +0100] "GET /api/mpsl/goo/10.1.173.20/1/6/3/26.xml?no_http_errors=1 HTTP/1.1" 200 999 "-" "BW-HTTPClient/5.4" urt="2.484" 384 2.486
10.2.97.78 - c1.prd [30/Jun/2017:15:45:11 +0100] "GET /api/mpsl/goo/10.1.173.20/1/6/3/9.xml?no_http_errors=1 HTTP/1.1" 200 1008 "-" "BW-HTTPClient/5.4" urt="2.648" 383 2.650
10.2.97.79 - c1.prd [30/Jun/2017:15:45:14 +0100] "GET /api/mpsl/goo/10.1.173.20/1/6/3/0.xml?no_http_errors=1 HTTP/1.1" 200 1008 "-" "BW-HTTPClient/5.4" urt="2.670" 383 2.672
10.1.1.28 - c3 [30/Jun/2017:15:45:18 +0100] "GET /api/mpsl/monitor/smq/qlen.json HTTP/1.1" 200 122 "-" "curl/7.26.0" urt="0.010" 156 0.010
10.2.97.78 - c1.prd [30/Jun/2017:15:45:30 +0100] "GET /api/mpsl/cv/10.1.168.20/1/6/1/34.xml HTTP/1.1" 200 1391 "-" "BW-HTTPClient/5.4" urt="5.951" 465 5.953
10.1.1.28 - c3 [30/Jun/2017:15:45:31 +0100] "GET /api/mpsl/monitor/smq/qlen.json HTTP/1.1" 200 122 "-" "curl/7.26.0" urt="0.011" 156 0.011
10.2.97.78 - c1.prd [30/Jun/2017:15:45:38 +0100] "GET /api/mpsl/goo/10.1.168.20/1/6/1/34.xml?no_http_errors=1 HTTP/1.1" 200 983 "-" "BW-HTTPClient/5.4" urt="7.507" 384 7.512
10.1.1.28 - c3 [30/Jun/2017:15:45:52 +0100] "GET /api/mpsl/monitor/smq/qlen.json HTTP/1.1" 200 122 "-" "curl/7.26.0" urt="0.011" 156 0.011
10.1.1.28 - c3 [30/Jun/2017:15:46:17 +0100] "GET /api/mpsl/monitor/smq/qlen.json HTTP/1.1" 200 122 "-" "curl/7.26.0" urt="0.010" 156 0.010
10.2.97.79 - c1.prd [30/Jun/2017:15:46:19 +0100] "GET /api/mpsl/got2/10.1.168.20/1/1/0/0.xml?no_http_errors=1 HTTP/1.1" 200 1153 "-" "BW-HTTPClient/5.4" urt="2.921" 383 2.922
10.2.97.79 - c1.prd [30/Jun/2017:15:46:37 +0100] "GET /api/mpsl/got2/10.1.133.20/1/1/4/0.xml?no_http_errors=1 HTTP/1.1" 200 1177 "-" "BW-HTTPClient/5.4" urt="3.015" 383 3.017
10.2.97.78 - c1.prd [30/Jun/2017:15:46:40 +0100] "GET /api/mpsl/goo/10.1.128.20/1/2/15/50.xml?no_http_errors=1 HTTP/1.1" 200 1008 "-" "BW-HTTPClient/5.4" urt="12.632" 385 12.635
10.1.1.28 - c3 [30/Jun/2017:15:46:48 +0100] "GET /api/mpsl/monitor/smq/qlen.json HTTP/1.1" 200 122 "-" "curl/7.26.0" urt="0.010" 156 0.010
10.2.97.79 - c1.prd [30/Jun/2017:15:46:54 +0100] "GET /api/mpsl/cv/10.1.169.20/1/6/8/4.xml HTTP/1.1" 200 1390 "-" "BW-HTTPClient/5.4" urt="9.802" 463 9.804
10.2.97.78 - c1.prd [30/Jun/2017:15:46:58 +0100] "GET /api/mpsl/goo/10.1.169.20/1/6/8/4.xml?no_http_errors=1 HTTP/1.1" 200 983 "-" "BW-HTTPClient/5.4" urt="3.016" 383 3.018
10.2.97.79 - c1.prd [30/Jun/2017:15:47:03 +0100] "GET /api/mpsl/goo/10.1.169.20/1/6/8/4.xml?no_http_errors=1 HTTP/1.1" 200 983 "-" "BW-HTTPClient/5.4" urt="-" 383 0.002
10.2.97.78 - c1.prd [30/Jun/2017:15:47:11 +0100] "GET /api/mpsl/goo/10.1.169.20/1/6/8/4.xml?no_http_errors=1 HTTP/1.1" 200 983 "-" "BW-HTTPClient/5.4" urt="-" 383 0.002
10.2.97.79 - c1.prd [30/Jun/2017:15:47:16 +0100] "GET /api/mpsl/goo/10.1.169.20/1/6/8/4.xml?no_http_errors=1 HTTP/1.1" 200 983 "-" "BW-HTTPClient/5.4" urt="-" 383 0.001
10.1.1.28 - c3 [30/Jun/2017:15:47:17 +0100] "GET /api/mpsl/monitor/smq/qlen.json HTTP/1.1" 200 122 "-" "curl/7.26.0" urt="0.009" 156 0.009
10.2.97.78 - c1.prd [30/Jun/2017:15:47:34 +0100] "GET /api/mpsl/got2/10.1.163.20/1/6/0/1.xml?no_http_errors=1 HTTP/1.1" 200 1153 "-" "BW-HTTPClient/5.4" urt="2.846" 383 2.848
10.2.97.79 - c1.prd [30/Jun/2017:15:47:35 +0100] "GET /api/mpsl/got2/10.1.133.20/1/1/4/0.xml?no_http_errors=1 HTTP/1.1" 200 1177 "-" "BW-HTTPClient/5.4" urt="-" 383 0.001
10.1.1.28 - c3 [30/Jun/2017:15:47:48 +0100] "GET /api/mpsl/monitor/smq/qlen.json HTTP/1.1" 200 122 "-" "curl/7.26.0" urt="0.010" 156 0.010
10.1.1.28 - c3 [30/Jun/2017:15:48:18 +0100] "GET /api/mpsl/monitor/smq/qlen.json HTTP/1.1" 200 122 "-" "curl/7.26.0" urt="0.009" 156 0.009
10.2.97.78 - c1.prd [30/Jun/2017:15:48:36 +0100] "GET /api/mpsl/goo/10.1.127.20/1/2/12/14.xml?no_http_errors=1 HTTP/1.1" 200 1007 "-" "BW-HTTPClient/5.4" urt="3.043" 385 3.045
10.1.1.28 - c3 [30/Jun/2017:15:48:48 +0100] "GET /api/mpsl/monitor/smq/qlen.json HTTP/1.1" 200 122 "-" "curl/7.26.0" urt="0.010" 156 0.010
10.2.97.79 - c1.prd [30/Jun/2017:15:49:01 +0100] "GET /api/mpsl/goo/10.1.128.20/1/2/15/50.xml?no_http_errors=1 HTTP/1.1" 200 1008 "-" "BW-HTTPClient/5.4" urt="3.037" 385 3.039
10.2.97.78 - c1.prd [30/Jun/2017:15:49:13 +0100] "GET /api/mpsl/goo/10.1.168.20/1/6/1/34.xml?no_http_errors=1 HTTP/1.1" 200 983 "-" "BW-HTTPClient/5.4" urt="8.095" 384 8.097
10.1.1.28 - c3 [30/Jun/2017:15:49:17 +0100] "GET /api/mpsl/monitor/smq/qlen.json HTTP/1.1" 200 122 "-" "curl/7.26.0" urt="0.009" 156 0.009
10.1.1.28 - c3 [30/Jun/2017:15:49:48 +0100] "GET /api/mpsl/monitor/smq/qlen.json HTTP/1.1" 200 122 "-" "curl/7.26.0" urt="0.010" 156 0.010
10.2.97.79 - c1.prd [30/Jun/2017:15:49:56 +0100] "GET /api/mpsl/got2/10.1.173.20/1/6/3/26.xml?no_http_errors=1 HTTP/1.1" 200 1170 "-" "BW-HTTPClient/5.4" urt="3.256" 384 3.258
10.2.97.78 - c1.prd [30/Jun/2017:15:49:59 +0100] "GET /api/mpsl/got2/10.1.173.20/1/1/4/24.xml?no_http_errors=1 HTTP/1.1" 200 1155 "-" "BW-HTTPClient/5.4" urt="2.982" 384 2.984
10.2.97.78 - c1.prd [30/Jun/2017:15:50:13 +0100] "GET /api/mpsl/cv/10.1.162.20/1/4/10/9.xml HTTP/1.1" 200 1391 "-" "BW-HTTPClient/5.4" urt="5.930" 465 5.932
10.2.97.79 - c1.prd [30/Jun/2017:15:50:16 +0100] "GET /api/mpsl/goo/10.1.162.20/1/4/10/9.xml?no_http_errors=1 HTTP/1.1" 200 1007 "-" "BW-HTTPClient/5.4" urt="2.602" 384 2.604
10.1.1.28 - c3 [30/Jun/2017:15:50:18 +0100] "GET /api/mpsl/monitor/smq/qlen.json HTTP/1.1" 200 122 "-" "curl/7.26.0" urt="0.016" 156 0.016
10.1.1.28 - c3 [30/Jun/2017:15:50:36 +0100] "GET /api/mpsl/monitor/smq/qlen.json HTTP/1.1" 200 122 "-" "curl/7.26.0" urt="0.009" 156 0.009
10.1.1.28 - c3 [30/Jun/2017:15:50:48 +0100] "GET /api/mpsl/monitor/smq/qlen.json HTTP/1.1" 200 122 "-" "curl/7.26.0" urt="0.009" 156 0.009
10.2.97.79 - c1.prd [30/Jun/2017:15:51:03 +0100] "GET /api/mpsl/cv/10.1.162.20/1/3/8/11.xml HTTP/1.1" 200 1391 "-" "BW-HTTPClient/5.4" urt="26.943" 465 26.945
10.2.97.78 - c1.prd [30/Jun/2017:15:51:11 +0100] "GET /api/mpsl/goo/10.1.162.20/1/3/8/11.xml?no_http_errors=1 HTTP/1.1" 200 1008 "-" "BW-HTTPClient/5.4" urt="7.641" 384 7.642
10.1.1.28 - c3 [30/Jun/2017:15:51:17 +0100] "GET /api/mpsl/monitor/smq/qlen.json HTTP/1.1" 200 122 "-" "curl/7.26.0" urt="0.009" 156 0.009
10.2.97.79 - c1.prd [30/Jun/2017:15:51:29 +0100] "GET /api/mpsl/got2/10.1.167.20/1/1/0/0.xml?no_http_errors=1 HTTP/1.1" 200 1179 "-" "BW-HTTPClient/5.4" urt="3.026" 383 3.028
10.2.97.78 - c1.prd [30/Jun/2017:15:51:42 +0100] "GET /api/mpsl/goo/10.1.166.20/1/3/4/27.xml?no_http_errors=1 HTTP/1.1" 200 1008 "-" "BW-HTTPClient/5.4" urt="2.841" 384 2.844
10.1.1.28 - c3 [30/Jun/2017:15:51:48 +0100] "GET /api/mpsl/monitor/smq/qlen.json HTTP/1.1" 200 122 "-" "curl/7.26.0" urt="0.009" 156 0.009
10.1.1.28 - c3 [30/Jun/2017:15:52:18 +0100] "GET /api/mpsl/monitor/smq/qlen.json HTTP/1.1" 200 122 "-" "curl/7.26.0" urt="0.009" 156 0.009
10.2.97.78 - c1.prd [30/Jun/2017:15:52:19 +0100] "GET /api/mpsl/cv/10.1.133.20/1/1/4/0.xml HTTP/1.1" 200 1388 "-" "BW-HTTPClient/5.4" urt="5.983" 462 5.984
10.2.97.79 - c1.prd [30/Jun/2017:15:52:22 +0100] "GET /api/mpsl/goo/10.1.133.20/1/1/4/0.xml?no_http_errors=1 HTTP/1.1" 200 1004 "-" "BW-HTTPClient/5.4" urt="2.568" 383 2.570
10.1.1.28 - c3 [30/Jun/2017:15:52:47 +0100] "GET /api/mpsl/monitor/smq/qlen.json HTTP/1.1" 200 122 "-" "curl/7.26.0" urt="0.010" 156 0.010
10.2.97.79 - c1.prd [30/Jun/2017:15:52:48 +0100] "GET /api/mpsl/cv/10.1.168.20/1/5/15/42.xml HTTP/1.1" 200 1391 "-" "BW-HTTPClient/5.4" urt="26.523" 466 26.524
10.2.97.78 - c1.prd [30/Jun/2017:15:52:51 +0100] "GET /api/mpsl/goo/10.1.168.20/1/5/15/42.xml?no_http_errors=1 HTTP/1.1" 200 1008 "-" "BW-HTTPClient/5.4" urt="2.593" 385 2.595
10.1.1.28 - c3 [30/Jun/2017:15:53:18 +0100] "GET /api/mpsl/monitor/smq/qlen.json HTTP/1.1" 200 122 "-" "curl/7.26.0" urt="0.010" 156 0.010
10.2.97.79 - c1.prd [30/Jun/2017:15:53:22 +0100] "GET /api/mpsl/goo/10.1.135.20/1/1/12/7.xml?no_http_errors=1 HTTP/1.1" 200 1005 "-" "BW-HTTPClient/5.4" urt="2.736" 384 2.737
10.2.97.78 - c1.prd [30/Jun/2017:15:53:26 +0100] "GET /api/mpsl/got2/10.1.168.20/1/6/1/34.xml?no_http_errors=1 HTTP/1.1" 200 1155 "-" "BW-HTTPClient/5.4" urt="2.837" 384 2.839
10.2.97.79 - c1.prd [30/Jun/2017:15:53:31 +0100] "GET /api/mpsl/goo/10.1.128.20/1/2/15/50.xml?no_http_errors=1 HTTP/1.1" 200 1008 "-" "BW-HTTPClient/5.4" urt="2.558" 385 2.560
10.1.1.28 - c3 [30/Jun/2017:15:53:48 +0100] "GET /api/mpsl/monitor/smq/qlen.json HTTP/1.1" 200 122 "-" "curl/7.26.0" urt="0.011" 156 0.011
10.2.97.78 - c1.prd [30/Jun/2017:15:54:05 +0100] "GET /api/mpsl/goo/10.1.135.20/1/1/12/7.xml?no_http_errors=1 HTTP/1.1" 200 1005 "-" "BW-HTTPClient/5.4" urt="-" 384 0.002
10.1.1.28 - c3 [30/Jun/2017:15:54:17 +0100] "GET /api/mpsl/monitor/smq/qlen.json HTTP/1.1" 200 122 "-" "curl/7.26.0" urt="0.010" 156 0.010
10.2.97.79 - c1.prd [30/Jun/2017:15:54:18 +0100] "GET /api/mpsl/goo/10.1.169.20/1/2/7/45.xml?no_http_errors=1 HTTP/1.1" 200 1008 "-" "BW-HTTPClient/5.4" urt="2.609" 384 2.610
10.2.97.78 - c1.prd [30/Jun/2017:15:54:28 +0100] "GET /api/mpsl/cv/10.1.162.20/1/3/8/11.xml HTTP/1.1" 200 1391 "-" "BW-HTTPClient/5.4" urt="-" 465 0.002
10.2.97.78 - c1.prd [30/Jun/2017:15:54:31 +0100] "GET /api/mpsl/goo/10.1.162.20/1/3/8/11.xml?no_http_errors=1 HTTP/1.1" 200 1008 "-" "BW-HTTPClient/5.4" urt="2.605" 384 2.607
10.2.97.79 - c1.prd [30/Jun/2017:15:54:34 +0100] "GET /api/mpsl/got2/10.1.130.20/1/2/7/18.xml?no_http_errors=1 HTTP/1.1" 200 1180 "-" "BW-HTTPClient/5.4" urt="3.146" 384 3.147
10.2.97.78 - c1.prd [30/Jun/2017:15:54:44 +0100] "GET /api/mpsl/goo/10.1.164.20/1/2/4/8.xml?no_http_errors=1 HTTP/1.1" 200 1008 "-" "BW-HTTPClient/5.4" urt="2.861" 383 2.863
10.1.1.28 - c3 [30/Jun/2017:15:54:48 +0100] "GET /api/mpsl/monitor/smq/qlen.json HTTP/1.1" 200 122 "-" "curl/7.26.0" urt="0.010" 156 0.010
10.1.1.28 - c3 [30/Jun/2017:15:55:18 +0100] "GET /api/mpsl/monitor/smq/qlen.json HTTP/1.1" 200 122 "-" "curl/7.26.0" urt="0.009" 156 0.009
10.1.1.28 - c3 [30/Jun/2017:15:55:36 +0100] "GET /api/mpsl/monitor/smq/qlen.json HTTP/1.1" 200 122 "-" "curl/7.26.0" urt="0.010" 156 0.010
10.1.1.28 - c3 [30/Jun/2017:15:55:49 +0100] "GET /api/mpsl/monitor/smq/qlen.json HTTP/1.1" 200 122 "-" "curl/7.26.0" urt="0.009" 156 0.009
10.2.97.78 - c1.prd [30/Jun/2017:15:55:53 +0100] "POST /api/mpsl/oco/10.1.172.20/1/2/15/18.xml HTTP/1.1" 201 162 "-" "BW-HTTPClient/5.4" urt="0.087" 681 0.089
10.2.97.79 - c1.prd [30/Jun/2017:15:56:12 +0100] "GET /api/mpsl/goo/10.138.154.50/1/2/15/21.xml?no_http_errors=1 HTTP/1.1" 200 1007 "-" "BW-HTTPClient/5.4" urt="2.608" 385 2.610
10.2.97.78 - c1.prd [30/Jun/2017:15:56:19 +0100] "GET /api/mpsl/got2/10.1.167.20/1/4/1/15.xml?no_http_errors=1 HTTP/1.1" 200 1180 "-" "BW-HTTPClient/5.4" urt="4.762" 384 4.766
10.2.97.78 - c1.prd [30/Jun/2017:15:56:35 +0100] "POST /api/mpsl/oc/10.1.172.20/1/12/1/19.xml HTTP/1.1" 201 157 "-" "BW-HTTPClient/5.4" urt="0.164" 687 0.165
10.2.97.79 - c1.prd [30/Jun/2017:15:56:35 +0100] "POST /api/mpsl/oc/10.1.168.20/1/5/13/5.xml HTTP/1.1" 201 157 "-" "BW-HTTPClient/5.4" urt="0.121" 686 0.123
10.2.97.79 - c1.prd [30/Jun/2017:15:56:49 +0100] "GET /api/mpsl/goo/10.1.128.20/1/2/15/50.xml?no_http_errors=1 HTTP/1.1" 200 1007 "-" "BW-HTTPClient/5.4" urt="2.636" 385 2.638
10.2.97.79 - c1.prd [30/Jun/2017:15:57:17 +0100] "POST /api/mpsl/oub/10.1.133.20/1/4/6/1.xml?no_http_errors=1 HTTP/1.1" 200 161 "-" "BW-HTTPClient/5.4" urt="0.053" 696 0.055
10.2.97.78 - c1.prd [30/Jun/2017:15:57:23 +0100] "GET /api/mpsl/goo/10.1.168.20/1/7/3/45.xml?no_http_errors=1 HTTP/1.1" 200 1008 "-" "BW-HTTPClient/5.4" urt="2.639" 384 2.641
10.2.97.79 - c1.prd [30/Jun/2017:15:57:42 +0100] "GET /api/mpsl/got2/10.1.172.20/1/5/12/19.xml?no_http_errors=1 HTTP/1.1" 200 1180 "-" "BW-HTTPClient/5.4" urt="3.082" 385 3.084
10.1.1.28 - c3 [30/Jun/2017:15:57:48 +0100] "GET /api/mpsl/monitor/smq/qlen.json HTTP/1.1" 200 122 "-" "curl/7.26.0" urt="0.009" 156 0.009
10.1.1.28 - c3 [30/Jun/2017:15:58:18 +0100] "GET /api/mpsl/monitor/smq/qlen.json HTTP/1.1" 200 122 "-" "curl/7.26.0" urt="0.010" 156 0.010
10.2.97.78 - c1.prd [30/Jun/2017:15:58:35 +0100] "POST /api/mpsl/ou/10.1.170.20/1/5/14/4.xml HTTP/1.1" 201 156 "-" "BW-HTTPClient/5.4" urt="0.038" 538 0.040
10.2.97.78 - c1.prd [30/Jun/2017:15:58:40 +0100] "GET /api/mpsl/got2/10.1.112.20/1/3/10/7.xml?no_http_errors=1 HTTP/1.1" 200 1180 "-" "BW-HTTPClient/5.4" urt="3.115" 384 3.117
10.1.1.28 - c3 [30/Jun/2017:15:58:47 +0100] "GET /api/mpsl/monitor/smq/qlen.json HTTP/1.1" 200 122 "-" "curl/7.26.0" urt="0.011" 156 0.011
10.2.97.79 - c1.prd [30/Jun/2017:15:59:13 +0100] "GET /api/mpsl/goo/10.1.130.20/1/1/11/7.xml?no_http_errors=1 HTTP/1.1" 200 1007 "-" "BW-HTTPClient/5.4" urt="2.680" 384 2.682
10.1.1.28 - c3 [30/Jun/2017:15:59:18 +0100] "GET /api/mpsl/monitor/smq/qlen.json HTTP/1.1" 200 122 "-" "curl/7.26.0" urt="0.010" 156 0.010
10.2.97.78 - c1.prd [30/Jun/2017:15:59:26 +0100] "GET /api/mpsl/goo/10.1.112.20/1/1/4/13.xml?no_http_errors=1 HTTP/1.1" 200 1007 "-" "BW-HTTPClient/5.4" urt="2.758" 384 2.760
10.1.1.28 - c3 [30/Jun/2017:15:59:48 +0100] "GET /api/mpsl/monitor/smq/qlen.json HTTP/1.1" 200 122 "-" "curl/7.26.0" urt="0.010" 156 0.010
10.2.97.79 - c1.prd [30/Jun/2017:16:00:13 +0100] "GET /api/mpsl/goo/10.1.126.20/1/3/5/32.xml?no_http_errors=1 HTTP/1.1" 200 1004 "-" "BW-HTTPClient/5.4" urt="2.578" 384 2.579
10.1.1.28 - c3 [30/Jun/2017:16:00:17 +0100] "GET /api/mpsl/monitor/smq/qlen.json HTTP/1.1" 200 122 "-" "curl/7.26.0" urt="0.010" 156 0.010
10.1.1.28 - c3 [30/Jun/2017:16:00:34 +0100] "GET /api/mpsl/monitor/smq/qlen.json HTTP/1.1" 200 122 "-" "curl/7.26.0" urt="0.010" 156 0.010
10.1.1.28 - c3 [30/Jun/2017:16:00:48 +0100] "GET /api/mpsl/monitor/smq/qlen.json HTTP/1.1" 200 122 "-" "curl/7.26.0" urt="0.009" 156 0.009
10.2.97.78 - c1.prd [30/Jun/2017:16:01:14 +0100] "GET /api/mpsl/goo/10.1.173.20/1/5/2/10.xml?no_http_errors=1 HTTP/1.1" 200 1007 "-" "BW-HTTPClient/5.4" urt="3.883" 384 3.885
10.1.1.28 - c3 [30/Jun/2017:16:01:17 +0100] "GET /api/mpsl/monitor/smq/qlen.json HTTP/1.1" 200 122 "-" "curl/7.26.0" urt="0.009" 156 0.009
10.2.97.79 - c1.prd [30/Jun/2017:16:01:19 +0100] "GET /api/mpsl/goo/10.1.173.20/1/8/13/0.xml?no_http_errors=1 HTTP/1.1" 200 1007 "-" "BW-HTTPClient/5.4" urt="4.116" 384 4.118
10.1.1.28 - c3 [30/Jun/2017:16:01:48 +0100] "GET /api/mpsl/monitor/smq/qlen.json HTTP/1.1" 200 122 "-" "curl/7.26.0" urt="0.010" 156 0.010
10.2.97.78 - c1.prd [30/Jun/2017:16:02:08 +0100] "GET /api/mpsl/got2/10.1.171.20/1/1/7/23.xml?no_http_errors=1 HTTP/1.1" 200 1179 "-" "BW-HTTPClient/5.4" urt="6.306" 384 6.308
10.1.1.28 - c3 [30/Jun/2017:16:02:18 +0100] "GET /api/mpsl/monitor/smq/qlen.json HTTP/1.1" 200 122 "-" "curl/7.26.0" urt="0.009" 156 0.009
10.2.97.79 - c1.prd [30/Jun/2017:16:02:24 +0100] "POST /api/mpsl/ou/10.1.124.20/1/6/4/33.xml HTTP/1.1" 201 156 "-" "BW-HTTPClient/5.4" urt="0.048" 539 0.050
10.2.97.78 - c1.prd [30/Jun/2017:16:02:35 +0100] "POST /api/mpsl/ou/10.1.166.20/1/14/1/1.xml HTTP/1.1" 201 156 "-" "BW-HTTPClient/5.4" urt="0.069" 538 0.070
10.1.1.28 - c3 [30/Jun/2017:16:02:47 +0100] "GET /api/mpsl/monitor/smq/qlen.json HTTP/1.1" 200 122 "-" "curl/7.26.0" urt="0.009" 156 0.009
10.2.97.79 - c1.prd [30/Jun/2017:16:02:50 +0100] "GET /api/mpsl/goo/10.1.173.20/1/5/2/10.xml?no_http_errors=1 HTTP/1.1" 200 1007 "-" "BW-HTTPClient/5.4" urt="4.073" 384 4.075
10.1.1.28 - c3 [30/Jun/2017:16:03:18 +0100] "GET /api/mpsl/monitor/smq/qlen.json HTTP/1.1" 200 122 "-" "curl/7.26.0" urt="0.009" 156 0.009
10.2.97.78 - c1.prd [30/Jun/2017:16:03:35 +0100] "POST /api/mpsl/oc/10.1.168.20/1/2/15/6.xml HTTP/1.1" 201 157 "-" "BW-HTTPClient/5.4" urt="0.288" 686 0.289
10.1.1.28 - c3 [30/Jun/2017:16:03:47 +0100] "GET /api/mpsl/monitor/smq/qlen.json HTTP/1.1" 200 122 "-" "curl/7.26.0" urt="0.009" 156 0.009
10.1.1.28 - c3 [30/Jun/2017:16:04:18 +0100] "GET /api/mpsl/monitor/smq/qlen.json HTTP/1.1" 200 122 "-" "curl/7.26.0" urt="0.012" 156 0.012
10.2.97.78 - c1.prd [30/Jun/2017:16:04:37 +0100] "GET /api/mpsl/goo/10.1.132.20/1/4/10/4.xml?no_http_errors=1 HTTP/1.1" 200 1008 "-" "BW-HTTPClient/5.4" urt="3.807" 384 3.808
10.1.1.28 - c3 [30/Jun/2017:16:04:48 +0100] "GET /api/mpsl/monitor/smq/qlen.json HTTP/1.1" 200 122 "-" "curl/7.26.0" urt="0.010" 156 0.010
10.1.1.28 - c3 [30/Jun/2017:16:05:18 +0100] "GET /api/mpsl/monitor/smq/qlen.json HTTP/1.1" 200 122 "-" "curl/7.26.0" urt="0.010" 156 0.010
10.1.1.28 - c3 [30/Jun/2017:16:05:32 +0100] "GET /api/mpsl/monitor/smq/qlen.json HTTP/1.1" 200 122 "-" "curl/7.26.0" urt="0.010" 156 0.010
10.2.97.79 - c1.prd [30/Jun/2017:16:05:50 +0100] "GET /api/mpsl/goo/10.138.154.50/1/3/3/6.xml?no_http_errors=1 HTTP/1.1" 200 1007 "-" "BW-HTTPClient/5.4" urt="2.633" 383 2.635
10.1.1.28 - c3 [30/Jun/2017:16:05:53 +0100] "GET /api/mpsl/monitor/smq/qlen.json HTTP/1.1" 200 122 "-" "curl/7.26.0" urt="0.010" 156 0.010
10.2.97.79 - c1.prd [30/Jun/2017:16:05:55 +0100] "POST /api/mpsl/ou/10.1.182.50/1/1/13/3.xml HTTP/1.1" 201 155 "-" "BW-HTTPClient/5.4" urt="0.044" 539 0.045
10.1.1.28 - c3 [30/Jun/2017:16:06:18 +0100] "GET /api/mpsl/monitor/smq/qlen.json HTTP/1.1" 200 122 "-" "curl/7.26.0" urt="0.009" 156 0.009
10.1.1.28 - c3 [30/Jun/2017:16:06:47 +0100] "GET /api/mpsl/monitor/smq/qlen.json HTTP/1.1" 200 122 "-" "curl/7.26.0" urt="0.013" 156 0.013
10.144.100.17 - c5 [30/Jun/2017:16:07:14 +0100] "GET /api/mpsl/got2/10.1.112.20/1/2/6/09.xml HTTP/1.1" 200 1153 "-" "curl/7.15.5 (i386-redhat-linux-gnu) libcurl/7.15.5 OpenSSL/0.9.8b zlib/1.2.3 libidn/0.6.5" urt="5.775" 258 5.775
10.1.1.28 - c3 [30/Jun/2017:16:07:18 +0100] "GET /api/mpsl/monitor/smq/qlen.json HTTP/1.1" 200 122 "-" "curl/7.26.0" urt="0.009" 156 0.009
10.2.97.78 - c1.prd [30/Jun/2017:16:07:20 +0100] "POST /api/mpsl/ou/10.1.128.20/1/3/3/32.xml HTTP/1.1" 201 156 "-" "BW-HTTPClient/5.4" urt="0.208" 539 0.209
10.1.1.28 - c3 [30/Jun/2017:16:07:47 +0100] "GET /api/mpsl/monitor/smq/qlen.json HTTP/1.1" 200 122 "-" "curl/7.26.0" urt="0.010" 156 0.010
10.1.1.28 - c3 [30/Jun/2017:16:08:18 +0100] "GET /api/mpsl/monitor/smq/qlen.json HTTP/1.1" 200 122 "-" "curl/7.26.0" urt="0.010" 156 0.010
10.1.1.28 - c3 [30/Jun/2017:16:08:48 +0100] "GET /api/mpsl/monitor/smq/qlen.json HTTP/1.1" 200 122 "-" "curl/7.26.0" urt="0.010" 156 0.010
10.1.1.28 - c3 [30/Jun/2017:16:09:18 +0100] "GET /api/mpsl/monitor/smq/qlen.json HTTP/1.1" 200 122 "-" "curl/7.26.0" urt="0.011" 156 0.011
10.1.1.28 - c3 [30/Jun/2017:16:09:48 +0100] "GET /api/mpsl/monitor/smq/qlen.json HTTP/1.1" 200 122 "-" "curl/7.26.0" urt="0.010" 156 0.010
10.2.97.79 - c1.prd [30/Jun/2017:16:10:15 +0100] "GET /api/mpsl/cv/10.1.131.20/1/1/5/11.xml HTTP/1.1" 200 1391 "-" "BW-HTTPClient/5.4" urt="6.163" 465 6.165
10.1.1.28 - c3 [30/Jun/2017:16:10:17 +0100] "GET /api/mpsl/monitor/smq/qlen.json HTTP/1.1" 200 122 "-" "curl/7.26.0" urt="0.011" 156 0.011
10.2.97.78 - c1.prd [30/Jun/2017:16:10:18 +0100] "GET /api/mpsl/goo/10.1.131.20/1/1/5/11.xml?no_http_errors=1 HTTP/1.1" 200 1007 "-" "BW-HTTPClient/5.4" urt="2.590" 384 2.591
10.2.97.79 - c1.prd [30/Jun/2017:16:10:35 +0100] "POST /api/mpsl/ou/10.1.132.20/1/2/11/25.xml HTTP/1.1" 201 156 "-" "BW-HTTPClient/5.4" urt="0.043" 539 0.045
10.1.1.28 - c3 [30/Jun/2017:16:10:35 +0100] "GET /api/mpsl/monitor/smq/qlen.json HTTP/1.1" 200 122 "-" "curl/7.26.0" urt="0.010" 156 0.010
10.2.97.79 - c1.prd [30/Jun/2017:16:10:47 +0100] "GET /api/mpsl/goo/10.1.128.20/1/2/15/50.xml?no_http_errors=1 HTTP/1.1" 200 1007 "-" "BW-HTTPClient/5.4" urt="2.625" 385 2.627
10.1.1.28 - c3 [30/Jun/2017:16:10:48 +0100] "GET /api/mpsl/monitor/smq/qlen.json HTTP/1.1" 200 122 "-" "curl/7.26.0" urt="0.009" 156 0.009
10.2.97.78 - c1.prd [30/Jun/2017:16:10:56 +0100] "GET /api/mpsl/goo/10.1.161.20/1/5/8/2.xml?no_http_errors=1 HTTP/1.1" 200 1008 "-" "BW-HTTPClient/5.4" urt="2.624" 383 2.626
10.1.1.28 - c3 [30/Jun/2017:16:11:17 +0100] "GET /api/mpsl/monitor/smq/qlen.json HTTP/1.1" 200 122 "-" "curl/7.26.0" urt="0.009" 156 0.009
10.2.97.78 - c1.prd [30/Jun/2017:16:11:35 +0100] "POST /api/mpsl/ou/10.1.133.20/1/4/5/21.xml HTTP/1.1" 201 156 "-" "BW-HTTPClient/5.4" urt="0.036" 538 0.038
10.2.97.79 - c1.prd [30/Jun/2017:16:11:38 +0100] "GET /api/mpsl/goo/10.1.115.20/1/3/5/10.xml?no_http_errors=1 HTTP/1.1" 200 1008 "-" "BW-HTTPClient/5.4" urt="2.596" 384 2.598
10.1.1.28 - c3 [30/Jun/2017:16:11:47 +0100] "GET /api/mpsl/monitor/smq/qlen.json HTTP/1.1" 200 122 "-" "curl/7.26.0" urt="0.011" 156 0.011
10.1.1.28 - c3 [30/Jun/2017:16:12:18 +0100] "GET /api/mpsl/monitor/smq/qlen.json HTTP/1.1" 200 122 "-" "curl/7.26.0" urt="0.009" 156 0.009
10.5.47.221 - c2_prd [30/Jun/2017:16:12:29 +0100] "GET /api/mpsl/got2/10.5.4.2/1/1/0/21.json HTTP/1.1" 200 692 "-" "GuzzleHttp/6.2.1 curl/7.38.0 PHP/5.6.24-0+deb8u1" urt="3.135" 202 3.135
10.5.47.221 - c2_prd [30/Jun/2017:16:12:32 +0100] "GET /api/mpsl/gops/10.5.4.2/1/1/0/21.json HTTP/1.1" 200 567 "-" "GuzzleHttp/6.2.1 curl/7.38.0 PHP/5.6.24-0+deb8u1" urt="2.519" 206 2.519
10.1.1.28 - c3 [30/Jun/2017:16:12:48 +0100] "GET /api/mpsl/monitor/smq/qlen.json HTTP/1.1" 200 122 "-" "curl/7.26.0" urt="0.010" 156 0.010
10.2.97.78 - c1.prd [30/Jun/2017:16:13:12 +0100] "GET /api/mpsl/goo/10.1.125.20/1/1/4/32.xml?no_http_errors=1 HTTP/1.1" 200 1008 "-" "BW-HTTPClient/5.4" urt="3.756" 384 3.758
10.1.1.28 - c3 [30/Jun/2017:16:13:18 +0100] "GET /api/mpsl/monitor/smq/qlen.json HTTP/1.1" 200 122 "-" "curl/7.26.0" urt="0.010" 156 0.010
10.232.217.150 - c4 [30/Jun/2017:16:13:21 +0100] "POST /api/mpsl/gos/10.1.173.20/1/1/4/02.xml HTTP/1.1" 201 163 "-" "-" urt="0.177" 219 0.177
10.2.97.79 - c1.prd [30/Jun/2017:16:13:25 +0100] "GET /api/mpsl/goo/10.1.168.20/1/6/1/34.xml?no_http_errors=1 HTTP/1.1" 200 983 "-" "BW-HTTPClient/5.4" urt="3.926" 384 3.927
10.232.217.150 - c4 [30/Jun/2017:16:13:31 +0100] "POST /api/mpsl/result/asyncfe_mpsl_gos_1498835601.41318.xml HTTP/1.1" 200 779 "-" "-" urt="0.012" 233 0.012
10.2.97.78 - c1.prd [30/Jun/2017:16:13:34 +0100] "GET /api/mpsl/goo/10.1.182.50/1/6/4/16.xml?no_http_errors=1 HTTP/1.1" 200 1008 "-" "BW-HTTPClient/5.4" urt="3.907" 384 3.909
10.2.97.79 - c1.prd [30/Jun/2017:16:13:43 +0100] "GET /api/mpsl/goo/10.1.168.20/1/6/1/34.xml?no_http_errors=1 HTTP/1.1" 200 983 "-" "BW-HTTPClient/5.4" urt="-" 384 0.001
10.1.1.28 - c3 [30/Jun/2017:16:13:48 +0100] "GET /api/mpsl/monitor/smq/qlen.json HTTP/1.1" 200 122 "-" "curl/7.26.0" urt="0.010" 156 0.010
10.2.97.78 - c1.prd [30/Jun/2017:16:13:48 +0100] "GET /api/mpsl/goo/10.1.168.20/1/6/1/34.xml?no_http_errors=1 HTTP/1.1" 200 983 "-" "BW-HTTPClient/5.4" urt="-" 384 0.002
10.2.97.79 - c1.prd [30/Jun/2017:16:14:11 +0100] "GET /api/mpsl/goo/10.1.169.20/1/2/7/45.xml?no_http_errors=1 HTTP/1.1" 200 1007 "-" "BW-HTTPClient/5.4" urt="2.945" 384 2.946
10.1.1.28 - c3 [30/Jun/2017:16:14:17 +0100] "GET /api/mpsl/monitor/smq/qlen.json HTTP/1.1" 200 122 "-" "curl/7.26.0" urt="0.010" 156 0.010
10.2.97.78 - c1.prd [30/Jun/2017:16:14:28 +0100] "GET /api/mpsl/cv/10.1.166.20/1/8/7/4.xml HTTP/1.1" 200 1390 "-" "BW-HTTPClient/5.4" urt="9.094" 463 9.096
10.2.97.79 - c1.prd [30/Jun/2017:16:14:29 +0100] "GET /api/mpsl/cv/10.1.124.20/1/3/8/27.xml HTTP/1.1" 200 1388 "-" "BW-HTTPClient/5.4" urt="6.266" 462 6.268
10.2.97.78 - c1.prd [30/Jun/2017:16:14:31 +0100] "GET /api/mpsl/goo/10.1.166.20/1/8/7/4.xml?no_http_errors=1 HTTP/1.1" 200 1005 "-" "BW-HTTPClient/5.4" urt="2.623" 383 2.625
10.2.97.79 - c1.prd [30/Jun/2017:16:14:32 +0100] "GET /api/mpsl/goo/10.1.124.20/1/3/8/27.xml?no_http_errors=1 HTTP/1.1" 200 1004 "-" "BW-HTTPClient/5.4" urt="2.588" 384 2.590
10.1.1.28 - c3 [30/Jun/2017:16:14:47 +0100] "GET /api/mpsl/monitor/smq/qlen.json HTTP/1.1" 200 122 "-" "curl/7.26.0" urt="0.010" 156 0.010
10.2.97.78 - c1.prd [30/Jun/2017:16:14:53 +0100] "GET /api/mpsl/goo/10.1.165.20/1/4/2/15.xml?no_http_errors=1 HTTP/1.1" 200 1008 "-" "BW-HTTPClient/5.4" urt="9.686" 384 9.688
10.144.100.17 - c5 [30/Jun/2017:16:14:56 +0100] "GET /api/mpsl/got2/10.1.173.20/1/1/4/2.xml HTTP/1.1" 200 1177 "-" "curl/7.15.5 (i386-redhat-linux-gnu) libcurl/7.15.5 OpenSSL/0.9.8b zlib/1.2.3 libidn/0.6.5" urt="33.061" 257 33.061
10.2.97.79 - c1.prd [30/Jun/2017:16:15:05 +0100] "GET /api/mpsl/got2/10.1.172.20/1/12/1/19.xml?no_http_errors=1 HTTP/1.1" 200 1153 "-" "BW-HTTPClient/5.4" urt="4.272" 385 4.274
10.2.97.79 - c1.prd [30/Jun/2017:16:15:05 +0100] "POST /api/mpsl/ou/10.1.172.20/1/12/1/19.xml HTTP/1.1" 201 156 "-" "BW-HTTPClient/5.4" urt="0.040" 539 0.042
10.2.97.79 - c1.prd [30/Jun/2017:16:15:09 +0100] "POST /api/mpsl/oc/10.1.172.20/1/6/11/04.xml HTTP/1.1" 201 157 "-" "BW-HTTPClient/5.4" urt="0.053" 711 0.055
10.1.1.28 - c3 [30/Jun/2017:16:15:17 +0100] "GET /api/mpsl/monitor/smq/qlen.json HTTP/1.1" 200 122 "-" "curl/7.26.0" urt="0.010" 156 0.010
10.2.97.78 - c1.prd [30/Jun/2017:16:15:24 +0100] "GET /api/mpsl/got2/10.1.171.20/1/1/13/39.xml?no_http_errors=1 HTTP/1.1" 200 1180 "-" "BW-HTTPClient/5.4" urt="4.510" 385 4.511
10.1.1.28 - c3 [30/Jun/2017:16:15:33 +0100] "GET /api/mpsl/monitor/smq/qlen.json HTTP/1.1" 200 122 "-" "curl/7.26.0" urt="0.010" 156 0.010
10.2.97.78 - c1.prd [30/Jun/2017:16:15:33 +0100] "GET /api/mpsl/cv/10.1.168.20/1/5/14/54.xml HTTP/1.1" 200 1391 "-" "BW-HTTPClient/5.4" urt="14.374" 466 14.378
10.2.97.79 - c1.prd [30/Jun/2017:16:15:38 +0100] "GET /api/mpsl/goo/10.1.168.20/1/5/14/54.xml?no_http_errors=1 HTTP/1.1" 200 1007 "-" "BW-HTTPClient/5.4" urt="4.039" 385 4.041
10.1.1.28 - c3 [30/Jun/2017:16:15:54 +0100] "GET /api/mpsl/monitor/smq/qlen.json HTTP/1.1" 200 122 "-" "curl/7.26.0" urt="0.008" 156 0.008
10.1.1.28 - c3 [30/Jun/2017:16:16:18 +0100] "GET /api/mpsl/monitor/smq/qlen.json HTTP/1.1" 200 122 "-" "curl/7.26.0" urt="0.010" 156 0.010
10.2.97.78 - c1.prd [30/Jun/2017:16:16:41 +0100] "GET /api/mpsl/goo/10.1.164.20/1/1/5/10.xml?no_http_errors=1 HTTP/1.1" 200 1008 "-" "BW-HTTPClient/5.4" urt="2.635" 384 2.637
10.1.1.28 - c3 [30/Jun/2017:16:16:47 +0100] "GET /api/mpsl/monitor/smq/qlen.json HTTP/1.1" 200 122 "-" "curl/7.26.0" urt="0.009" 156 0.009
10.2.97.79 - c1.prd [30/Jun/2017:16:16:48 +0100] "POST /api/mpsl/oco/10.1.171.20/1/1/13/39.xml HTTP/1.1" 201 162 "-" "BW-HTTPClient/5.4" urt="0.042" 680 0.044
10.1.1.28 - c3 [30/Jun/2017:16:17:17 +0100] "GET /api/mpsl/monitor/smq/qlen.json HTTP/1.1" 200 122 "-" "curl/7.26.0" urt="0.009" 156 0.009
10.2.97.78 - c1.prd [30/Jun/2017:16:17:35 +0100] "POST /api/mpsl/ou/10.1.126.20/1/2/7/9.xml HTTP/1.1" 201 156 "-" "BW-HTTPClient/5.4" urt="0.047" 537 0.049
10.2.97.79 - c1.prd [30/Jun/2017:16:17:42 +0100] "GET /api/mpsl/cv/10.1.183.50/1/1/9/9.xml HTTP/1.1" 200 1391 "-" "BW-HTTPClient/5.4" urt="6.361" 464 6.363
10.2.97.79 - c1.prd [30/Jun/2017:16:17:45 +0100] "GET /api/mpsl/goo/10.1.183.50/1/1/9/9.xml?no_http_errors=1 HTTP/1.1" 200 1008 "-" "BW-HTTPClient/5.4" urt="2.580" 383 2.582
10.1.1.28 - c3 [30/Jun/2017:16:17:47 +0100] "GET /api/mpsl/monitor/smq/qlen.json HTTP/1.1" 200 122 "-" "curl/7.26.0" urt="0.009" 156 0.009
10.2.97.78 - c1.prd [30/Jun/2017:16:18:04 +0100] "GET /api/mpsl/goo/10.1.183.50/1/1/9/9.xml?no_http_errors=1 HTTP/1.1" 200 1008 "-" "BW-HTTPClient/5.4" urt="-" 383 0.002
10.2.97.79 - c1.prd [30/Jun/2017:16:18:17 +0100] "GET /api/mpsl/goo/10.1.183.50/1/1/9/9.xml?no_http_errors=1 HTTP/1.1" 200 1008 "-" "BW-HTTPClient/5.4" urt="-" 383 0.002
10.1.1.28 - c3 [30/Jun/2017:16:18:18 +0100] "GET /api/mpsl/monitor/smq/qlen.json HTTP/1.1" 200 122 "-" "curl/7.26.0" urt="0.008" 156 0.008
10.2.97.78 - c1.prd [30/Jun/2017:16:18:23 +0100] "GET /api/mpsl/goo/10.1.126.20/1/1/6/15.xml?no_http_errors=1 HTTP/1.1" 200 1008 "-" "BW-HTTPClient/5.4" urt="4.077" 384 4.079
10.1.1.28 - c3 [30/Jun/2017:16:18:48 +0100] "GET /api/mpsl/monitor/smq/qlen.json HTTP/1.1" 200 122 "-" "curl/7.26.0" urt="0.011" 156 0.011
10.2.97.79 - c1.prd [30/Jun/2017:16:19:00 +0100] "GET /api/mpsl/got2/10.1.172.20/1/1/8/19.xml?no_http_errors=1 HTTP/1.1" 200 1179 "-" "BW-HTTPClient/5.4" urt="6.216" 384 6.218
10.1.1.28 - c3 [30/Jun/2017:16:19:18 +0100] "GET /api/mpsl/monitor/smq/qlen.json HTTP/1.1" 200 122 "-" "curl/7.26.0" urt="0.011" 156 0.011
10.2.97.78 - c1.prd [30/Jun/2017:16:19:21 +0100] "GET /api/mpsl/goo/10.1.115.20/1/3/5/10.xml?no_http_errors=1 HTTP/1.1" 200 1007 "-" "BW-HTTPClient/5.4" urt="2.676" 384 2.678
10.2.97.79 - c1.prd [30/Jun/2017:16:19:29 +0100] "GET /api/mpsl/goo/10.1.115.20/1/3/5/10.xml?no_http_errors=1 HTTP/1.1" 200 1007 "-" "BW-HTTPClient/5.4" urt="-" 384 0.002
10.5.47.221 - c2_prd [30/Jun/2017:16:19:29 +0100] "GET /api/mpsl/got2/10.5.7.21/1/2/11/46.json HTTP/1.1" 200 681 "-" "GuzzleHttp/6.2.1 curl/7.38.0 PHP/5.6.24-0+deb8u1" urt="6.158" 204 6.158
10.2.97.79 - c1.prd [30/Jun/2017:16:19:35 +0100] "POST /api/mpsl/ou/10.1.172.20/1/11/8/18.xml HTTP/1.1" 201 156 "-" "BW-HTTPClient/5.4" urt="0.045" 539 0.047
10.5.47.221 - c2_prd [30/Jun/2017:16:19:35 +0100] "GET /api/mpsl/gops/10.5.7.21/1/2/11/46.json HTTP/1.1" 200 1055 "-" "GuzzleHttp/6.2.1 curl/7.38.0 PHP/5.6.24-0+deb8u1" urt="4.974" 208 4.974
10.1.1.28 - c3 [30/Jun/2017:16:19:48 +0100] "GET /api/mpsl/monitor/smq/qlen.json HTTP/1.1" 200 122 "-" "curl/7.26.0" urt="0.009" 156 0.009
10.2.97.78 - c1.prd [30/Jun/2017:16:19:48 +0100] "GET /api/mpsl/goo/10.1.126.20/1/1/6/15.xml?no_http_errors=1 HTTP/1.1" 200 1007 "-" "BW-HTTPClient/5.4" urt="4.056" 384 4.058
10.2.97.79 - c1.prd [30/Jun/2017:16:20:10 +0100] "GET /api/mpsl/goo/10.1.183.50/1/1/9/9.xml?no_http_errors=1 HTTP/1.1" 200 1009 "-" "BW-HTTPClient/5.4" urt="2.677" 383 2.679
10.1.1.28 - c3 [30/Jun/2017:16:20:17 +0100] "GET /api/mpsl/monitor/smq/qlen.json HTTP/1.1" 200 122 "-" "curl/7.26.0" urt="0.010" 156 0.010
10.2.97.78 - c1.prd [30/Jun/2017:16:20:22 +0100] "GET /api/mpsl/got2/10.1.168.20/1/13/11/12.xml?no_http_errors=1 HTTP/1.1" 200 1179 "-" "BW-HTTPClient/5.4" urt="5.901" 386 5.903
