10.1.1.28 - c3 [30/Jun/2017:14:11:48 +0100] "GET /api/mpsl/monitor/smq/qlen.json HTTP/1.1" 200 122 "-" "curl/7.26.0" urt="0.009" 156 0.009
10.2.97.79 - c1.prd [30/Jun/2017:14:12:04 +0100] "GET /api/mpsl/goo/10.1.125.20/1/7/2/30.xml?no_http_errors=1 HTTP/1.1" 200 1009 "-" "BW-HTTPClient/5.4" urt="3.948" 384 3.949
10.1.1.28 - c3 [30/Jun/2017:14:12:17 +0100] "GET /api/mpsl/monitor/smq/qlen.json HTTP/1.1" 200 122 "-" "curl/7.26.0" urt="0.010" 156 0.010
10.2.97.79 - c1.prd [30/Jun/2017:14:12:39 +0100] "POST /api/mpsl/ou/10.1.160.20/1/4/4/12.xml HTTP/1.1" 201 156 "-" "BW-HTTPClient/5.4" urt="0.084" 539 0.086
10.1.1.28 - c3 [30/Jun/2017:14:12:47 +0100] "GET /api/mpsl/monitor/smq/qlen.json HTTP/1.1" 200 122 "-" "curl/7.26.0" urt="0.009" 156 0.009
10.2.97.78 - c1.prd [30/Jun/2017:14:13:09 +0100] "GET /api/mpsl/cv/10.1.132.20/1/3/10/2.xml HTTP/1.1" 200 1390 "-" "BW-HTTPClient/5.4" urt="6.209" 465 6.212
10.2.97.78 - c1.prd [30/Jun/2017:14:13:12 +0100] "GET /api/mpsl/goo/10.1.132.20/1/3/10/2.xml?no_http_errors=1 HTTP/1.1" 200 1007 "-" "BW-HTTPClient/5.4" urt="2.614" 384 2.617
10.1.1.28 - c3 [30/Jun/2017:14:13:17 +0100] "GET /api/mpsl/monitor/smq/qlen.json HTTP/1.1" 200 122 "-" "curl/7.26.0" urt="0.009" 156 0.009
10.2.97.79 - c1.prd [30/Jun/2017:14:13:36 +0100] "GET /api/mpsl/got2/10.1.170.20/1/5/6/5.xml?no_http_errors=1 HTTP/1.1" 200 1180 "-" "BW-HTTPClient/5.4" urt="5.988" 383 5.990
10.2.97.78 - c1.prd [30/Jun/2017:14:13:40 +0100] "POST /api/mpsl/ou/10.1.135.20/1/2/4/2.xml HTTP/1.1" 201 155 "-" "BW-HTTPClient/5.4" urt="0.037" 538 0.038
10.1.1.28 - c3 [30/Jun/2017:14:13:47 +0100] "GET /api/mpsl/monitor/smq/qlen.json HTTP/1.1" 200 122 "-" "curl/7.26.0" urt="0.010" 156 0.010
10.1.1.28 - c3 [30/Jun/2017:14:14:18 +0100] "GET /api/mpsl/monitor/smq/qlen.json HTTP/1.1" 200 122 "-" "curl/7.26.0" urt="0.009" 156 0.009
10.2.97.78 - c1.prd [30/Jun/2017:14:14:46 +0100] "GET /api/mpsl/got2/10.1.137.20/1/1/8/5.xml?no_http_errors=1 HTTP/1.1" 200 1180 "-" "BW-HTTPClient/5.4" urt="3.142" 383 3.144
10.1.1.28 - c3 [30/Jun/2017:14:14:48 +0100] "GET /api/mpsl/monitor/smq/qlen.json HTTP/1.1" 200 122 "-" "curl/7.26.0" urt="0.009" 156 0.009
10.1.1.28 - c3 [30/Jun/2017:14:15:17 +0100] "GET /api/mpsl/monitor/smq/qlen.json HTTP/1.1" 200 122 "-" "curl/7.26.0" urt="0.009" 156 0.009
10.2.97.79 - c1.prd [30/Jun/2017:14:15:28 +0100] "GET /api/mpsl/cv/10.1.168.20/1/6/7/26.xml HTTP/1.1" 200 1391 "-" "BW-HTTPClient/5.4" urt="10.391" 465 10.393
10.2.97.79 - c1.prd [30/Jun/2017:14:15:32 +0100] "GET /api/mpsl/goo/10.1.168.20/1/6/7/26.xml?no_http_errors=1 HTTP/1.1" 200 1006 "-" "BW-HTTPClient/5.4" urt="3.598" 384 3.600
10.1.1.28 - c3 [30/Jun/2017:14:15:32 +0100] "GET /api/mpsl/monitor/smq/qlen.json HTTP/1.1" 200 122 "-" "curl/7.26.0" urt="0.009" 156 0.009
10.2.97.78 - c1.prd [30/Jun/2017:14:15:38 +0100] "GET /api/mpsl/got2/10.1.165.20/1/2/1/35.xml?no_http_errors=1 HTTP/1.1" 200 1180 "-" "BW-HTTPClient/5.4" urt="3.110" 384 3.112
10.1.1.28 - c3 [30/Jun/2017:14:15:53 +0100] "GET /api/mpsl/monitor/smq/qlen.json HTTP/1.1" 200 122 "-" "curl/7.26.0" urt="0.009" 156 0.009
10.2.97.79 - c1.prd [30/Jun/2017:14:15:54 +0100] "GET /api/mpsl/goo/10.1.168.20/1/6/7/26.xml?no_http_errors=1 HTTP/1.1" 200 1006 "-" "BW-HTTPClient/5.4" urt="-" 384 0.001
10.1.1.28 - c3 [30/Jun/2017:14:16:17 +0100] "GET /api/mpsl/monitor/smq/qlen.json HTTP/1.1" 200 122 "-" "curl/7.26.0" urt="0.009" 156 0.009
10.1.1.28 - c3 [30/Jun/2017:14:16:48 +0100] "GET /api/mpsl/monitor/smq/qlen.json HTTP/1.1" 200 122 "-" "curl/7.26.0" urt="0.010" 156 0.010
10.1.1.28 - c3 [30/Jun/2017:14:17:17 +0100] "GET /api/mpsl/monitor/smq/qlen.json HTTP/1.1" 200 122 "-" "curl/7.26.0" urt="0.010" 156 0.010
10.2.97.79 - c1.prd [30/Jun/2017:14:17:30 +0100] "POST /api/mpsl/oub/10.1.125.20/1/1/0/20.xml?no_http_errors=1 HTTP/1.1" 200 161 "-" "BW-HTTPClient/5.4" urt="0.052" 696 0.054
10.1.1.28 - c3 [30/Jun/2017:14:17:48 +0100] "GET /api/mpsl/monitor/smq/qlen.json HTTP/1.1" 200 122 "-" "curl/7.26.0" urt="0.009" 156 0.009
10.1.1.28 - c3 [30/Jun/2017:14:18:18 +0100] "GET /api/mpsl/monitor/smq/qlen.json HTTP/1.1" 200 122 "-" "curl/7.26.0" urt="0.009" 156 0.009
10.2.97.78 - c1.prd [30/Jun/2017:14:18:32 +0100] "GET /api/mpsl/got2/10.1.134.20/1/2/11/0.xml?no_http_errors=1 HTTP/1.1" 200 1178 "-" "BW-HTTPClient/5.4" urt="6.016" 384 6.018
10.1.1.28 - c3 [30/Jun/2017:14:18:47 +0100] "GET /api/mpsl/monitor/smq/qlen.json HTTP/1.1" 200 122 "-" "curl/7.26.0" urt="0.009" 156 0.009
10.2.97.79 - c1.prd [30/Jun/2017:14:18:54 +0100] "GET /api/mpsl/got2/10.1.172.20/1/6/10/15.xml?no_http_errors=1 HTTP/1.1" 200 1180 "-" "BW-HTTPClient/5.4" urt="6.274" 385 6.276
10.1.1.28 - c3 [30/Jun/2017:14:19:18 +0100] "GET /api/mpsl/monitor/smq/qlen.json HTTP/1.1" 200 122 "-" "curl/7.26.0" urt="0.009" 156 0.009
10.2.97.78 - c1.prd [30/Jun/2017:14:19:44 +0100] "GET /api/mpsl/goo/10.1.128.20/1/3/15/5.xml?no_http_errors=1 HTTP/1.1" 200 1008 "-" "BW-HTTPClient/5.4" urt="2.587" 384 2.589
10.1.1.28 - c3 [30/Jun/2017:14:19:47 +0100] "GET /api/mpsl/monitor/smq/qlen.json HTTP/1.1" 200 122 "-" "curl/7.26.0" urt="0.009" 156 0.009
10.2.97.79 - c1.prd [30/Jun/2017:14:19:55 +0100] "GET /api/mpsl/goo/10.1.165.20/1/7/2/2.xml?no_http_errors=1 HTTP/1.1" 200 1008 "-" "BW-HTTPClient/5.4" urt="2.841" 383 2.843
10.2.97.78 - c1.prd [30/Jun/2017:14:20:13 +0100] "POST /api/mpsl/oub/10.1.173.20/1/2/11/2.xml?no_http_errors=1 HTTP/1.1" 200 161 "-" "BW-HTTPClient/5.4" urt="0.134" 696 0.136
10.1.1.28 - c3 [30/Jun/2017:14:20:18 +0100] "GET /api/mpsl/monitor/smq/qlen.json HTTP/1.1" 200 122 "-" "curl/7.26.0" urt="0.008" 156 0.008
10.1.1.28 - c3 [30/Jun/2017:14:20:35 +0100] "GET /api/mpsl/monitor/smq/qlen.json HTTP/1.1" 200 122 "-" "curl/7.26.0" urt="0.009" 156 0.009
10.1.1.28 - c3 [30/Jun/2017:14:20:47 +0100] "GET /api/mpsl/monitor/smq/qlen.json HTTP/1.1" 200 122 "-" "curl/7.26.0" urt="0.009" 156 0.009
10.1.1.28 - c3 [30/Jun/2017:14:21:18 +0100] "GET /api/mpsl/monitor/smq/qlen.json HTTP/1.1" 200 122 "-" "curl/7.26.0" urt="0.009" 156 0.009
10.2.97.79 - c1.prd [30/Jun/2017:14:21:33 +0100] "POST /api/mpsl/oc/10.1.168.20/1/2/4/24.xml HTTP/1.1" 201 157 "-" "BW-HTTPClient/5.4" urt="0.071" 686 0.072
10.2.97.78 - c1.prd [30/Jun/2017:14:21:46 +0100] "GET /api/mpsl/got2/10.1.165.20/1/5/0/17.xml?no_http_errors=1 HTTP/1.1" 200 1179 "-" "BW-HTTPClient/5.4" urt="3.339" 384 3.341
10.1.1.28 - c3 [30/Jun/2017:14:21:47 +0100] "GET /api/mpsl/monitor/smq/qlen.json HTTP/1.1" 200 122 "-" "curl/7.26.0" urt="0.009" 156 0.009
10.2.97.79 - c1.prd [30/Jun/2017:14:22:06 +0100] "GET /api/mpsl/goo/10.1.168.20/1/6/6/23.xml?no_http_errors=1 HTTP/1.1" 200 1008 "-" "BW-HTTPClient/5.4" urt="3.862" 384 3.863
10.1.1.28 - c3 [30/Jun/2017:14:22:17 +0100] "GET /api/mpsl/monitor/smq/qlen.json HTTP/1.1" 200 122 "-" "curl/7.26.0" urt="0.009" 156 0.009
10.2.97.78 - c1.prd [30/Jun/2017:14:22:25 +0100] "GET /api/mpsl/goo/10.1.112.20/1/4/9/10.xml?no_http_errors=1 HTTP/1.1" 200 1009 "-" "BW-HTTPClient/5.4" urt="2.644" 384 2.646
10.1.1.28 - c3 [30/Jun/2017:14:22:47 +0100] "GET /api/mpsl/monitor/smq/qlen.json HTTP/1.1" 200 122 "-" "curl/7.26.0" urt="0.008" 156 0.008
10.2.97.79 - c1.prd [30/Jun/2017:14:23:12 +0100] "GET /api/mpsl/goo/10.1.125.20/1/1/7/19.xml?no_http_errors=1 HTTP/1.1" 200 1008 "-" "BW-HTTPClient/5.4" urt="4.207" 384 4.209
10.1.1.28 - c3 [30/Jun/2017:14:23:18 +0100] "GET /api/mpsl/monitor/smq/qlen.json HTTP/1.1" 200 122 "-" "curl/7.26.0" urt="0.009" 156 0.009
10.1.1.28 - c3 [30/Jun/2017:14:23:48 +0100] "GET /api/mpsl/monitor/smq/qlen.json HTTP/1.1" 200 122 "-" "curl/7.26.0" urt="0.010" 156 0.010
10.1.1.28 - c3 [30/Jun/2017:14:24:18 +0100] "GET /api/mpsl/monitor/smq/qlen.json HTTP/1.1" 200 122 "-" "curl/7.26.0" urt="0.010" 156 0.010
10.2.97.78 - c1.prd [30/Jun/2017:14:24:34 +0100] "POST /api/mpsl/oc/10.1.172.20/1/4/14/51.xml HTTP/1.1" 201 157 "-" "BW-HTTPClient/5.4" urt="0.038" 687 0.040
10.2.97.78 - c1.prd [30/Jun/2017:14:24:38 +0100] "GET /api/mpsl/goo/10.1.172.20/1/5/11/18.xml?no_http_errors=1 HTTP/1.1" 200 1007 "-" "BW-HTTPClient/5.4" urt="14.973" 385 14.975
10.1.1.28 - c3 [30/Jun/2017:14:24:48 +0100] "GET /api/mpsl/monitor/smq/qlen.json HTTP/1.1" 200 122 "-" "curl/7.26.0" urt="0.009" 156 0.009
10.2.97.79 - c1.prd [30/Jun/2017:14:24:53 +0100] "GET /api/mpsl/goo/10.1.136.20/1/2/4/31.xml?no_http_errors=1 HTTP/1.1" 200 1008 "-" "BW-HTTPClient/5.4" urt="2.667" 384 2.669
10.1.1.28 - c3 [30/Jun/2017:14:25:17 +0100] "GET /api/mpsl/monitor/smq/qlen.json HTTP/1.1" 200 122 "-" "curl/7.26.0" urt="0.009" 156 0.009
10.2.97.79 - c1.prd [30/Jun/2017:14:25:33 +0100] "POST /api/mpsl/oc/10.1.130.20/1/3/2/17.xml HTTP/1.1" 201 157 "-" "BW-HTTPClient/5.4" urt="0.042" 686 0.044
10.1.1.28 - c3 [30/Jun/2017:14:25:36 +0100] "GET /api/mpsl/monitor/smq/qlen.json HTTP/1.1" 200 122 "-" "curl/7.26.0" urt="0.009" 156 0.009
10.2.97.79 - c1.prd [30/Jun/2017:14:25:42 +0100] "POST /api/mpsl/ob/10.1.169.20/1/7/0/8.xml?no_http_errors=1 HTTP/1.1" 200 159 "-" "BW-HTTPClient/5.4" urt="0.083" 568 0.085
10.1.1.28 - c3 [30/Jun/2017:14:25:48 +0100] "GET /api/mpsl/monitor/smq/qlen.json HTTP/1.1" 200 122 "-" "curl/7.26.0" urt="0.008" 156 0.008
10.2.97.78 - c1.prd [30/Jun/2017:14:26:11 +0100] "POST /api/mpsl/ob/10.1.127.20/1/2/10/0.xml?no_http_errors=1 HTTP/1.1" 200 159 "-" "BW-HTTPClient/5.4" urt="0.070" 569 0.072
10.2.97.78 - c1.prd [30/Jun/2017:14:26:42 +0100] "GET /api/mpsl/goo/10.1.135.20/1/1/12/17.xml?no_http_errors=1 HTTP/1.1" 200 1008 "-" "BW-HTTPClient/5.4" urt="2.644" 385 2.646
10.2.97.79 - c1.prd [30/Jun/2017:14:26:47 +0100] "GET /api/mpsl/goo/10.1.168.20/1/7/3/45.xml?no_http_errors=1 HTTP/1.1" 200 1008 "-" "BW-HTTPClient/5.4" urt="3.604" 384 3.606
10.1.1.28 - c3 [30/Jun/2017:14:27:17 +0100] "GET /api/mpsl/monitor/smq/qlen.json HTTP/1.1" 200 122 "-" "curl/7.26.0" urt="0.009" 156 0.009
10.2.97.78 - c1.prd [30/Jun/2017:14:27:19 +0100] "GET /api/mpsl/got2/10.1.135.20/1/2/3/25.xml?no_http_errors=1 HTTP/1.1" 200 1181 "-" "BW-HTTPClient/5.4" urt="3.094" 384 3.097
10.2.97.79 - c1.prd [30/Jun/2017:14:27:33 +0100] "GET /api/mpsl/goo/10.1.167.20/1/3/2/16.xml?no_http_errors=1 HTTP/1.1" 200 1008 "-" "BW-HTTPClient/5.4" urt="9.468" 384 9.470
10.2.97.78 - c1.prd [30/Jun/2017:14:27:33 +0100] "GET /api/mpsl/got2/10.1.126.20/1/5/1/5.xml?no_http_errors=1 HTTP/1.1" 200 1178 "-" "BW-HTTPClient/5.4" urt="3.102" 383 3.104
10.5.47.221 - c2_prd [30/Jun/2017:14:27:35 +0100] "GET /api/mpsl/od/10.5.4.2.json HTTP/1.1" 200 480 "-" "GuzzleHttp/6.2.1 curl/7.38.0 PHP/5.6.24-0+deb8u1" urt="2.550" 192 2.550
10.5.47.222 - c2_prd [30/Jun/2017:14:27:36 +0100] "GET /api/mpsl/od/10.5.4.2.json HTTP/1.1" 200 480 "-" "GuzzleHttp/6.2.1 curl/7.38.0 PHP/5.6.29-0+deb8u1" urt="-" 192 0.000
10.2.97.79 - c1.prd [30/Jun/2017:14:27:41 +0100] "GET /api/mpsl/got2/10.1.168.20/1/1/0/0.xml?no_http_errors=1 HTTP/1.1" 200 1153 "-" "BW-HTTPClient/5.4" urt="3.026" 383 3.031
10.2.97.78 - c1.prd [30/Jun/2017:14:27:41 +0100] "GET /api/mpsl/goo/10.1.112.20/1/1/4/13.xml?no_http_errors=1 HTTP/1.1" 200 1007 "-" "BW-HTTPClient/5.4" urt="2.755" 384 2.757
10.1.1.28 - c3 [30/Jun/2017:14:27:47 +0100] "GET /api/mpsl/monitor/smq/qlen.json HTTP/1.1" 200 122 "-" "curl/7.26.0" urt="0.008" 156 0.008
10.5.47.221 - c2_prd [30/Jun/2017:14:27:50 +0100] "POST /api/mpsl/oc/10.5.4.2/1/0/12/16.json HTTP/1.1" 201 97 "-" "GuzzleHttp/6.2.1 curl/7.38.0 PHP/5.6.24-0+deb8u1" urt="0.057" 510 0.057
10.5.47.221 - c2_prd [30/Jun/2017:14:28:16 +0100] "GET /api/mpsl/got2/10.5.4.2/1/0/12/16.json HTTP/1.1" 200 665 "-" "GuzzleHttp/6.2.1 curl/7.38.0 PHP/5.6.24-0+deb8u1" urt="2.943" 203 2.943
10.1.1.28 - c3 [30/Jun/2017:14:28:18 +0100] "GET /api/mpsl/monitor/smq/qlen.json HTTP/1.1" 200 122 "-" "curl/7.26.0" urt="0.008" 156 0.008
10.5.47.221 - c2_prd [30/Jun/2017:14:28:19 +0100] "GET /api/mpsl/gops/10.5.4.2/1/0/12/16.json HTTP/1.1" 406 236 "-" "GuzzleHttp/6.2.1 curl/7.38.0 PHP/5.6.24-0+deb8u1" urt="2.263" 207 2.263
10.2.97.79 - c1.prd [30/Jun/2017:14:28:23 +0100] "POST /api/mpsl/oco/10.1.172.20/1/2/15/18.xml HTTP/1.1" 201 162 "-" "BW-HTTPClient/5.4" urt="0.036" 681 0.037
10.5.47.221 - c2_prd [30/Jun/2017:14:28:38 +0100] "GET /api/mpsl/got2/10.5.4.2/1/0/12/16.json HTTP/1.1" 200 665 "-" "GuzzleHttp/6.2.1 curl/7.38.0 PHP/5.6.24-0+deb8u1" urt="-" 203 0.000
10.1.1.28 - c3 [30/Jun/2017:14:28:48 +0100] "GET /api/mpsl/monitor/smq/qlen.json HTTP/1.1" 200 122 "-" "curl/7.26.0" urt="0.009" 156 0.009
10.1.1.28 - c3 [30/Jun/2017:14:29:18 +0100] "GET /api/mpsl/monitor/smq/qlen.json HTTP/1.1" 200 122 "-" "curl/7.26.0" urt="0.009" 156 0.009
10.1.1.28 - c3 [30/Jun/2017:14:29:48 +0100] "GET /api/mpsl/monitor/smq/qlen.json HTTP/1.1" 200 122 "-" "curl/7.26.0" urt="0.009" 156 0.009
10.1.1.28 - c3 [30/Jun/2017:14:30:17 +0100] "GET /api/mpsl/monitor/smq/qlen.json HTTP/1.1" 200 122 "-" "curl/7.26.0" urt="0.010" 156 0.010
10.1.1.28 - c3 [30/Jun/2017:14:30:32 +0100] "GET /api/mpsl/monitor/smq/qlen.json HTTP/1.1" 200 122 "-" "curl/7.26.0" urt="0.010" 156 0.010
10.2.97.79 - c1.prd [30/Jun/2017:14:30:40 +0100] "GET /api/mpsl/got2/10.1.174.20/1/1/0/17.xml?no_http_errors=1 HTTP/1.1" 200 1155 "-" "BW-HTTPClient/5.4" urt="3.017" 384 3.019
10.1.1.28 - c3 [30/Jun/2017:14:30:53 +0100] "GET /api/mpsl/monitor/smq/qlen.json HTTP/1.1" 200 122 "-" "curl/7.26.0" urt="0.010" 156 0.010
10.1.1.28 - c3 [30/Jun/2017:14:31:17 +0100] "GET /api/mpsl/monitor/smq/qlen.json HTTP/1.1" 200 122 "-" "curl/7.26.0" urt="0.010" 156 0.010
10.1.1.28 - c3 [30/Jun/2017:14:31:48 +0100] "GET /api/mpsl/monitor/smq/qlen.json HTTP/1.1" 200 122 "-" "curl/7.26.0" urt="0.011" 156 0.011
10.1.1.28 - c3 [30/Jun/2017:14:32:17 +0100] "GET /api/mpsl/monitor/smq/qlen.json HTTP/1.1" 200 122 "-" "curl/7.26.0" urt="0.009" 156 0.009
10.2.97.79 - c1.prd [30/Jun/2017:14:32:33 +0100] "POST /api/mpsl/ou/10.1.132.20/1/1/11/3.xml HTTP/1.1" 201 156 "-" "BW-HTTPClient/5.4" urt="0.045" 538 0.047
10.1.1.28 - c3 [30/Jun/2017:14:32:47 +0100] "GET /api/mpsl/monitor/smq/qlen.json HTTP/1.1" 200 122 "-" "curl/7.26.0" urt="0.009" 156 0.009
10.2.97.78 - c1.prd [30/Jun/2017:14:32:50 +0100] "GET /api/mpsl/goo/10.1.168.20/1/6/6/23.xml?no_http_errors=1 HTTP/1.1" 200 1007 "-" "BW-HTTPClient/5.4" urt="15.848" 384 15.850
10.1.1.28 - c3 [30/Jun/2017:14:33:18 +0100] "GET /api/mpsl/monitor/smq/qlen.json HTTP/1.1" 200 122 "-" "curl/7.26.0" urt="0.009" 156 0.009
10.1.1.28 - c3 [30/Jun/2017:14:33:47 +0100] "GET /api/mpsl/monitor/smq/qlen.json HTTP/1.1" 200 122 "-" "curl/7.26.0" urt="0.010" 156 0.010
10.2.97.79 - c1.prd [30/Jun/2017:14:33:56 +0100] "GET /api/mpsl/got2/10.1.166.20/1/12/10/31.xml?no_http_errors=1 HTTP/1.1" 200 1155 "-" "BW-HTTPClient/5.4" urt="35.663" 386 35.664
10.1.1.28 - c3 [30/Jun/2017:14:34:18 +0100] "GET /api/mpsl/monitor/smq/qlen.json HTTP/1.1" 200 122 "-" "curl/7.26.0" urt="0.010" 156 0.010
10.1.1.28 - c3 [30/Jun/2017:14:34:48 +0100] "GET /api/mpsl/monitor/smq/qlen.json HTTP/1.1" 200 122 "-" "curl/7.26.0" urt="0.010" 156 0.010
10.1.1.28 - c3 [30/Jun/2017:14:35:18 +0100] "GET /api/mpsl/monitor/smq/qlen.json HTTP/1.1" 200 122 "-" "curl/7.26.0" urt="0.010" 156 0.010
10.2.97.78 - c1.prd [30/Jun/2017:14:35:28 +0100] "GET /api/mpsl/goo/10.1.125.20/1/2/1/39.xml?no_http_errors=1 HTTP/1.1" 200 1008 "-" "BW-HTTPClient/5.4" urt="3.440" 384 3.442
10.1.1.28 - c3 [30/Jun/2017:14:35:32 +0100] "GET /api/mpsl/monitor/smq/qlen.json HTTP/1.1" 200 122 "-" "curl/7.26.0" urt="0.010" 156 0.010
10.1.1.28 - c3 [30/Jun/2017:14:35:52 +0100] "GET /api/mpsl/monitor/smq/qlen.json HTTP/1.1" 200 122 "-" "curl/7.26.0" urt="0.009" 156 0.009
10.1.1.28 - c3 [30/Jun/2017:14:36:17 +0100] "GET /api/mpsl/monitor/smq/qlen.json HTTP/1.1" 200 122 "-" "curl/7.26.0" urt="0.009" 156 0.009
10.1.1.28 - c3 [30/Jun/2017:14:36:48 +0100] "GET /api/mpsl/monitor/smq/qlen.json HTTP/1.1" 200 122 "-" "curl/7.26.0" urt="0.010" 156 0.010
10.2.97.78 - c1.prd [30/Jun/2017:14:37:01 +0100] "POST /api/mpsl/oco/10.1.167.20/1/4/1/10.xml HTTP/1.1" 201 162 "-" "BW-HTTPClient/5.4" urt="0.050" 680 0.052
10.1.1.28 - c3 [30/Jun/2017:14:37:18 +0100] "GET /api/mpsl/monitor/smq/qlen.json HTTP/1.1" 200 122 "-" "curl/7.26.0" urt="0.009" 156 0.009
10.2.97.78 - c1.prd [30/Jun/2017:14:37:28 +0100] "GET /api/mpsl/cv/10.1.114.20/1/1/15/18.xml HTTP/1.1" 200 1391 "-" "BW-HTTPClient/5.4" urt="6.084" 466 6.086
10.2.97.79 - c1.prd [30/Jun/2017:14:37:31 +0100] "GET /api/mpsl/goo/10.1.114.20/1/1/15/18.xml?no_http_errors=1 HTTP/1.1" 200 1008 "-" "BW-HTTPClient/5.4" urt="2.589" 385 2.591
10.2.97.78 - c1.prd [30/Jun/2017:14:37:36 +0100] "GET /api/mpsl/got2/10.1.124.20/1/8/7/1.xml?no_http_errors=1 HTTP/1.1" 200 1180 "-" "BW-HTTPClient/5.4" urt="3.076" 383 3.078
10.2.97.78 - c1.prd [30/Jun/2017:14:37:38 +0100] "POST /api/mpsl/ou/10.1.183.50/1/4/2/23.xml HTTP/1.1" 201 156 "-" "BW-HTTPClient/5.4" urt="0.028" 539 0.030
10.2.97.79 - c1.prd [30/Jun/2017:14:37:38 +0100] "POST /api/mpsl/oco/10.1.183.50/1/4/2/23.xml HTTP/1.1" 201 162 "-" "BW-HTTPClient/5.4" urt="0.035" 680 0.036
10.1.1.28 - c3 [30/Jun/2017:14:37:47 +0100] "GET /api/mpsl/monitor/smq/qlen.json HTTP/1.1" 200 122 "-" "curl/7.26.0" urt="0.010" 156 0.010
10.2.97.79 - c1.prd [30/Jun/2017:14:38:03 +0100] "GET /api/mpsl/goo/10.1.127.20/1/2/12/14.xml?no_http_errors=1 HTTP/1.1" 200 1007 "-" "BW-HTTPClient/5.4" urt="2.639" 385 2.641
10.2.97.78 - c1.prd [30/Jun/2017:14:38:08 +0100] "GET /api/mpsl/got2/10.1.170.20/1/1/12/19.xml?no_http_errors=1 HTTP/1.1" 200 1180 "-" "BW-HTTPClient/5.4" urt="3.083" 385 3.085
10.1.1.28 - c3 [30/Jun/2017:14:38:17 +0100] "GET /api/mpsl/monitor/smq/qlen.json HTTP/1.1" 200 122 "-" "curl/7.26.0" urt="0.011" 156 0.011
10.2.97.79 - c1.prd [30/Jun/2017:14:38:39 +0100] "GET /api/mpsl/got2/10.138.130.45/1/2/4/3.xml?no_http_errors=1 HTTP/1.1" 200 1181 "-" "BW-HTTPClient/5.4" urt="3.142" 383 3.143
10.1.1.28 - c3 [30/Jun/2017:14:38:48 +0100] "GET /api/mpsl/monitor/smq/qlen.json HTTP/1.1" 200 122 "-" "curl/7.26.0" urt="0.009" 156 0.009
10.1.1.28 - c3 [30/Jun/2017:14:39:17 +0100] "GET /api/mpsl/monitor/smq/qlen.json HTTP/1.1" 200 122 "-" "curl/7.26.0" urt="0.009" 156 0.009
10.2.97.78 - c1.prd [30/Jun/2017:14:39:42 +0100] "POST /api/mpsl/oco/10.1.183.50/1/3/7/22.xml HTTP/1.1" 201 162 "-" "BW-HTTPClient/5.4" urt="0.043" 678 0.044
10.2.97.78 - c1.prd [30/Jun/2017:14:39:47 +0100] "GET /api/mpsl/got2/10.1.134.20/1/6/2/1.xml?no_http_errors=1 HTTP/1.1" 200 1180 "-" "BW-HTTPClient/5.4" urt="3.111" 383 3.113
10.1.1.28 - c3 [30/Jun/2017:14:39:48 +0100] "GET /api/mpsl/monitor/smq/qlen.json HTTP/1.1" 200 122 "-" "curl/7.26.0" urt="0.009" 156 0.009
10.2.97.79 - c1.prd [30/Jun/2017:14:39:57 +0100] "GET /api/mpsl/goo/10.1.133.20/1/4/5/20.xml?no_http_errors=1 HTTP/1.1" 200 1009 "-" "BW-HTTPClient/5.4" urt="2.664" 384 2.665
10.1.1.28 - c3 [30/Jun/2017:14:40:17 +0100] "GET /api/mpsl/monitor/smq/qlen.json HTTP/1.1" 200 122 "-" "curl/7.26.0" urt="0.009" 156 0.009
10.1.1.28 - c3 [30/Jun/2017:14:40:36 +0100] "GET /api/mpsl/monitor/smq/qlen.json HTTP/1.1" 200 122 "-" "curl/7.26.0" urt="0.010" 156 0.010
10.1.1.28 - c3 [30/Jun/2017:14:40:48 +0100] "GET /api/mpsl/monitor/smq/qlen.json HTTP/1.1" 200 122 "-" "curl/7.26.0" urt="0.009" 156 0.009
10.2.97.78 - c1.prd [30/Jun/2017:14:42:08 +0100] "GET /api/mpsl/goo/10.1.182.50/1/6/3/7.xml?no_http_errors=1 HTTP/1.1" 200 1008 "-" "BW-HTTPClient/5.4" urt="11.977" 383 11.979
10.1.1.28 - c3 [30/Jun/2017:14:42:18 +0100] "GET /api/mpsl/monitor/smq/qlen.json HTTP/1.1" 200 122 "-" "curl/7.26.0" urt="0.009" 156 0.009
10.2.97.79 - c1.prd [30/Jun/2017:14:42:38 +0100] "GET /api/mpsl/cv/10.138.130.45/1/1/8/9.xml HTTP/1.1" 200 1391 "-" "BW-HTTPClient/5.4" urt="6.042" 464 6.044
10.2.97.79 - c1.prd [30/Jun/2017:14:42:41 +0100] "GET /api/mpsl/goo/10.138.130.45/1/1/8/9.xml?no_http_errors=1 HTTP/1.1" 200 1009 "-" "BW-HTTPClient/5.4" urt="2.564" 383 2.566
10.1.1.28 - c3 [30/Jun/2017:14:42:47 +0100] "GET /api/mpsl/monitor/smq/qlen.json HTTP/1.1" 200 122 "-" "curl/7.26.0" urt="0.009" 156 0.009
10.2.97.78 - c1.prd [30/Jun/2017:14:43:00 +0100] "GET /api/mpsl/got2/10.1.125.20/1/3/11/7.xml?no_http_errors=1 HTTP/1.1" 200 1178 "-" "BW-HTTPClient/5.4" urt="3.147" 384 3.149
10.1.1.28 - c3 [30/Jun/2017:14:43:17 +0100] "GET /api/mpsl/monitor/smq/qlen.json HTTP/1.1" 200 122 "-" "curl/7.26.0" urt="0.009" 156 0.009
10.2.97.79 - c1.prd [30/Jun/2017:14:43:34 +0100] "GET /api/mpsl/got2/10.1.165.20/1/5/8/25.xml?no_http_errors=1 HTTP/1.1" 200 1180 "-" "BW-HTTPClient/5.4" urt="3.170" 384 3.172
10.1.1.28 - c3 [30/Jun/2017:14:43:47 +0100] "GET /api/mpsl/monitor/smq/qlen.json HTTP/1.1" 200 122 "-" "curl/7.26.0" urt="0.008" 156 0.008
10.1.1.28 - c3 [30/Jun/2017:14:44:18 +0100] "GET /api/mpsl/monitor/smq/qlen.json HTTP/1.1" 200 122 "-" "curl/7.26.0" urt="0.011" 156 0.011
10.1.1.28 - c3 [30/Jun/2017:14:44:48 +0100] "GET /api/mpsl/monitor/smq/qlen.json HTTP/1.1" 200 122 "-" "curl/7.26.0" urt="0.010" 156 0.010
10.5.47.222 - c2_prd [30/Jun/2017:14:45:06 +0100] "GET /api/mpsl/got2/10.5.4.34/1/1/0/11.json HTTP/1.1" 200 690 "-" "GuzzleHttp/6.2.1 curl/7.38.0 PHP/5.6.29-0+deb8u1" urt="3.142" 203 3.142
10.5.47.222 - c2_prd [30/Jun/2017:14:45:09 +0100] "GET /api/mpsl/gops/10.5.4.34/1/1/0/11.json HTTP/1.1" 200 567 "-" "GuzzleHttp/6.2.1 curl/7.38.0 PHP/5.6.29-0+deb8u1" urt="2.552" 207 2.552
10.1.1.28 - c3 [30/Jun/2017:14:45:17 +0100] "GET /api/mpsl/monitor/smq/qlen.json HTTP/1.1" 200 122 "-" "curl/7.26.0" urt="0.010" 156 0.010
10.1.1.28 - c3 [30/Jun/2017:14:45:31 +0100] "GET /api/mpsl/monitor/smq/qlen.json HTTP/1.1" 200 122 "-" "curl/7.26.0" urt="0.009" 156 0.009
10.2.97.78 - c1.prd [30/Jun/2017:14:45:31 +0100] "GET /api/mpsl/cv/10.1.132.20/1/1/8/11.xml HTTP/1.1" 200 0 "-" "BW-HTTPClient/5.4" urt="87.168" 465 87.168
10.1.1.28 - c3 [30/Jun/2017:14:45:52 +0100] "GET /api/mpsl/monitor/smq/qlen.json HTTP/1.1" 200 122 "-" "curl/7.26.0" urt="0.009" 156 0.009
10.2.97.78 - c1.prd [30/Jun/2017:14:46:01 +0100] "GET /api/mpsl/cv/10.1.160.20/1/2/14/40.xml HTTP/1.1" 200 1391 "-" "BW-HTTPClient/5.4" urt="8.825" 466 8.827
10.2.97.79 - c1.prd [30/Jun/2017:14:46:04 +0100] "GET /api/mpsl/goo/10.1.160.20/1/2/14/40.xml?no_http_errors=1 HTTP/1.1" 200 1005 "-" "BW-HTTPClient/5.4" urt="2.612" 385 2.614
10.1.1.28 - c3 [30/Jun/2017:14:46:18 +0100] "GET /api/mpsl/monitor/smq/qlen.json HTTP/1.1" 200 122 "-" "curl/7.26.0" urt="0.009" 156 0.009
10.2.97.78 - c1.prd [30/Jun/2017:14:46:29 +0100] "GET /api/mpsl/got2/10.1.136.20/1/3/9/6.xml?no_http_errors=1 HTTP/1.1" 200 1155 "-" "BW-HTTPClient/5.4" urt="33.570" 383 33.572
10.2.97.79 - c1.prd [30/Jun/2017:14:46:29 +0100] "GET /api/mpsl/cv/10.1.132.20/1/1/8/11.xml HTTP/1.1" 200 0 "-" "BW-HTTPClient/5.4" urt="86.097" 465 86.097
10.2.97.78 - c1.prd [30/Jun/2017:14:46:44 +0100] "GET /api/mpsl/goo/10.1.127.20/1/2/12/14.xml?no_http_errors=1 HTTP/1.1" 200 1007 "-" "BW-HTTPClient/5.4" urt="2.598" 385 2.600
10.1.1.28 - c3 [30/Jun/2017:14:46:48 +0100] "GET /api/mpsl/monitor/smq/qlen.json HTTP/1.1" 200 122 "-" "curl/7.26.0" urt="0.013" 156 0.013
10.2.97.78 - c1.prd [30/Jun/2017:14:46:49 +0100] "GET /api/mpsl/cv/10.1.160.20/1/2/14/40.xml HTTP/1.1" 200 1391 "-" "BW-HTTPClient/5.4" urt="-" 466 0.001
10.2.97.79 - c1.prd [30/Jun/2017:14:46:49 +0100] "GET /api/mpsl/goo/10.1.160.20/1/2/14/40.xml?no_http_errors=1 HTTP/1.1" 200 1005 "-" "BW-HTTPClient/5.4" urt="-" 385 0.001
10.2.97.78 - c1.prd [30/Jun/2017:14:46:54 +0100] "GET /api/mpsl/goo/10.1.169.20/1/1/9/5.xml?no_http_errors=1 HTTP/1.1" 200 1008 "-" "BW-HTTPClient/5.4" urt="3.209" 383 3.211
10.1.1.28 - c3 [30/Jun/2017:14:47:18 +0100] "GET /api/mpsl/monitor/smq/qlen.json HTTP/1.1" 200 122 "-" "curl/7.26.0" urt="0.008" 156 0.008
10.2.97.79 - c1.prd [30/Jun/2017:14:47:30 +0100] "GET /api/mpsl/cv/10.1.132.20/1/1/8/11.xml HTTP/1.1" 200 0 "-" "BW-HTTPClient/5.4" urt="86.012" 465 86.012
10.1.1.28 - c3 [30/Jun/2017:14:47:48 +0100] "GET /api/mpsl/monitor/smq/qlen.json HTTP/1.1" 200 122 "-" "curl/7.26.0" urt="0.009" 156 0.009
10.1.1.28 - c3 [30/Jun/2017:14:48:18 +0100] "GET /api/mpsl/monitor/smq/qlen.json HTTP/1.1" 200 122 "-" "curl/7.26.0" urt="0.010" 156 0.010
10.2.97.79 - c1.prd [30/Jun/2017:14:48:35 +0100] "GET /api/mpsl/cv/10.1.132.20/1/1/8/11.xml HTTP/1.1" 200 0 "-" "BW-HTTPClient/5.4" urt="91.959" 465 91.959
10.2.97.79 - c1.prd [30/Jun/2017:14:48:40 +0100] "GET /api/mpsl/goo/10.1.127.20/1/2/12/14.xml?no_http_errors=1 HTTP/1.1" 200 1008 "-" "BW-HTTPClient/5.4" urt="2.672" 385 2.674
10.1.1.28 - c3 [30/Jun/2017:14:48:48 +0100] "GET /api/mpsl/monitor/smq/qlen.json HTTP/1.1" 200 122 "-" "curl/7.26.0" urt="0.010" 156 0.010
10.2.97.78 - c1.prd [30/Jun/2017:14:48:58 +0100] "GET /api/mpsl/cv/10.1.132.20/1/1/8/11.xml HTTP/1.1" 200 1391 "-" "BW-HTTPClient/5.4" urt="54.709" 465 54.714
10.1.1.28 - c3 [30/Jun/2017:14:49:18 +0100] "GET /api/mpsl/monitor/smq/qlen.json HTTP/1.1" 200 122 "-" "curl/7.26.0" urt="0.011" 156 0.011
10.2.97.79 - c1.prd [30/Jun/2017:14:49:34 +0100] "POST /api/mpsl/ou/10.1.183.50/1/3/2/34.xml HTTP/1.1" 201 155 "-" "BW-HTTPClient/5.4" urt="0.102" 539 0.104
10.1.1.28 - c3 [30/Jun/2017:14:49:48 +0100] "GET /api/mpsl/monitor/smq/qlen.json HTTP/1.1" 200 122 "-" "curl/7.26.0" urt="0.009" 156 0.009
10.2.97.78 - c1.prd [30/Jun/2017:14:49:48 +0100] "GET /api/mpsl/got2/10.1.168.20/1/1/6/36.xml?no_http_errors=1 HTTP/1.1" 200 1180 "-" "BW-HTTPClient/5.4" urt="36.987" 384 36.989
10.2.97.78 - c1.prd [30/Jun/2017:14:49:56 +0100] "GET /api/mpsl/goo/10.1.132.20/1/1/6/7.xml?no_http_errors=1 HTTP/1.1" 200 1008 "-" "BW-HTTPClient/5.4" urt="2.651" 383 2.653
10.2.97.79 - c1.prd [30/Jun/2017:14:49:56 +0100] "GET /api/mpsl/cv/10.1.182.50/1/12/4/15.xml HTTP/1.1" 200 0 "-" "BW-HTTPClient/5.4" urt="99.067" 466 99.067
10.2.97.79 - c1.prd [30/Jun/2017:14:49:58 +0100] "GET /api/mpsl/got2/10.1.160.20/1/2/14/40.xml?no_http_errors=1 HTTP/1.1" 200 1177 "-" "BW-HTTPClient/5.4" urt="4.310" 385 4.312
10.1.1.28 - c3 [30/Jun/2017:14:50:17 +0100] "GET /api/mpsl/monitor/smq/qlen.json HTTP/1.1" 200 122 "-" "curl/7.26.0" urt="0.009" 156 0.009
10.1.1.28 - c3 [30/Jun/2017:14:50:33 +0100] "GET /api/mpsl/monitor/smq/qlen.json HTTP/1.1" 200 122 "-" "curl/7.26.0" urt="0.009" 156 0.009
10.1.1.28 - c3 [30/Jun/2017:14:50:47 +0100] "GET /api/mpsl/monitor/smq/qlen.json HTTP/1.1" 200 122 "-" "curl/7.26.0" urt="0.009" 156 0.009
10.2.97.78 - c1.prd [30/Jun/2017:14:51:09 +0100] "GET /api/mpsl/cv/10.1.132.20/1/1/8/11.xml HTTP/1.1" 200 1391 "-" "BW-HTTPClient/5.4" urt="-" 465 0.002
10.2.97.79 - c1.prd [30/Jun/2017:14:51:12 +0100] "GET /api/mpsl/goo/10.1.132.20/1/1/8/11.xml?no_http_errors=1 HTTP/1.1" 200 1006 "-" "BW-HTTPClient/5.4" urt="2.682" 384 2.684
10.1.1.28 - c3 [30/Jun/2017:14:51:17 +0100] "GET /api/mpsl/monitor/smq/qlen.json HTTP/1.1" 200 122 "-" "curl/7.26.0" urt="0.008" 156 0.008
10.2.97.78 - c1.prd [30/Jun/2017:14:51:19 +0100] "GET /api/mpsl/got2/10.1.173.20/1/3/7/12.xml?no_http_errors=1 HTTP/1.1" 200 1168 "-" "BW-HTTPClient/5.4" urt="3.742" 384 3.744
10.1.1.28 - c3 [30/Jun/2017:14:51:48 +0100] "GET /api/mpsl/monitor/smq/qlen.json HTTP/1.1" 200 122 "-" "curl/7.26.0" urt="0.010" 156 0.010
10.1.1.28 - c3 [30/Jun/2017:14:52:17 +0100] "GET /api/mpsl/monitor/smq/qlen.json HTTP/1.1" 200 122 "-" "curl/7.26.0" urt="0.009" 156 0.009
10.2.97.79 - c1.prd [30/Jun/2017:14:52:40 +0100] "GET /api/mpsl/cv/10.1.165.20/1/6/9/3.xml HTTP/1.1" 200 1390 "-" "BW-HTTPClient/5.4" urt="6.434" 463 6.436
10.2.97.79 - c1.prd [30/Jun/2017:14:52:42 +0100] "GET /api/mpsl/goo/10.1.165.20/1/6/9/3.xml?no_http_errors=1 HTTP/1.1" 200 1007 "-" "BW-HTTPClient/5.4" urt="2.628" 383 2.629
10.1.1.28 - c3 [30/Jun/2017:14:52:47 +0100] "GET /api/mpsl/monitor/smq/qlen.json HTTP/1.1" 200 122 "-" "curl/7.26.0" urt="0.010" 156 0.010
10.2.97.78 - c1.prd [30/Jun/2017:14:53:11 +0100] "GET /api/mpsl/got2/10.1.167.20/1/1/4/0.xml?no_http_errors=1 HTTP/1.1" 200 1181 "-" "BW-HTTPClient/5.4" urt="3.033" 383 3.035
10.1.1.28 - c3 [30/Jun/2017:14:53:17 +0100] "GET /api/mpsl/monitor/smq/qlen.json HTTP/1.1" 200 122 "-" "curl/7.26.0" urt="0.012" 156 0.012
10.2.97.79 - c1.prd [30/Jun/2017:14:53:32 +0100] "GET /api/mpsl/got2/10.1.114.20/1/2/14/0.xml?no_http_errors=1 HTTP/1.1" 200 1180 "-" "BW-HTTPClient/5.4" urt="3.084" 384 3.086
10.2.97.78 - c1.prd [30/Jun/2017:14:53:34 +0100] "POST /api/mpsl/oc/10.1.164.20/1/1/10/33.xml HTTP/1.1" 201 157 "-" "BW-HTTPClient/5.4" urt="0.050" 687 0.052
10.1.1.28 - c3 [30/Jun/2017:14:53:47 +0100] "GET /api/mpsl/monitor/smq/qlen.json HTTP/1.1" 200 122 "-" "curl/7.26.0" urt="0.009" 156 0.009
10.1.1.28 - c3 [30/Jun/2017:14:54:18 +0100] "GET /api/mpsl/monitor/smq/qlen.json HTTP/1.1" 200 122 "-" "curl/7.26.0" urt="0.008" 156 0.008
10.1.1.28 - c3 [30/Jun/2017:14:54:48 +0100] "GET /api/mpsl/monitor/smq/qlen.json HTTP/1.1" 200 122 "-" "curl/7.26.0" urt="0.010" 156 0.010
10.2.97.78 - c1.prd [30/Jun/2017:14:54:51 +0100] "GET /api/mpsl/goo/10.1.164.20/1/2/4/8.xml?no_http_errors=1 HTTP/1.1" 200 1008 "-" "BW-HTTPClient/5.4" urt="2.641" 383 2.643
10.2.97.79 - c1.prd [30/Jun/2017:14:54:58 +0100] "GET /api/mpsl/got2/10.1.174.20/1/5/13/1.xml?no_http_errors=1 HTTP/1.1" 200 1155 "-" "BW-HTTPClient/5.4" urt="2.911" 384 2.913
10.1.1.28 - c3 [30/Jun/2017:14:55:17 +0100] "GET /api/mpsl/monitor/smq/qlen.json HTTP/1.1" 200 122 "-" "curl/7.26.0" urt="0.010" 156 0.010
10.2.97.78 - c1.prd [30/Jun/2017:14:55:32 +0100] "GET /api/mpsl/got2/10.1.163.20/1/4/15/0.xml?no_http_errors=1 HTTP/1.1" 200 1177 "-" "BW-HTTPClient/5.4" urt="3.052" 384 3.054
10.1.1.28 - c3 [30/Jun/2017:14:55:33 +0100] "GET /api/mpsl/monitor/smq/qlen.json HTTP/1.1" 200 122 "-" "curl/7.26.0" urt="0.010" 156 0.010
10.1.1.28 - c3 [30/Jun/2017:14:55:53 +0100] "GET /api/mpsl/monitor/smq/qlen.json HTTP/1.1" 200 122 "-" "curl/7.26.0" urt="0.009" 156 0.009
10.2.97.78 - c1.prd [30/Jun/2017:14:56:04 +0100] "GET /api/mpsl/got2/10.1.172.20/1/2/15/13.xml?no_http_errors=1 HTTP/1.1" 200 1179 "-" "BW-HTTPClient/5.4" urt="3.544" 385 3.546
10.2.97.79 - c1.prd [30/Jun/2017:14:56:05 +0100] "GET /api/mpsl/got2/10.1.166.20/1/12/14/10.xml?no_http_errors=1 HTTP/1.1" 200 1181 "-" "BW-HTTPClient/5.4" urt="3.122" 386 3.124
10.2.97.79 - c1.prd [30/Jun/2017:14:56:12 +0100] "GET /api/mpsl/goo/10.1.112.20/1/1/4/13.xml?no_http_errors=1 HTTP/1.1" 200 1007 "-" "BW-HTTPClient/5.4" urt="13.336" 384 13.338
10.1.1.28 - c3 [30/Jun/2017:14:56:17 +0100] "GET /api/mpsl/monitor/smq/qlen.json HTTP/1.1" 200 122 "-" "curl/7.26.0" urt="0.008" 156 0.008
10.2.97.78 - c1.prd [30/Jun/2017:14:56:20 +0100] "GET /api/mpsl/got2/10.1.166.20/1/1/9/7.xml?no_http_errors=1 HTTP/1.1" 200 1177 "-" "BW-HTTPClient/5.4" urt="3.186" 383 3.189
10.2.97.78 - c1.prd [30/Jun/2017:14:56:21 +0100] "GET /api/mpsl/cv/10.1.130.20/1/1/5/13.xml HTTP/1.1" 200 1391 "-" "BW-HTTPClient/5.4" urt="5.956" 465 5.958
10.2.97.79 - c1.prd [30/Jun/2017:14:56:23 +0100] "GET /api/mpsl/goo/10.1.130.20/1/1/5/13.xml?no_http_errors=1 HTTP/1.1" 200 982 "-" "BW-HTTPClient/5.4" urt="2.418" 384 2.420
10.2.97.78 - c1.prd [30/Jun/2017:14:56:28 +0100] "GET /api/mpsl/goo/10.1.130.20/1/1/5/13.xml?no_http_errors=1 HTTP/1.1" 200 982 "-" "BW-HTTPClient/5.4" urt="-" 384 0.002
10.1.1.28 - c3 [30/Jun/2017:14:56:47 +0100] "GET /api/mpsl/monitor/smq/qlen.json HTTP/1.1" 200 122 "-" "curl/7.26.0" urt="0.010" 156 0.010
10.2.97.79 - c1.prd [30/Jun/2017:14:57:10 +0100] "GET /api/mpsl/goo/10.1.130.20/1/1/5/13.xml?no_http_errors=1 HTTP/1.1" 200 982 "-" "BW-HTTPClient/5.4" urt="-" 384 0.001
10.2.97.79 - c1.prd [30/Jun/2017:14:57:15 +0100] "POST /api/mpsl/oco/10.1.166.20/1/1/9/7.xml HTTP/1.1" 201 162 "-" "BW-HTTPClient/5.4" urt="0.065" 679 0.067
10.1.1.28 - c3 [30/Jun/2017:14:57:18 +0100] "GET /api/mpsl/monitor/smq/qlen.json HTTP/1.1" 200 122 "-" "curl/7.26.0" urt="0.009" 156 0.009
10.2.97.78 - c1.prd [30/Jun/2017:14:57:20 +0100] "GET /api/mpsl/goo/10.1.130.20/1/1/5/13.xml?no_http_errors=1 HTTP/1.1" 200 982 "-" "BW-HTTPClient/5.4" urt="-" 384 0.002
10.2.97.79 - c1.prd [30/Jun/2017:14:57:40 +0100] "GET /api/mpsl/goo/10.1.112.20/1/1/4/13.xml?no_http_errors=1 HTTP/1.1" 200 1008 "-" "BW-HTTPClient/5.4" urt="11.491" 384 11.493
10.1.1.28 - c3 [30/Jun/2017:14:57:47 +0100] "GET /api/mpsl/monitor/smq/qlen.json HTTP/1.1" 200 122 "-" "curl/7.26.0" urt="0.009" 156 0.009
10.2.97.78 - c1.prd [30/Jun/2017:14:57:48 +0100] "GET /api/mpsl/goo/10.1.130.20/1/1/5/13.xml?no_http_errors=1 HTTP/1.1" 200 982 "-" "BW-HTTPClient/5.4" urt="2.481" 384 2.483
10.2.97.79 - c1.prd [30/Jun/2017:14:57:49 +0100] "GET /api/mpsl/got2/10.1.172.20/1/2/15/13.xml?no_http_errors=1 HTTP/1.1" 200 1179 "-" "BW-HTTPClient/5.4" urt="3.134" 385 3.136
10.5.47.222 - c2_prd [30/Jun/2017:14:57:51 +0100] "GET /api/mpsl/got2/10.5.4.66/1/1/6/4.json HTTP/1.1" 200 691 "-" "GuzzleHttp/6.2.1 curl/7.38.0 PHP/5.6.29-0+deb8u1" urt="3.613" 202 3.613
10.5.47.222 - c2_prd [30/Jun/2017:14:57:54 +0100] "GET /api/mpsl/gops/10.5.4.66/1/1/6/4.json HTTP/1.1" 200 566 "-" "GuzzleHttp/6.2.1 curl/7.38.0 PHP/5.6.29-0+deb8u1" urt="2.646" 206 2.646
10.5.47.221 - c2_prd [30/Jun/2017:14:58:05 +0100] "GET /api/mpsl/got2/10.5.4.66/1/1/6/4.json HTTP/1.1" 200 691 "-" "GuzzleHttp/6.2.1 curl/7.38.0 PHP/5.6.24-0+deb8u1" urt="-" 202 0.000
10.5.47.222 - c2_prd [30/Jun/2017:14:58:10 +0100] "GET /api/mpsl/got2/10.5.4.66/1/1/6/4.json HTTP/1.1" 200 691 "-" "GuzzleHttp/6.2.1 curl/7.38.0 PHP/5.6.29-0+deb8u1" urt="-" 202 0.000
10.5.47.221 - c2_prd [30/Jun/2017:14:58:17 +0100] "GET /api/mpsl/got2/10.5.4.66/1/1/6/4.json HTTP/1.1" 200 691 "-" "GuzzleHttp/6.2.1 curl/7.38.0 PHP/5.6.24-0+deb8u1" urt="-" 202 0.000
10.1.1.28 - c3 [30/Jun/2017:14:58:18 +0100] "GET /api/mpsl/monitor/smq/qlen.json HTTP/1.1" 200 122 "-" "curl/7.26.0" urt="0.009" 156 0.009
10.5.47.221 - c2_prd [30/Jun/2017:14:58:18 +0100] "GET /api/mpsl/got2/10.5.4.66/1/1/6/4.json HTTP/1.1" 200 691 "-" "GuzzleHttp/6.2.1 curl/7.38.0 PHP/5.6.24-0+deb8u1" urt="-" 202 0.000
10.1.1.28 - c3 [30/Jun/2017:14:58:47 +0100] "GET /api/mpsl/monitor/smq/qlen.json HTTP/1.1" 200 122 "-" "curl/7.26.0" urt="0.010" 156 0.010
10.1.1.28 - c3 [30/Jun/2017:14:59:17 +0100] "GET /api/mpsl/monitor/smq/qlen.json HTTP/1.1" 200 122 "-" "curl/7.26.0" urt="0.012" 156 0.012
10.5.47.222 - c2_prd [30/Jun/2017:14:59:22 +0100] "GET /api/mpsl/got2/10.5.4.66/1/1/6/4.json HTTP/1.1" 200 689 "-" "GuzzleHttp/6.2.1 curl/7.38.0 PHP/5.6.29-0+deb8u1" urt="3.090" 202 3.090
10.5.47.221 - c2_prd [30/Jun/2017:14:59:27 +0100] "GET /api/mpsl/got2/10.5.4.66/1/1/10/7.json HTTP/1.1" 200 692 "-" "GuzzleHttp/6.2.1 curl/7.38.0 PHP/5.6.24-0+deb8u1" urt="3.159" 203 3.159
10.5.47.221 - c2_prd [30/Jun/2017:14:59:30 +0100] "GET /api/mpsl/gops/10.5.4.66/1/1/10/7.json HTTP/1.1" 200 567 "-" "GuzzleHttp/6.2.1 curl/7.38.0 PHP/5.6.24-0+deb8u1" urt="2.546" 207 2.546
10.2.97.78 - c1.prd [30/Jun/2017:14:59:41 +0100] "GET /api/mpsl/goo/10.1.112.20/1/1/4/13.xml?no_http_errors=1 HTTP/1.1" 200 1007 "-" "BW-HTTPClient/5.4" urt="11.756" 384 11.758
10.2.97.79 - c1.prd [30/Jun/2017:14:59:43 +0100] "GET /api/mpsl/cv/10.1.167.20/1/11/7/4.xml HTTP/1.1" 200 1391 "-" "BW-HTTPClient/5.4" urt="6.305" 465 6.307
10.2.97.78 - c1.prd [30/Jun/2017:14:59:45 +0100] "GET /api/mpsl/goo/10.1.167.20/1/11/7/4.xml?no_http_errors=1 HTTP/1.1" 200 1008 "-" "BW-HTTPClient/5.4" urt="2.568" 384 2.570
10.1.1.28 - c3 [30/Jun/2017:14:59:47 +0100] "GET /api/mpsl/monitor/smq/qlen.json HTTP/1.1" 200 122 "-" "curl/7.26.0" urt="0.009" 156 0.009
10.2.97.79 - c1.prd [30/Jun/2017:14:59:50 +0100] "GET /api/mpsl/goo/10.1.130.20/1/1/5/13.xml?no_http_errors=1 HTTP/1.1" 200 982 "-" "BW-HTTPClient/5.4" urt="2.435" 384 2.437
10.2.97.79 - c1.prd [30/Jun/2017:14:59:55 +0100] "GET /api/mpsl/got2/10.1.168.21/1/7/1/5.xml?no_http_errors=1 HTTP/1.1" 200 1156 "-" "BW-HTTPClient/5.4" urt="22.701" 383 22.702
10.1.1.28 - c3 [30/Jun/2017:15:00:17 +0100] "GET /api/mpsl/monitor/smq/qlen.json HTTP/1.1" 200 122 "-" "curl/7.26.0" urt="0.009" 156 0.009
10.1.1.28 - c3 [30/Jun/2017:15:00:31 +0100] "GET /api/mpsl/monitor/smq/qlen.json HTTP/1.1" 200 122 "-" "curl/7.26.0" urt="0.010" 156 0.010
10.2.97.79 - c1.prd [30/Jun/2017:15:00:34 +0100] "POST /api/mpsl/oc/10.1.165.20/1/3/6/27.xml HTTP/1.1" 201 157 "-" "BW-HTTPClient/5.4" urt="0.129" 686 0.130
10.2.97.78 - c1.prd [30/Jun/2017:15:00:34 +0100] "POST /api/mpsl/oc/10.1.168.20/1/8/0/20.xml HTTP/1.1" 201 157 "-" "BW-HTTPClient/5.4" urt="0.114" 686 0.116
10.2.97.78 - c1.prd [30/Jun/2017:15:00:42 +0100] "GET /api/mpsl/goo/10.1.115.20/1/2/10/6.xml?no_http_errors=1 HTTP/1.1" 200 1004 "-" "BW-HTTPClient/5.4" urt="2.700" 384 2.702
10.1.1.28 - c3 [30/Jun/2017:15:00:52 +0100] "GET /api/mpsl/monitor/smq/qlen.json HTTP/1.1" 200 122 "-" "curl/7.26.0" urt="0.009" 156 0.009
10.1.1.28 - c3 [30/Jun/2017:15:01:17 +0100] "GET /api/mpsl/monitor/smq/qlen.json HTTP/1.1" 200 122 "-" "curl/7.26.0" urt="0.009" 156 0.009
10.1.1.28 - c3 [30/Jun/2017:15:01:48 +0100] "GET /api/mpsl/monitor/smq/qlen.json HTTP/1.1" 200 122 "-" "curl/7.26.0" urt="0.011" 156 0.011
10.2.97.79 - c1.prd [30/Jun/2017:15:02:07 +0100] "GET /api/mpsl/goo/10.1.173.20/1/2/14/12.xml?no_http_errors=1 HTTP/1.1" 200 1007 "-" "BW-HTTPClient/5.4" urt="3.665" 385 3.669
10.1.1.28 - c3 [30/Jun/2017:15:02:17 +0100] "GET /api/mpsl/monitor/smq/qlen.json HTTP/1.1" 200 122 "-" "curl/7.26.0" urt="0.009" 156 0.009
10.1.1.28 - c3 [30/Jun/2017:15:02:48 +0100] "GET /api/mpsl/monitor/smq/qlen.json HTTP/1.1" 200 122 "-" "curl/7.26.0" urt="0.010" 156 0.010
10.1.1.28 - c3 [30/Jun/2017:15:03:18 +0100] "GET /api/mpsl/monitor/smq/qlen.json HTTP/1.1" 200 122 "-" "curl/7.26.0" urt="0.008" 156 0.008
10.2.97.78 - c1.prd [30/Jun/2017:15:03:30 +0100] "GET /api/mpsl/cv/10.1.173.20/1/2/14/12.xml HTTP/1.1" 200 1391 "-" "BW-HTTPClient/5.4" urt="14.744" 466 14.745
10.2.97.78 - c1.prd [30/Jun/2017:15:03:34 +0100] "GET /api/mpsl/goo/10.1.173.20/1/2/14/12.xml?no_http_errors=1 HTTP/1.1" 200 1007 "-" "BW-HTTPClient/5.4" urt="3.716" 385 3.718
10.1.1.28 - c3 [30/Jun/2017:15:03:48 +0100] "GET /api/mpsl/monitor/smq/qlen.json HTTP/1.1" 200 122 "-" "curl/7.26.0" urt="0.010" 156 0.010
10.2.97.79 - c1.prd [30/Jun/2017:15:03:59 +0100] "GET /api/mpsl/goo/10.1.173.20/1/2/14/12.xml?no_http_errors=1 HTTP/1.1" 200 1007 "-" "BW-HTTPClient/5.4" urt="-" 385 0.002
10.2.97.78 - c1.prd [30/Jun/2017:15:04:11 +0100] "GET /api/mpsl/got2/10.1.135.20/1/2/13/12.xml?no_http_errors=1 HTTP/1.1" 200 1179 "-" "BW-HTTPClient/5.4" urt="2.982" 385 2.983
10.2.97.79 - c1.prd [30/Jun/2017:15:04:14 +0100] "GET /api/mpsl/goo/10.1.169.20/1/1/9/5.xml?no_http_errors=1 HTTP/1.1" 200 1008 "-" "BW-HTTPClient/5.4" urt="3.645" 383 3.648
10.1.1.28 - c3 [30/Jun/2017:15:04:18 +0100] "GET /api/mpsl/monitor/smq/qlen.json HTTP/1.1" 200 122 "-" "curl/7.26.0" urt="0.009" 156 0.009
10.2.97.78 - c1.prd [30/Jun/2017:15:04:31 +0100] "GET /api/mpsl/got2/10.138.154.50/1/3/1/5.xml?no_http_errors=1 HTTP/1.1" 200 1179 "-" "BW-HTTPClient/5.4" urt="3.073" 383 3.075
10.1.1.28 - c3 [30/Jun/2017:15:04:48 +0100] "GET /api/mpsl/monitor/smq/qlen.json HTTP/1.1" 200 122 "-" "curl/7.26.0" urt="0.010" 156 0.010
10.2.97.79 - c1.prd [30/Jun/2017:15:04:52 +0100] "GET /api/mpsl/cv/10.1.173.20/1/1/4/2.xml HTTP/1.1" 200 1389 "-" "BW-HTTPClient/5.4" urt="14.944" 463 14.946
10.2.97.79 - c1.prd [30/Jun/2017:15:04:56 +0100] "GET /api/mpsl/goo/10.1.173.20/1/1/4/2.xml?no_http_errors=1 HTTP/1.1" 200 1007 "-" "BW-HTTPClient/5.4" urt="3.569" 383 3.571
10.1.1.28 - c3 [30/Jun/2017:15:05:18 +0100] "GET /api/mpsl/monitor/smq/qlen.json HTTP/1.1" 200 122 "-" "curl/7.26.0" urt="0.009" 156 0.009
10.1.1.28 - c3 [30/Jun/2017:15:05:31 +0100] "GET /api/mpsl/monitor/smq/qlen.json HTTP/1.1" 200 122 "-" "curl/7.26.0" urt="0.009" 156 0.009
10.1.1.28 - c3 [30/Jun/2017:15:05:51 +0100] "GET /api/mpsl/monitor/smq/qlen.json HTTP/1.1" 200 122 "-" "curl/7.26.0" urt="0.009" 156 0.009
10.2.97.78 - c1.prd [30/Jun/2017:15:05:51 +0100] "GET /api/mpsl/got2/10.1.128.20/1/6/7/8.xml?no_http_errors=1 HTTP/1.1" 200 1175 "-" "BW-HTTPClient/5.4" urt="3.033" 383 3.035
10.2.97.78 - c1.prd [30/Jun/2017:15:06:07 +0100] "GET /api/mpsl/cv/10.1.161.20/1/7/5/6.xml HTTP/1.1" 200 1391 "-" "BW-HTTPClient/5.4" urt="14.123" 464 14.126
10.2.97.79 - c1.prd [30/Jun/2017:15:06:11 +0100] "GET /api/mpsl/goo/10.1.161.20/1/7/5/6.xml?no_http_errors=1 HTTP/1.1" 200 1008 "-" "BW-HTTPClient/5.4" urt="3.811" 383 3.813
10.1.1.28 - c3 [30/Jun/2017:15:06:18 +0100] "GET /api/mpsl/monitor/smq/qlen.json HTTP/1.1" 200 122 "-" "curl/7.26.0" urt="0.008" 156 0.008
10.2.97.78 - c1.prd [30/Jun/2017:15:06:25 +0100] "POST /api/mpsl/oco/10.1.128.20/1/4/4/2.xml HTTP/1.1" 201 162 "-" "BW-HTTPClient/5.4" urt="0.055" 679 0.056
10.2.97.78 - c1.prd [30/Jun/2017:15:06:40 +0100] "POST /api/mpsl/ou/10.1.136.20/1/1/14/2.xml HTTP/1.1" 201 155 "-" "BW-HTTPClient/5.4" urt="0.096" 539 0.098
10.1.1.28 - c3 [30/Jun/2017:15:06:47 +0100] "GET /api/mpsl/monitor/smq/qlen.json HTTP/1.1" 200 122 "-" "curl/7.26.0" urt="0.009" 156 0.009
10.1.1.28 - c3 [30/Jun/2017:15:07:17 +0100] "GET /api/mpsl/monitor/smq/qlen.json HTTP/1.1" 200 122 "-" "curl/7.26.0" urt="0.009" 156 0.009
10.1.1.28 - c3 [30/Jun/2017:15:07:47 +0100] "GET /api/mpsl/monitor/smq/qlen.json HTTP/1.1" 200 122 "-" "curl/7.26.0" urt="0.009" 156 0.009
10.2.97.79 - c1.prd [30/Jun/2017:15:07:57 +0100] "POST /api/mpsl/ou/10.1.114.20/1/1/12/2.xml HTTP/1.1" 201 156 "-" "BW-HTTPClient/5.4" urt="0.038" 539 0.039
10.1.1.28 - c3 [30/Jun/2017:15:08:18 +0100] "GET /api/mpsl/monitor/smq/qlen.json HTTP/1.1" 200 122 "-" "curl/7.26.0" urt="0.010" 156 0.010
10.2.97.79 - c1.prd [30/Jun/2017:15:08:46 +0100] "GET /api/mpsl/cv/10.1.130.20/1/1/9/13.xml HTTP/1.1" 200 1391 "-" "BW-HTTPClient/5.4" urt="6.506" 465 6.508
10.1.1.28 - c3 [30/Jun/2017:15:08:47 +0100] "GET /api/mpsl/monitor/smq/qlen.json HTTP/1.1" 200 122 "-" "curl/7.26.0" urt="0.009" 156 0.009
10.2.97.78 - c1.prd [30/Jun/2017:15:08:48 +0100] "GET /api/mpsl/goo/10.1.133.20/1/6/12/0.xml?no_http_errors=1 HTTP/1.1" 200 1008 "-" "BW-HTTPClient/5.4" urt="2.588" 384 2.590
10.2.97.79 - c1.prd [30/Jun/2017:15:08:48 +0100] "GET /api/mpsl/goo/10.1.130.20/1/1/9/13.xml?no_http_errors=1 HTTP/1.1" 200 1008 "-" "BW-HTTPClient/5.4" urt="2.650" 384 2.651
10.2.97.78 - c1.prd [30/Jun/2017:15:09:03 +0100] "GET /api/mpsl/got2/10.1.160.20/1/3/13/5.xml?no_http_errors=1 HTTP/1.1" 200 1180 "-" "BW-HTTPClient/5.4" urt="6.147" 384 6.148
10.1.1.28 - c3 [30/Jun/2017:15:09:17 +0100] "GET /api/mpsl/monitor/smq/qlen.json HTTP/1.1" 200 122 "-" "curl/7.26.0" urt="0.009" 156 0.009
10.2.97.79 - c1.prd [30/Jun/2017:15:09:38 +0100] "GET /api/mpsl/goo/10.1.115.20/1/2/9/21.xml?no_http_errors=1 HTTP/1.1" 200 1007 "-" "BW-HTTPClient/5.4" urt="2.670" 384 2.671
10.1.1.28 - c3 [30/Jun/2017:15:09:47 +0100] "GET /api/mpsl/monitor/smq/qlen.json HTTP/1.1" 200 122 "-" "curl/7.26.0" urt="0.009" 156 0.009
10.2.97.78 - c1.prd [30/Jun/2017:15:09:49 +0100] "GET /api/mpsl/goo/10.1.112.20/1/1/3/30.xml?no_http_errors=1 HTTP/1.1" 200 1005 "-" "BW-HTTPClient/5.4" urt="3.069" 384 3.070
10.1.1.28 - c3 [30/Jun/2017:15:10:17 +0100] "GET /api/mpsl/monitor/smq/qlen.json HTTP/1.1" 200 122 "-" "curl/7.26.0" urt="0.008" 156 0.008
10.1.1.28 - c3 [30/Jun/2017:15:10:35 +0100] "GET /api/mpsl/monitor/smq/qlen.json HTTP/1.1" 200 122 "-" "curl/7.26.0" urt="0.009" 156 0.009
10.1.1.28 - c3 [30/Jun/2017:15:10:49 +0100] "GET /api/mpsl/monitor/smq/qlen.json HTTP/1.1" 200 122 "-" "curl/7.26.0" urt="0.009" 156 0.009
10.2.97.78 - c1.prd [30/Jun/2017:15:10:53 +0100] "POST /api/mpsl/com/10.1.126.20/1/3/5/32.xml HTTP/1.1" 201 166 "-" "BW-HTTPClient/5.4" urt="0.166" 685 0.167
10.2.97.79 - c1.prd [30/Jun/2017:15:11:02 +0100] "GET /api/mpsl/goo/10.1.130.20/1/1/9/13.xml?no_http_errors=1 HTTP/1.1" 200 1007 "-" "BW-HTTPClient/5.4" urt="3.721" 384 3.723
10.2.97.78 - c1.prd [30/Jun/2017:15:11:09 +0100] "GET /api/mpsl/got2/10.1.134.20/1/2/0/13.xml?no_http_errors=1 HTTP/1.1" 200 1179 "-" "BW-HTTPClient/5.4" urt="2.984" 384 2.986
10.2.97.79 - c1.prd [30/Jun/2017:15:11:14 +0100] "GET /api/mpsl/got2/10.1.161.20/1/7/5/6.xml?no_http_errors=1 HTTP/1.1" 200 1179 "-" "BW-HTTPClient/5.4" urt="4.614" 383 4.616
10.1.1.28 - c3 [30/Jun/2017:15:11:18 +0100] "GET /api/mpsl/monitor/smq/qlen.json HTTP/1.1" 200 122 "-" "curl/7.26.0" urt="0.010" 156 0.010
10.1.1.28 - c3 [30/Jun/2017:15:11:47 +0100] "GET /api/mpsl/monitor/smq/qlen.json HTTP/1.1" 200 122 "-" "curl/7.26.0" urt="0.010" 156 0.010
10.2.97.78 - c1.prd [30/Jun/2017:15:12:09 +0100] "GET /api/mpsl/goo/10.1.125.20/1/7/2/30.xml?no_http_errors=1 HTTP/1.1" 200 1008 "-" "BW-HTTPClient/5.4" urt="12.994" 384 12.996
10.2.97.79 - c1.prd [30/Jun/2017:15:12:15 +0100] "POST /api/mpsl/oco/10.1.134.20/1/2/0/13.xml HTTP/1.1" 201 162 "-" "BW-HTTPClient/5.4" urt="0.049" 680 0.051
10.1.1.28 - c3 [30/Jun/2017:15:12:17 +0100] "GET /api/mpsl/monitor/smq/qlen.json HTTP/1.1" 200 122 "-" "curl/7.26.0" urt="0.009" 156 0.009
10.2.97.79 - c1.prd [30/Jun/2017:15:12:20 +0100] "GET /api/mpsl/got2/10.1.168.20/1/1/0/0.xml?no_http_errors=1 HTTP/1.1" 200 1153 "-" "BW-HTTPClient/5.4" urt="6.740" 383 6.742
10.2.97.78 - c1.prd [30/Jun/2017:15:12:25 +0100] "GET /api/mpsl/got2/10.1.161.20/1/7/5/6.xml?no_http_errors=1 HTTP/1.1" 200 1180 "-" "BW-HTTPClient/5.4" urt="3.469" 383 3.471
10.1.1.28 - c3 [30/Jun/2017:15:12:48 +0100] "GET /api/mpsl/monitor/smq/qlen.json HTTP/1.1" 200 122 "-" "curl/7.26.0" urt="0.010" 156 0.010
10.5.47.221 - c2_prd [30/Jun/2017:15:13:09 +0100] "GET /api/mpsl/got2/10.5.4.66/1/1/10/6.json HTTP/1.1" 200 690 "-" "GuzzleHttp/6.2.1 curl/7.38.0 PHP/5.6.24-0+deb8u1" urt="3.090" 203 3.090
10.5.47.221 - c2_prd [30/Jun/2017:15:13:12 +0100] "GET /api/mpsl/gops/10.5.4.66/1/1/10/6.json HTTP/1.1" 200 567 "-" "GuzzleHttp/6.2.1 curl/7.38.0 PHP/5.6.24-0+deb8u1" urt="2.605" 207 2.605
10.2.97.79 - c1.prd [30/Jun/2017:15:13:15 +0100] "GET /api/mpsl/got2/10.1.133.20/1/4/15/3.xml?no_http_errors=1 HTTP/1.1" 200 1180 "-" "BW-HTTPClient/5.4" urt="6.087" 384 6.088
10.1.1.28 - c3 [30/Jun/2017:15:13:18 +0100] "GET /api/mpsl/monitor/smq/qlen.json HTTP/1.1" 200 122 "-" "curl/7.26.0" urt="0.009" 156 0.009
10.2.97.78 - c1.prd [30/Jun/2017:15:13:18 +0100] "GET /api/mpsl/got2/10.1.163.20/1/6/0/1.xml?no_http_errors=1 HTTP/1.1" 200 1153 "-" "BW-HTTPClient/5.4" urt="2.958" 383 2.960
10.1.1.28 - c3 [30/Jun/2017:15:13:47 +0100] "GET /api/mpsl/monitor/smq/qlen.json HTTP/1.1" 200 122 "-" "curl/7.26.0" urt="0.010" 156 0.010
10.1.1.28 - c3 [30/Jun/2017:15:14:17 +0100] "GET /api/mpsl/monitor/smq/qlen.json HTTP/1.1" 200 122 "-" "curl/7.26.0" urt="0.009" 156 0.009
10.2.97.79 - c1.prd [30/Jun/2017:15:14:24 +0100] "GET /api/mpsl/goo/10.1.126.20/1/3/5/32.xml?no_http_errors=1 HTTP/1.1" 200 981 "-" "BW-HTTPClient/5.4" urt="2.477" 384 2.478
10.2.97.79 - c1.prd [30/Jun/2017:15:14:27 +0100] "GET /api/mpsl/goo/10.1.126.20/1/3/5/32.xml?no_http_errors=1 HTTP/1.1" 200 981 "-" "BW-HTTPClient/5.4" urt="-" 384 0.002
10.2.97.78 - c1.prd [30/Jun/2017:15:14:29 +0100] "GET /api/mpsl/goo/10.1.170.20/1/5/4/2.xml?no_http_errors=1 HTTP/1.1" 200 1008 "-" "BW-HTTPClient/5.4" urt="2.652" 383 2.654
10.2.97.78 - c1.prd [30/Jun/2017:15:14:32 +0100] "GET /api/mpsl/goo/10.1.126.20/1/3/5/32.xml?no_http_errors=1 HTTP/1.1" 200 981 "-" "BW-HTTPClient/5.4" urt="-" 384 0.001
10.2.97.78 - c1.prd [30/Jun/2017:15:14:34 +0100] "POST /api/mpsl/ou/10.1.161.20/1/4/7/3.xml HTTP/1.1" 201 156 "-" "BW-HTTPClient/5.4" urt="0.080" 537 0.081
10.2.97.79 - c1.prd [30/Jun/2017:15:14:39 +0100] "GET /api/mpsl/got2/10.138.132.38/1/1/2/2.xml?no_http_errors=1 HTTP/1.1" 200 1153 "-" "BW-HTTPClient/5.4" urt="2.920" 383 2.922
10.1.1.28 - c3 [30/Jun/2017:15:14:48 +0100] "GET /api/mpsl/monitor/smq/qlen.json HTTP/1.1" 200 122 "-" "curl/7.26.0" urt="0.009" 156 0.009
10.2.97.78 - c1.prd [30/Jun/2017:15:15:09 +0100] "GET /api/mpsl/got2/10.1.173.20/1/1/4/24.xml?no_http_errors=1 HTTP/1.1" 200 1155 "-" "BW-HTTPClient/5.4" urt="3.094" 384 3.096
10.1.1.28 - c3 [30/Jun/2017:15:15:17 +0100] "GET /api/mpsl/monitor/smq/qlen.json HTTP/1.1" 200 122 "-" "curl/7.26.0" urt="0.009" 156 0.009
10.1.1.28 - c3 [30/Jun/2017:15:15:34 +0100] "GET /api/mpsl/monitor/smq/qlen.json HTTP/1.1" 200 122 "-" "curl/7.26.0" urt="0.010" 156 0.010
10.1.1.28 - c3 [30/Jun/2017:15:15:48 +0100] "GET /api/mpsl/monitor/smq/qlen.json HTTP/1.1" 200 122 "-" "curl/7.26.0" urt="0.009" 156 0.009
10.2.97.78 - c1.prd [30/Jun/2017:15:16:06 +0100] "GET /api/mpsl/cv/10.1.115.20/1/2/10/6.xml HTTP/1.1" 200 1391 "-" "BW-HTTPClient/5.4" urt="6.041" 465 6.047
10.2.97.79 - c1.prd [30/Jun/2017:15:16:09 +0100] "GET /api/mpsl/goo/10.1.115.20/1/2/10/6.xml?no_http_errors=1 HTTP/1.1" 200 1008 "-" "BW-HTTPClient/5.4" urt="2.576" 384 2.578
10.1.1.28 - c3 [30/Jun/2017:15:16:18 +0100] "GET /api/mpsl/monitor/smq/qlen.json HTTP/1.1" 200 122 "-" "curl/7.26.0" urt="0.010" 156 0.010
10.1.1.28 - c3 [30/Jun/2017:15:16:47 +0100] "GET /api/mpsl/monitor/smq/qlen.json HTTP/1.1" 200 122 "-" "curl/7.26.0" urt="0.010" 156 0.010
10.2.97.78 - c1.prd [30/Jun/2017:15:16:59 +0100] "GET /api/mpsl/goo/10.1.170.20/1/5/4/2.xml?no_http_errors=1 HTTP/1.1" 200 1008 "-" "BW-HTTPClient/5.4" urt="2.708" 383 2.710
10.2.97.78 - c1.prd [30/Jun/2017:15:17:01 +0100] "POST /api/mpsl/oco/10.1.173.20/1/1/14/12.xml HTTP/1.1" 201 162 "-" "BW-HTTPClient/5.4" urt="0.066" 681 0.067
10.1.1.28 - c3 [30/Jun/2017:15:17:17 +0100] "GET /api/mpsl/monitor/smq/qlen.json HTTP/1.1" 200 122 "-" "curl/7.26.0" urt="0.010" 156 0.010
10.2.97.79 - c1.prd [30/Jun/2017:15:17:20 +0100] "POST /api/mpsl/ou/10.1.169.20/1/2/14/43.xml HTTP/1.1" 201 156 "-" "BW-HTTPClient/5.4" urt="0.040" 540 0.042
10.2.97.79 - c1.prd [30/Jun/2017:15:17:34 +0100] "POST /api/mpsl/oc/10.1.127.20/1/4/2/9.xml HTTP/1.1" 201 157 "-" "BW-HTTPClient/5.4" urt="0.069" 684 0.070
10.1.1.28 - c3 [30/Jun/2017:15:17:48 +0100] "GET /api/mpsl/monitor/smq/qlen.json HTTP/1.1" 200 122 "-" "curl/7.26.0" urt="0.009" 156 0.009
10.1.1.28 - c3 [30/Jun/2017:15:18:18 +0100] "GET /api/mpsl/monitor/smq/qlen.json HTTP/1.1" 200 122 "-" "curl/7.26.0" urt="0.009" 156 0.009
10.1.1.28 - c3 [30/Jun/2017:15:18:48 +0100] "GET /api/mpsl/monitor/smq/qlen.json HTTP/1.1" 200 122 "-" "curl/7.26.0" urt="0.010" 156 0.010
10.2.97.79 - c1.prd [30/Jun/2017:15:18:54 +0100] "GET /api/mpsl/cv/10.1.162.20/1/2/14/8.xml HTTP/1.1" 200 1391 "-" "BW-HTTPClient/5.4" urt="6.085" 465 6.087
10.2.97.79 - c1.prd [30/Jun/2017:15:18:56 +0100] "GET /api/mpsl/goo/10.1.162.20/1/2/14/8.xml?no_http_errors=1 HTTP/1.1" 200 1007 "-" "BW-HTTPClient/5.4" urt="2.588" 384 2.590
10.1.1.28 - c3 [30/Jun/2017:15:19:17 +0100] "GET /api/mpsl/monitor/smq/qlen.json HTTP/1.1" 200 122 "-" "curl/7.26.0" urt="0.009" 156 0.009
10.1.1.28 - c3 [30/Jun/2017:15:19:48 +0100] "GET /api/mpsl/monitor/smq/qlen.json HTTP/1.1" 200 122 "-" "curl/7.26.0" urt="0.011" 156 0.011
